Archive member included to satisfy reference by file (symbol)

c:/st/stm32cubeide_1.9.0/stm32cubeide/plugins/com.st.stm32cube.ide.mcu.externaltools.gnu-tools-for-stm32.10.3-2021.10.win32_1.0.0.202111181127/tools/bin/../lib/gcc/arm-none-eabi/10.3.1/../../../../arm-none-eabi/lib/thumb/v7-m/nofp\libc_nano.a(lib_a-errno.o)
                              ./Core/Src/syscalls.o (__errno)
c:/st/stm32cubeide_1.9.0/stm32cubeide/plugins/com.st.stm32cube.ide.mcu.externaltools.gnu-tools-for-stm32.10.3-2021.10.win32_1.0.0.202111181127/tools/bin/../lib/gcc/arm-none-eabi/10.3.1/../../../../arm-none-eabi/lib/thumb/v7-m/nofp\libc_nano.a(lib_a-exit.o)
                              c:/st/stm32cubeide_1.9.0/stm32cubeide/plugins/com.st.stm32cube.ide.mcu.externaltools.gnu-tools-for-stm32.10.3-2021.10.win32_1.0.0.202111181127/tools/bin/../lib/gcc/arm-none-eabi/10.3.1/../../../../arm-none-eabi/lib/thumb/v7-m/nofp/crt0.o (exit)
c:/st/stm32cubeide_1.9.0/stm32cubeide/plugins/com.st.stm32cube.ide.mcu.externaltools.gnu-tools-for-stm32.10.3-2021.10.win32_1.0.0.202111181127/tools/bin/../lib/gcc/arm-none-eabi/10.3.1/../../../../arm-none-eabi/lib/thumb/v7-m/nofp\libc_nano.a(lib_a-impure.o)
                              c:/st/stm32cubeide_1.9.0/stm32cubeide/plugins/com.st.stm32cube.ide.mcu.externaltools.gnu-tools-for-stm32.10.3-2021.10.win32_1.0.0.202111181127/tools/bin/../lib/gcc/arm-none-eabi/10.3.1/../../../../arm-none-eabi/lib/thumb/v7-m/nofp\libc_nano.a(lib_a-exit.o) (_global_impure_ptr)
c:/st/stm32cubeide_1.9.0/stm32cubeide/plugins/com.st.stm32cube.ide.mcu.externaltools.gnu-tools-for-stm32.10.3-2021.10.win32_1.0.0.202111181127/tools/bin/../lib/gcc/arm-none-eabi/10.3.1/../../../../arm-none-eabi/lib/thumb/v7-m/nofp\libc_nano.a(lib_a-init.o)
                              c:/st/stm32cubeide_1.9.0/stm32cubeide/plugins/com.st.stm32cube.ide.mcu.externaltools.gnu-tools-for-stm32.10.3-2021.10.win32_1.0.0.202111181127/tools/bin/../lib/gcc/arm-none-eabi/10.3.1/../../../../arm-none-eabi/lib/thumb/v7-m/nofp/crt0.o (__libc_init_array)
c:/st/stm32cubeide_1.9.0/stm32cubeide/plugins/com.st.stm32cube.ide.mcu.externaltools.gnu-tools-for-stm32.10.3-2021.10.win32_1.0.0.202111181127/tools/bin/../lib/gcc/arm-none-eabi/10.3.1/../../../../arm-none-eabi/lib/thumb/v7-m/nofp\libc_nano.a(lib_a-memset.o)
                              c:/st/stm32cubeide_1.9.0/stm32cubeide/plugins/com.st.stm32cube.ide.mcu.externaltools.gnu-tools-for-stm32.10.3-2021.10.win32_1.0.0.202111181127/tools/bin/../lib/gcc/arm-none-eabi/10.3.1/../../../../arm-none-eabi/lib/thumb/v7-m/nofp/crt0.o (memset)
c:/st/stm32cubeide_1.9.0/stm32cubeide/plugins/com.st.stm32cube.ide.mcu.externaltools.gnu-tools-for-stm32.10.3-2021.10.win32_1.0.0.202111181127/tools/bin/../lib/gcc/arm-none-eabi/10.3.1/../../../../arm-none-eabi/lib/thumb/v7-m/nofp\libc_nano.a(lib_a-vsnprintf.o)
                              ./Core/Src/uart_print.o (vsnprintf)
c:/st/stm32cubeide_1.9.0/stm32cubeide/plugins/com.st.stm32cube.ide.mcu.externaltools.gnu-tools-for-stm32.10.3-2021.10.win32_1.0.0.202111181127/tools/bin/../lib/gcc/arm-none-eabi/10.3.1/../../../../arm-none-eabi/lib/thumb/v7-m/nofp\libc_nano.a(lib_a-nano-svfprintf.o)
                              c:/st/stm32cubeide_1.9.0/stm32cubeide/plugins/com.st.stm32cube.ide.mcu.externaltools.gnu-tools-for-stm32.10.3-2021.10.win32_1.0.0.202111181127/tools/bin/../lib/gcc/arm-none-eabi/10.3.1/../../../../arm-none-eabi/lib/thumb/v7-m/nofp\libc_nano.a(lib_a-vsnprintf.o) (_svfprintf_r)
c:/st/stm32cubeide_1.9.0/stm32cubeide/plugins/com.st.stm32cube.ide.mcu.externaltools.gnu-tools-for-stm32.10.3-2021.10.win32_1.0.0.202111181127/tools/bin/../lib/gcc/arm-none-eabi/10.3.1/../../../../arm-none-eabi/lib/thumb/v7-m/nofp\libc_nano.a(lib_a-nano-vfprintf_i.o)
                              c:/st/stm32cubeide_1.9.0/stm32cubeide/plugins/com.st.stm32cube.ide.mcu.externaltools.gnu-tools-for-stm32.10.3-2021.10.win32_1.0.0.202111181127/tools/bin/../lib/gcc/arm-none-eabi/10.3.1/../../../../arm-none-eabi/lib/thumb/v7-m/nofp\libc_nano.a(lib_a-nano-svfprintf.o) (_printf_i)
c:/st/stm32cubeide_1.9.0/stm32cubeide/plugins/com.st.stm32cube.ide.mcu.externaltools.gnu-tools-for-stm32.10.3-2021.10.win32_1.0.0.202111181127/tools/bin/../lib/gcc/arm-none-eabi/10.3.1/../../../../arm-none-eabi/lib/thumb/v7-m/nofp\libc_nano.a(lib_a-memchr-stub.o)
                              c:/st/stm32cubeide_1.9.0/stm32cubeide/plugins/com.st.stm32cube.ide.mcu.externaltools.gnu-tools-for-stm32.10.3-2021.10.win32_1.0.0.202111181127/tools/bin/../lib/gcc/arm-none-eabi/10.3.1/../../../../arm-none-eabi/lib/thumb/v7-m/nofp\libc_nano.a(lib_a-nano-svfprintf.o) (memchr)
c:/st/stm32cubeide_1.9.0/stm32cubeide/plugins/com.st.stm32cube.ide.mcu.externaltools.gnu-tools-for-stm32.10.3-2021.10.win32_1.0.0.202111181127/tools/bin/../lib/gcc/arm-none-eabi/10.3.1/../../../../arm-none-eabi/lib/thumb/v7-m/nofp\libc_nano.a(lib_a-memcpy-stub.o)
[...]
Memory Configuration

Name             Origin             Length             Attributes
RAM              0x0000000020000000 0x000000000000c000 xrw
FLASH            0x0000000008000000 0x0000000000040000 xr
*default*        0x0000000000000000 0xffffffffffffffff

Linker script and memory map

LOAD c:/st/stm32cubeide_1.9.0/stm32cubeide/plugins/com.st.stm32cube.ide.mcu.externaltools.gnu-tools-for-stm32.10.3-2021.10.win32_1.0.0.202111181127/tools/bin/../lib/gcc/arm-none-eabi/10.3.1/thumb/v7-m/nofp/crti.o
LOAD c:/st/stm32cubeide_1.9.0/stm32cubeide/plugins/com.st.stm32cube.ide.mcu.externaltools.gnu-tools-for-stm32.10.3-2021.10.win32_1.0.0.202111181127/tools/bin/../lib/gcc/arm-none-eabi/10.3.1/thumb/v7-m/nofp/crtbegin.o
LOAD c:/st/stm32cubeide_1.9.0/stm32cubeide/plugins/com.st.stm32cube.ide.mcu.externaltools.gnu-tools-for-stm32.10.3-2021.10.win32_1.0.0.202111181127/tools/bin/../lib/gcc/arm-none-eabi/10.3.1/../../../../arm-none-eabi/lib/thumb/v7-m/nofp/crt0.o
LOAD ./Core/Src/CRC16.o
LOAD ./Core/Src/FRAME_PARSE.o
LOAD ./Core/Src/dev_act_hdl.o
LOAD ./Core/Src/main.o
LOAD ./Core/Src/max30102.o
LOAD ./Core/Src/spo2_algorithm.o
LOAD ./Core/Src/stm32f1xx_hal_msp.o
LOAD ./Core/Src/stm32f1xx_it.o
LOAD ./Core/Src/syscalls.o
LOAD ./Core/Src/sysmem.o
LOAD ./Core/Src/system_stm32f1xx.o
LOAD ./Core/Src/uart_imp.o
LOAD ./Core/Src/uart_print.o
LOAD ./Core/Startup/startup_stm32f103rctx.o
LOAD ./Drivers/STM32F1xx_HAL_Driver/Src/stm32f1xx_hal.o
LOAD ./Drivers/STM32F1xx_HAL_Driver/Src/stm32f1xx_hal_cortex.o
LOAD ./Drivers/STM32F1xx_HAL_Driver/Src/stm32f1xx_hal_dma.o
LOAD ./Drivers/STM32F1xx_HAL_Driver/Src/stm32f1xx_hal_exti.o
LOAD ./Drivers/STM32F1xx_HAL_Driver/Src/stm32f1xx_hal_flash.o
LOAD ./Drivers/STM32F1xx_HAL_Driver/Src/stm32f1xx_hal_flash_ex.o
LOAD ./Drivers/STM32F1xx_HAL_Driver/Src/stm32f1xx_hal_gpio.o
LOAD ./Drivers/STM32F1xx_HAL_Driver/Src/stm32f1xx_hal_gpio_ex.o
LOAD ./Drivers/STM32F1xx_HAL_Driver/Src/stm32f1xx_hal_i2c.o
LOAD ./Drivers/STM32F1xx_HAL_Driver/Src/stm32f1xx_hal_pwr.o
LOAD ./Drivers/STM32F1xx_HAL_Driver/Src/stm32f1xx_hal_rcc.o
LOAD ./Drivers/STM32F1xx_HAL_Driver/Src/stm32f1xx_hal_rcc_ex.o
LOAD ./Drivers/STM32F1xx_HAL_Driver/Src/stm32f1xx_hal_tim.o
LOAD ./Drivers/STM32F1xx_HAL_Driver/Src/stm32f1xx_hal_tim_ex.o
LOAD ./Drivers/STM32F1xx_HAL_Driver/Src/stm32f1xx_hal_uart.o
START GROUP
LOAD c:/st/stm32cubeide_1.9.0/stm32cubeide/plugins/com.st.stm32cube.ide.mcu.externaltools.gnu-tools-for-stm32.10.3-2021.10.win32_1.0.0.202111181127/tools/bin/../lib/gcc/arm-none-eabi/10.3.1/../../../../arm-none-eabi/lib/thumb/v7-m/nofp\libc_nano.a
LOAD c:/st/stm32cubeide_1.9.0/stm32cubeide/plugins/com.st.stm32cube.ide.mcu.externaltools.gnu-tools-for-stm32.10.3-2021.10.win32_1.0.0.202111181127/tools/bin/../lib/gcc/arm-none-eabi/10.3.1/../../../../arm-none-eabi/lib/thumb/v7-m/nofp\libm.a
END GROUP
START GROUP
LOAD c:/st/stm32cubeide_1.9.0/stm32cubeide/plugins/com.st.stm32cube.ide.mcu.externaltools.gnu-tools-for-stm32.10.3-2021.10.win32_1.0.0.202111181127/tools/bin/../lib/gcc/arm-none-eabi/10.3.1/thumb/v7-m/nofp\libgcc.a
LOAD c:/st/stm32cubeide_1.9.0/stm32cubeide/plugins/com.st.stm32cube.ide.mcu.externaltools.gnu-tools-for-stm32.10.3-2021.10.win32_1.0.0.202111181127/tools/bin/../lib/gcc/arm-none-eabi/10.3.1/../../../../arm-none-eabi/lib/thumb/v7-m/nofp\libc_nano.a
END GROUP
START GROUP
LOAD c:/st/stm32cubeide_1.9.0/stm32cubeide/plugins/com.st.stm32cube.ide.mcu.externaltools.gnu-tools-for-stm32.10.3-2021.10.win32_1.0.0.202111181127/tools/bin/../lib/gcc/arm-none-eabi/10.3.1/thumb/v7-m/nofp\libgcc.a
LOAD c:/st/stm32cubeide_1.9.0/stm32cubeide/plugins/com.st.stm32cube.ide.mcu.externaltools.gnu-tools-for-stm32.10.3-2021.10.win32_1.0.0.202111181127/tools/bin/../lib/gcc/arm-none-eabi/10.3.1/../../../../arm-none-eabi/lib/thumb/v7-m/nofp\libc_nano.a
LOAD c:/st/stm32cubeide_1.9.0/stm32cubeide/plugins/com.st.stm32cube.ide.mcu.externaltools.gnu-tools-for-stm32.10.3-2021.10.win32_1.0.0.202111181127/tools/bin/../lib/gcc/arm-none-eabi/10.3.1/../../../../arm-none-eabi/lib/thumb/v7-m/nofp\libnosys.a
END GROUP
START GROUP
LOAD c:/st/stm32cubeide_1.9.0/stm32cubeide/plugins/com.st.stm32cube.ide.mcu.externaltools.gnu-tools-for-stm32.10.3-2021.10.win32_1.0.0.202111181127/tools/bin/../lib/gcc/arm-none-eabi/10.3.1/thumb/v7-m/nofp\libgcc.a
LOAD c:/st/stm32cubeide_1.9.0/stm32cubeide/plugins/com.st.stm32cube.ide.mcu.externaltools.gnu-tools-for-stm32.10.3-2021.10.win32_1.0.0.202111181127/tools/bin/../lib/gcc/arm-none-eabi/10.3.1/../../../../arm-none-eabi/lib/thumb/v7-m/nofp\libc_nano.a
LOAD c:/st/stm32cubeide_1.9.0/stm32cubeide/plugins/com.st.stm32cube.ide.mcu.externaltools.gnu-tools-for-stm32.10.3-2021.10.win32_1.0.0.202111181127/tools/bin/../lib/gcc/arm-none-eabi/10.3.1/../../../../arm-none-eabi/lib/thumb/v7-m/nofp\libnosys.a
END GROUP
LOAD c:/st/stm32cubeide_1.9.0/stm32cubeide/plugins/com.st.stm32cube.ide.mcu.externaltools.gnu-tools-for-stm32.10.3-2021.10.win32_1.0.0.202111181127/tools/bin/../lib/gcc/arm-none-eabi/10.3.1/thumb/v7-m/nofp/crtend.o
LOAD c:/st/stm32cubeide_1.9.0/stm32cubeide/plugins/com.st.stm32cube.ide.mcu.externaltools.gnu-tools-for-stm32.10.3-2021.10.win32_1.0.0.202111181127/tools/bin/../lib/gcc/arm-none-eabi/10.3.1/thumb/v7-m/nofp/crtn.o
                0x000000002000c000                _estack = (ORIGIN (RAM) + LENGTH (RAM))
                0x0000000000000200                _Min_Heap_Size = 0x200
                0x0000000000000400                _Min_Stack_Size = 0x400

.isr_vector     0x0000000008000000      0x1e4
                0x0000000008000000                . = ALIGN (0x4)
 *(.isr_vector)
 .isr_vector    0x0000000008000000      0x1e4 ./Core/Startup/startup_stm32f103rctx.o
                0x0000000008000000                g_pfnVectors
                0x00000000080001e4                . = ALIGN (0x4)

.text           0x00000000080001e4     0x593c
                0x00000000080001e4                . = ALIGN (0x4)
 *(.text)
 .text          0x00000000080001e4       0x40 c:/st/stm32cubeide_1.9.0/stm32cubeide/plugins/com.st.stm32cube.ide.mcu.externaltools.gnu-tools-for-stm32.10.3-2021.10.win32_1.0.0.202111181127/tools/bin/../lib/gcc/arm-none-eabi/10.3.1/thumb/v7-m/nofp/crtbegin.o
 *(.text*)
 .text.Compute_CRC16
                0x0000000008000224       0x60 ./Core/Src/CRC16.o
                0x0000000008000224                Compute_CRC16
 .text.DectModHandler
                0x0000000008000284       0x4c ./Core/Src/FRAME_PARSE.o
                0x0000000008000284                DectModHandler
 .text.FP_Init  0x00000000080002d0       0x34 ./Core/Src/FRAME_PARSE.o
                0x00000000080002d0                FP_Init
 .text.HandleFPStatusFail
                0x0000000008000304       0x16 ./Core/Src/FRAME_PARSE.o
                0x0000000008000304                HandleFPStatusFail
 .text.FP_CheckCRC
                0x000000000800031a       0x48 ./Core/Src/FRAME_PARSE.o
                0x000000000800031a                FP_CheckCRC
 *fill*         0x0000000008000362        0x2 
 .text.ParseFrameHandler
                0x0000000008000364      0x168 ./Core/Src/FRAME_PARSE.o
                0x0000000008000364                ParseFrameHandler
 .text.HandlerDeviceAction
                0x00000000080004cc      0x128 ./Core/Src/dev_act_hdl.o
                0x00000000080004cc                HandlerDeviceAction
 .text.HandleDeviceSendFrame
                0x00000000080005f4      0x1ac ./Core/Src/dev_act_hdl.o
                0x00000000080005f4                HandleDeviceSendFrame
 .text.HAL_UART_RxCpltCallback
                0x00000000080007a0       0x58 ./Core/Src/main.o
                0x00000000080007a0                HAL_UART_RxCpltCallback
 .text.Handle_UART_FP
                0x00000000080007f8       0x4c ./Core/Src/main.o
                0x00000000080007f8                Handle_UART_FP
 .text.main     0x0000000008000844      0x2c4 ./Core/Src/main.o
                0x0000000008000844                main
 .text.SystemClock_Config
                0x0000000008000b08       0x8a ./Core/Src/main.o
                0x0000000008000b08                SystemClock_Config
 *fill*         0x0000000008000b92        0x2 
 .text.MX_I2C2_Init
                0x0000000008000b94       0x5c ./Core/Src/main.o
 .text.MX_UART4_Init
                0x0000000008000bf0       0x54 ./Core/Src/main.o
 .text.MX_USART1_UART_Init
                0x0000000008000c44       0x54 ./Core/Src/main.o
 .text.MX_GPIO_Init
                0x0000000008000c98       0xdc ./Core/Src/main.o
 .text.Error_Handler
                0x0000000008000d74        0xa ./Core/Src/main.o
                0x0000000008000d74                Error_Handler
 .text.I2C_WriteBuffer
                0x0000000008000d7e       0x46 ./Core/Src/max30102.o
                0x0000000008000d7e                I2C_WriteBuffer
 .text.I2C_ReadBuffer
                0x0000000008000dc4       0x46 ./Core/Src/max30102.o
                0x0000000008000dc4                I2C_ReadBuffer
 .text.MAX30105_Init
                0x0000000008000e0a       0x1a ./Core/Src/max30102.o
                0x0000000008000e0a                MAX30105_Init
 .text.MAX30105_readPartID
                0x0000000008000e24       0x20 ./Core/Src/max30102.o
                0x0000000008000e24                MAX30105_readPartID
 .text.MAX30105_begin
                0x0000000008000e44       0x36 ./Core/Src/max30102.o
                0x0000000008000e44                MAX30105_begin
 .text.MAX30105_getRed
                0x0000000008000e7a       0x32 ./Core/Src/max30102.o
                0x0000000008000e7a                MAX30105_getRed
 .text.MAX30105_getIR
                0x0000000008000eac       0x32 ./Core/Src/max30102.o
                0x0000000008000eac                MAX30105_getIR
 .text.MAX30105_safeCheck
                0x0000000008000ede       0x46 ./Core/Src/max30102.o
                0x0000000008000ede                MAX30105_safeCheck
 .text.MAX30105_softReset
                0x0000000008000f24       0x56 ./Core/Src/max30102.o
                0x0000000008000f24                MAX30105_softReset
 .text.MAX30105_setLEDMode
                0x0000000008000f7a       0x20 ./Core/Src/max30102.o
                0x0000000008000f7a                MAX30105_setLEDMode
 .text.MAX30105_setADCRange
                0x0000000008000f9a       0x20 ./Core/Src/max30102.o
                0x0000000008000f9a                MAX30105_setADCRange
 .text.MAX30105_setSampleRate
                0x0000000008000fba       0x20 ./Core/Src/max30102.o
                0x0000000008000fba                MAX30105_setSampleRate
 .text.MAX30105_setPulseWidth
                0x0000000008000fda       0x20 ./Core/Src/max30102.o
                0x0000000008000fda                MAX30105_setPulseWidth
 .text.MAX30105_setPulseAmplitudeRed
                0x0000000008000ffa       0x22 ./Core/Src/max30102.o
                0x0000000008000ffa                MAX30105_setPulseAmplitudeRed
 .text.MAX30105_setPulseAmplitudeIR
                0x000000000800101c       0x22 ./Core/Src/max30102.o
                0x000000000800101c                MAX30105_setPulseAmplitudeIR
 .text.MAX30105_setPulseAmplitudeGreen
                0x000000000800103e       0x22 ./Core/Src/max30102.o
                0x000000000800103e                MAX30105_setPulseAmplitudeGreen
 .text.MAX30105_setPulseAmplitudeProximity
                0x0000000008001060       0x22 ./Core/Src/max30102.o
                0x0000000008001060                MAX30105_setPulseAmplitudeProximity
 *fill*         0x0000000008001082        0x2 
 .text.MAX30105_enableSlot
                0x0000000008001084       0x7c ./Core/Src/max30102.o
                0x0000000008001084                MAX30105_enableSlot
 .text.MAX30105_setFIFOAverage
                0x0000000008001100       0x20 ./Core/Src/max30102.o
                0x0000000008001100                MAX30105_setFIFOAverage
 .text.MAX30105_enableFIFORollover
                0x0000000008001120       0x1c ./Core/Src/max30102.o
                0x0000000008001120                MAX30105_enableFIFORollover
 .text.MAX30105_check
                0x000000000800113c      0x268 ./Core/Src/max30102.o
                0x000000000800113c                MAX30105_check
 .text.MAX30105_available
                0x00000000080013a4       0x36 ./Core/Src/max30102.o
                0x00000000080013a4                MAX30105_available
 .text.MAX30105_nextSample
                0x00000000080013da       0x3e ./Core/Src/max30102.o
                0x00000000080013da                MAX30105_nextSample
 .text.MAX30105_getWritePointer
                0x0000000008001418       0x20 ./Core/Src/max30102.o
                0x0000000008001418                MAX30105_getWritePointer
 .text.MAX30105_getReadPointer
                0x0000000008001438       0x20 ./Core/Src/max30102.o
                0x0000000008001438                MAX30105_getReadPointer
 .text.MAX30105_clearFIFO
                0x0000000008001458       0x3a ./Core/Src/max30102.o
                0x0000000008001458                MAX30105_clearFIFO
 .text.MAX30105_readRegister8
                0x0000000008001492       0x50 ./Core/Src/max30102.o
                0x0000000008001492                MAX30105_readRegister8
 .text.MAX30105_writeRegister8
                0x00000000080014e2       0x38 ./Core/Src/max30102.o
                0x00000000080014e2                MAX30105_writeRegister8
 .text.MAX30105_readRevisionID
                0x000000000800151a       0x26 ./Core/Src/max30102.o
                0x000000000800151a                MAX30105_readRevisionID
 .text.MAX30105_bitMask
                0x0000000008001540       0x62 ./Core/Src/max30102.o
                0x0000000008001540                MAX30105_bitMask
 .text.MAX30105_setup
                0x00000000080015a2      0x28e ./Core/Src/max30102.o
                0x00000000080015a2                MAX30105_setup
 .text.maxim_heart_rate_and_oxygen_saturation
                0x0000000008001830      0x618 ./Core/Src/spo2_algorithm.o
                0x0000000008001830                maxim_heart_rate_and_oxygen_saturation
 .text.maxim_find_peaks
                0x0000000008001e48       0x42 ./Core/Src/spo2_algorithm.o
                0x0000000008001e48                maxim_find_peaks
 .text.maxim_peaks_above_min_height
                0x0000000008001e8a       0xe6 ./Core/Src/spo2_algorithm.o
                0x0000000008001e8a                maxim_peaks_above_min_height
 .text.maxim_remove_close_peaks
                0x0000000008001f70       0xc0 ./Core/Src/spo2_algorithm.o
                0x0000000008001f70                maxim_remove_close_peaks
 .text.maxim_sort_ascend
                0x0000000008002030       0x84 ./Core/Src/spo2_algorithm.o
                0x0000000008002030                maxim_sort_ascend
 .text.maxim_sort_indices_descend
                0x00000000080020b4       0x96 ./Core/Src/spo2_algorithm.o
                0x00000000080020b4                maxim_sort_indices_descend
 *fill*         0x000000000800214a        0x2 
 .text.HAL_MspInit
                0x000000000800214c       0x64 ./Core/Src/stm32f1xx_hal_msp.o
                0x000000000800214c                HAL_MspInit
 .text.HAL_I2C_MspInit
                0x00000000080021b0       0x80 ./Core/Src/stm32f1xx_hal_msp.o
                0x00000000080021b0                HAL_I2C_MspInit
 .text.HAL_UART_MspInit
                0x0000000008002230      0x13c ./Core/Src/stm32f1xx_hal_msp.o
                0x0000000008002230                HAL_UART_MspInit
 .text.NMI_Handler
                0x000000000800236c        0x6 ./Core/Src/stm32f1xx_it.o
                0x000000000800236c                NMI_Handler
 .text.HardFault_Handler
                0x0000000008002372        0x6 ./Core/Src/stm32f1xx_it.o
                0x0000000008002372                HardFault_Handler
 .text.MemManage_Handler
                0x0000000008002378        0x6 ./Core/Src/stm32f1xx_it.o
                0x0000000008002378                MemManage_Handler
 .text.BusFault_Handler
                0x000000000800237e        0x6 ./Core/Src/stm32f1xx_it.o
                0x000000000800237e                BusFault_Handler
 .text.UsageFault_Handler
                0x0000000008002384        0x6 ./Core/Src/stm32f1xx_it.o
                0x0000000008002384                UsageFault_Handler
 .text.SVC_Handler
                0x000000000800238a        0xc ./Core/Src/stm32f1xx_it.o
                0x000000000800238a                SVC_Handler
 .text.DebugMon_Handler
                0x0000000008002396        0xc ./Core/Src/stm32f1xx_it.o
                0x0000000008002396                DebugMon_Handler
 .text.PendSV_Handler
                0x00000000080023a2        0xc ./Core/Src/stm32f1xx_it.o
                0x00000000080023a2                PendSV_Handler
 .text.SysTick_Handler
                0x00000000080023ae        0xc ./Core/Src/stm32f1xx_it.o
                0x00000000080023ae                SysTick_Handler
 .text.EXTI15_10_IRQHandler
                0x00000000080023ba       0x10 ./Core/Src/stm32f1xx_it.o
                0x00000000080023ba                EXTI15_10_IRQHandler
 *fill*         0x00000000080023ca        0x2 
 .text.UART4_IRQHandler
                0x00000000080023cc       0x14 ./Core/Src/stm32f1xx_it.o
                0x00000000080023cc                UART4_IRQHandler
 .text._sbrk    0x00000000080023e0       0x6c ./Core/Src/sysmem.o
                0x00000000080023e0                _sbrk
 .text.SystemInit
                0x000000000800244c        0xc ./Core/Src/system_stm32f1xx.o
                0x000000000800244c                SystemInit
 .text._getchar
                0x0000000008002458       0x58 ./Core/Src/uart_imp.o
                0x0000000008002458                _getchar
 .text.USART_Init
                0x00000000080024b0       0x1a ./Core/Src/uart_print.o
                0x00000000080024b0                USART_Init
 .text.UART_sendByte
                0x00000000080024ca       0x22 ./Core/Src/uart_print.o
                0x00000000080024ca                UART_sendByte
 .text.USART_sendChar
                0x00000000080024ec       0x1e ./Core/Src/uart_print.o
                0x00000000080024ec                USART_sendChar
 .text.USART_put
                0x000000000800250a       0x30 ./Core/Src/uart_print.o
                0x000000000800250a                USART_put
 *fill*         0x000000000800253a        0x2 
 .text.USART_Transmit
                0x000000000800253c       0x3c ./Core/Src/uart_print.o
                0x000000000800253c                USART_Transmit
 .text.Reset_Handler
                0x0000000008002578       0x48 ./Core/Startup/startup_stm32f103rctx.o
                0x0000000008002578                Reset_Handler
 .text.Default_Handler
                0x00000000080025c0        0x2 ./Core/Startup/startup_stm32f103rctx.o
                0x00000000080025c0                RTC_Alarm_IRQHandler
                0x00000000080025c0                EXTI2_IRQHandler
                0x00000000080025c0                TIM8_TRG_COM_IRQHandler
                0x00000000080025c0                TIM8_CC_IRQHandler
                0x00000000080025c0                TIM1_CC_IRQHandler
                0x00000000080025c0                TIM6_IRQHandler
                0x00000000080025c0                PVD_IRQHandler
                0x00000000080025c0                SDIO_IRQHandler
                0x00000000080025c0                EXTI3_IRQHandler
                0x00000000080025c0                EXTI0_IRQHandler
                0x00000000080025c0                I2C2_EV_IRQHandler
                0x00000000080025c0                ADC1_2_IRQHandler
                0x00000000080025c0                SPI1_IRQHandler
                0x00000000080025c0                TAMPER_IRQHandler
                0x00000000080025c0                TIM8_UP_IRQHandler
                0x00000000080025c0                DMA2_Channel2_IRQHandler
                0x00000000080025c0                DMA1_Channel4_IRQHandler
                0x00000000080025c0                USART3_IRQHandler
                0x00000000080025c0                RTC_IRQHandler
                0x00000000080025c0                DMA1_Channel7_IRQHandler
                0x00000000080025c0                CAN1_RX1_IRQHandler
                0x00000000080025c0                UART5_IRQHandler
                0x00000000080025c0                ADC3_IRQHandler
                0x00000000080025c0                TIM4_IRQHandler
                0x00000000080025c0                DMA2_Channel1_IRQHandler
                0x00000000080025c0                I2C1_EV_IRQHandler
                0x00000000080025c0                DMA1_Channel6_IRQHandler
                0x00000000080025c0                TIM3_IRQHandler
                0x00000000080025c0                RCC_IRQHandler
                0x00000000080025c0                TIM1_TRG_COM_IRQHandler
                0x00000000080025c0                DMA1_Channel1_IRQHandler
                0x00000000080025c0                Default_Handler
                0x00000000080025c0                TIM7_IRQHandler
                0x00000000080025c0                TIM5_IRQHandler
                0x00000000080025c0                EXTI9_5_IRQHandler
                0x00000000080025c0                SPI2_IRQHandler
                0x00000000080025c0                DMA1_Channel5_IRQHandler
                0x00000000080025c0                EXTI4_IRQHandler
                0x00000000080025c0                USB_LP_CAN1_RX0_IRQHandler
                0x00000000080025c0                USB_HP_CAN1_TX_IRQHandler
                0x00000000080025c0                DMA1_Channel3_IRQHandler
                0x00000000080025c0                FSMC_IRQHandler
                0x00000000080025c0                TIM1_UP_IRQHandler
                0x00000000080025c0                WWDG_IRQHandler
                0x00000000080025c0                TIM2_IRQHandler
                0x00000000080025c0                TIM1_BRK_IRQHandler
                0x00000000080025c0                EXTI1_IRQHandler
                0x00000000080025c0                DMA2_Channel4_5_IRQHandler
                0x00000000080025c0                USART2_IRQHandler
                0x00000000080025c0                I2C2_ER_IRQHandler
                0x00000000080025c0                DMA1_Channel2_IRQHandler
                0x00000000080025c0                TIM8_BRK_IRQHandler
                0x00000000080025c0                CAN1_SCE_IRQHandler
                0x00000000080025c0                FLASH_IRQHandler
                0x00000000080025c0                USART1_IRQHandler
                0x00000000080025c0                SPI3_IRQHandler
                0x00000000080025c0                I2C1_ER_IRQHandler
                0x00000000080025c0                USBWakeUp_IRQHandler
                0x00000000080025c0                DMA2_Channel3_IRQHandler
 *fill*         0x00000000080025c2        0x2 
 .text.HAL_Init
                0x00000000080025c4       0x2c ./Drivers/STM32F1xx_HAL_Driver/Src/stm32f1xx_hal.o
                0x00000000080025c4                HAL_Init
 .text.HAL_InitTick
                0x00000000080025f0       0x60 ./Drivers/STM32F1xx_HAL_Driver/Src/stm32f1xx_hal.o
                0x00000000080025f0                HAL_InitTick
 .text.HAL_IncTick
                0x0000000008002650       0x24 ./Drivers/STM32F1xx_HAL_Driver/Src/stm32f1xx_hal.o
                0x0000000008002650                HAL_IncTick
 .text.HAL_GetTick
                0x0000000008002674       0x14 ./Drivers/STM32F1xx_HAL_Driver/Src/stm32f1xx_hal.o
                0x0000000008002674                HAL_GetTick
 .text.HAL_Delay
                0x0000000008002688       0x48 ./Drivers/STM32F1xx_HAL_Driver/Src/stm32f1xx_hal.o
                0x0000000008002688                HAL_Delay
 .text.__NVIC_SetPriorityGrouping
                0x00000000080026d0       0x48 ./Drivers/STM32F1xx_HAL_Driver/Src/stm32f1xx_hal_cortex.o
 .text.__NVIC_GetPriorityGrouping
                0x0000000008002718       0x1c ./Drivers/STM32F1xx_HAL_Driver/Src/stm32f1xx_hal_cortex.o
 .text.__NVIC_EnableIRQ
                0x0000000008002734       0x38 ./Drivers/STM32F1xx_HAL_Driver/Src/stm32f1xx_hal_cortex.o
 .text.__NVIC_SetPriority
                0x000000000800276c       0x54 ./Drivers/STM32F1xx_HAL_Driver/Src/stm32f1xx_hal_cortex.o
 .text.NVIC_EncodePriority
                0x00000000080027c0       0x64 ./Drivers/STM32F1xx_HAL_Driver/Src/stm32f1xx_hal_cortex.o
 .text.SysTick_Config
                0x0000000008002824       0x44 ./Drivers/STM32F1xx_HAL_Driver/Src/stm32f1xx_hal_cortex.o
 .text.HAL_NVIC_SetPriorityGrouping
                0x0000000008002868       0x16 ./Drivers/STM32F1xx_HAL_Driver/Src/stm32f1xx_hal_cortex.o
                0x0000000008002868                HAL_NVIC_SetPriorityGrouping
 .text.HAL_NVIC_SetPriority
                0x000000000800287e       0x38 ./Drivers/STM32F1xx_HAL_Driver/Src/stm32f1xx_hal_cortex.o
                0x000000000800287e                HAL_NVIC_SetPriority
 .text.HAL_NVIC_EnableIRQ
                0x00000000080028b6       0x1c ./Drivers/STM32F1xx_HAL_Driver/Src/stm32f1xx_hal_cortex.o
                0x00000000080028b6                HAL_NVIC_EnableIRQ
 .text.HAL_SYSTICK_Config
                0x00000000080028d2       0x18 ./Drivers/STM32F1xx_HAL_Driver/Src/stm32f1xx_hal_cortex.o
                0x00000000080028d2                HAL_SYSTICK_Config
 .text.HAL_DMA_Abort
                0x00000000080028ea       0x74 ./Drivers/STM32F1xx_HAL_Driver/Src/stm32f1xx_hal_dma.o
                0x00000000080028ea                HAL_DMA_Abort
 *fill*         0x000000000800295e        0x2 
 .text.HAL_DMA_Abort_IT
                0x0000000008002960      0x210 ./Drivers/STM32F1xx_HAL_Driver/Src/stm32f1xx_hal_dma.o
                0x0000000008002960                HAL_DMA_Abort_IT
 .text.HAL_GPIO_Init
                0x0000000008002b70      0x328 ./Drivers/STM32F1xx_HAL_Driver/Src/stm32f1xx_hal_gpio.o
                0x0000000008002b70                HAL_GPIO_Init
 .text.HAL_GPIO_WritePin
                0x0000000008002e98       0x30 ./Drivers/STM32F1xx_HAL_Driver/Src/stm32f1xx_hal_gpio.o
                0x0000000008002e98                HAL_GPIO_WritePin
 .text.HAL_GPIO_EXTI_IRQHandler
                0x0000000008002ec8       0x30 ./Drivers/STM32F1xx_HAL_Driver/Src/stm32f1xx_hal_gpio.o
                0x0000000008002ec8                HAL_GPIO_EXTI_IRQHandler
 .text.HAL_GPIO_EXTI_Callback
                0x0000000008002ef8       0x14 ./Drivers/STM32F1xx_HAL_Driver/Src/stm32f1xx_hal_gpio.o
                0x0000000008002ef8                HAL_GPIO_EXTI_Callback
 .text.HAL_I2C_Init
                0x0000000008002f0c      0x288 ./Drivers/STM32F1xx_HAL_Driver/Src/stm32f1xx_hal_i2c.o
                0x0000000008002f0c                HAL_I2C_Init
 .text.HAL_I2C_Master_Transmit
                0x0000000008003194      0x1fc ./Drivers/STM32F1xx_HAL_Driver/Src/stm32f1xx_hal_i2c.o
                0x0000000008003194                HAL_I2C_Master_Transmit
 .text.HAL_I2C_Master_Receive
                0x0000000008003390      0x4c0 ./Drivers/STM32F1xx_HAL_Driver/Src/stm32f1xx_hal_i2c.o
                0x0000000008003390                HAL_I2C_Master_Receive
 .text.HAL_I2C_GetState
                0x0000000008003850       0x1a ./Drivers/STM32F1xx_HAL_Driver/Src/stm32f1xx_hal_i2c.o
                0x0000000008003850                HAL_I2C_GetState
 .text.HAL_I2C_GetError
                0x000000000800386a       0x16 ./Drivers/STM32F1xx_HAL_Driver/Src/stm32f1xx_hal_i2c.o
                0x000000000800386a                HAL_I2C_GetError
 .text.I2C_MasterRequestWrite
                0x0000000008003880      0x104 ./Drivers/STM32F1xx_HAL_Driver/Src/stm32f1xx_hal_i2c.o
 .text.I2C_MasterRequestRead
                0x0000000008003984      0x19c ./Drivers/STM32F1xx_HAL_Driver/Src/stm32f1xx_hal_i2c.o
 .text.I2C_WaitOnFlagUntilTimeout
                0x0000000008003b20       0xae ./Drivers/STM32F1xx_HAL_Driver/Src/stm32f1xx_hal_i2c.o
 .text.I2C_WaitOnMasterAddressFlagUntilTimeout
                0x0000000008003bce       0xfe ./Drivers/STM32F1xx_HAL_Driver/Src/stm32f1xx_hal_i2c.o
 .text.I2C_WaitOnTXEFlagUntilTimeout
                0x0000000008003ccc       0x82 ./Drivers/STM32F1xx_HAL_Driver/Src/stm32f1xx_hal_i2c.o
 .text.I2C_WaitOnBTFFlagUntilTimeout
                0x0000000008003d4e       0x82 ./Drivers/STM32F1xx_HAL_Driver/Src/stm32f1xx_hal_i2c.o
 .text.I2C_WaitOnRXNEFlagUntilTimeout
                0x0000000008003dd0       0xac ./Drivers/STM32F1xx_HAL_Driver/Src/stm32f1xx_hal_i2c.o
 .text.I2C_IsAcknowledgeFailed
                0x0000000008003e7c       0x5c ./Drivers/STM32F1xx_HAL_Driver/Src/stm32f1xx_hal_i2c.o
 .text.HAL_RCC_OscConfig
                0x0000000008003ed8      0x504 ./Drivers/STM32F1xx_HAL_Driver/Src/stm32f1xx_hal_rcc.o
                0x0000000008003ed8                HAL_RCC_OscConfig
 .text.HAL_RCC_ClockConfig
                0x00000000080043dc      0x1d4 ./Drivers/STM32F1xx_HAL_Driver/Src/stm32f1xx_hal_rcc.o
                0x00000000080043dc                HAL_RCC_ClockConfig
 .text.HAL_RCC_GetSysClockFreq
                0x00000000080045b0       0xbc ./Drivers/STM32F1xx_HAL_Driver/Src/stm32f1xx_hal_rcc.o
                0x00000000080045b0                HAL_RCC_GetSysClockFreq
 .text.HAL_RCC_GetHCLKFreq
                0x000000000800466c       0x14 ./Drivers/STM32F1xx_HAL_Driver/Src/stm32f1xx_hal_rcc.o
                0x000000000800466c                HAL_RCC_GetHCLKFreq
 .text.HAL_RCC_GetPCLK1Freq
                0x0000000008004680       0x28 ./Drivers/STM32F1xx_HAL_Driver/Src/stm32f1xx_hal_rcc.o
                0x0000000008004680                HAL_RCC_GetPCLK1Freq
 .text.HAL_RCC_GetPCLK2Freq
                0x00000000080046a8       0x28 ./Drivers/STM32F1xx_HAL_Driver/Src/stm32f1xx_hal_rcc.o
                0x00000000080046a8                HAL_RCC_GetPCLK2Freq
 .text.RCC_Delay
                0x00000000080046d0       0x3c ./Drivers/STM32F1xx_HAL_Driver/Src/stm32f1xx_hal_rcc.o
 .text.HAL_UART_Init
                0x000000000800470c       0x9a ./Drivers/STM32F1xx_HAL_Driver/Src/stm32f1xx_hal_uart.o
                0x000000000800470c                HAL_UART_Init
 .text.HAL_UART_Transmit
                0x00000000080047a6      0x124 ./Drivers/STM32F1xx_HAL_Driver/Src/stm32f1xx_hal_uart.o
                0x00000000080047a6                HAL_UART_Transmit
 .text.HAL_UART_Receive_IT
                0x00000000080048ca       0x60 ./Drivers/STM32F1xx_HAL_Driver/Src/stm32f1xx_hal_uart.o
                0x00000000080048ca                HAL_UART_Receive_IT
 *fill*         0x000000000800492a        0x2 
 .text.HAL_UART_IRQHandler
                0x000000000800492c      0x354 ./Drivers/STM32F1xx_HAL_Driver/Src/stm32f1xx_hal_uart.o
                0x000000000800492c                HAL_UART_IRQHandler
 .text.HAL_UART_TxCpltCallback
                0x0000000008004c80       0x12 ./Drivers/STM32F1xx_HAL_Driver/Src/stm32f1xx_hal_uart.o
                0x0000000008004c80                HAL_UART_TxCpltCallback
 .text.HAL_UART_ErrorCallback
                0x0000000008004c92       0x12 ./Drivers/STM32F1xx_HAL_Driver/Src/stm32f1xx_hal_uart.o
                0x0000000008004c92                HAL_UART_ErrorCallback
 .text.HAL_UARTEx_RxEventCallback
                0x0000000008004ca4       0x16 ./Drivers/STM32F1xx_HAL_Driver/Src/stm32f1xx_hal_uart.o
                0x0000000008004ca4                HAL_UARTEx_RxEventCallback
 .text.UART_WaitOnFlagUntilTimeout
                0x0000000008004cba       0x94 ./Drivers/STM32F1xx_HAL_Driver/Src/stm32f1xx_hal_uart.o
 .text.UART_Start_Receive_IT
                0x0000000008004d4e       0x72 ./Drivers/STM32F1xx_HAL_Driver/Src/stm32f1xx_hal_uart.o
                0x0000000008004d4e                UART_Start_Receive_IT
 .text.UART_EndRxTransfer
                0x0000000008004dc0       0x58 ./Drivers/STM32F1xx_HAL_Driver/Src/stm32f1xx_hal_uart.o
 .text.UART_DMAAbortOnError
                0x0000000008004e18       0x28 ./Drivers/STM32F1xx_HAL_Driver/Src/stm32f1xx_hal_uart.o
 .text.UART_Transmit_IT
                0x0000000008004e40       0x9e ./Drivers/STM32F1xx_HAL_Driver/Src/stm32f1xx_hal_uart.o
 .text.UART_EndTransmit_IT
                0x0000000008004ede       0x30 ./Drivers/STM32F1xx_HAL_Driver/Src/stm32f1xx_hal_uart.o
 .text.UART_Receive_IT
                0x0000000008004f0e      0x152 ./Drivers/STM32F1xx_HAL_Driver/Src/stm32f1xx_hal_uart.o
 .text.UART_SetConfig
                0x0000000008005060      0x11c ./Drivers/STM32F1xx_HAL_Driver/Src/stm32f1xx_hal_uart.o
 .text.__errno  0x000000000800517c        0xc c:/st/stm32cubeide_1.9.0/stm32cubeide/plugins/com.st.stm32cube.ide.mcu.externaltools.gnu-tools-for-stm32.10.3-2021.10.win32_1.0.0.202111181127/tools/bin/../lib/gcc/arm-none-eabi/10.3.1/../../../../arm-none-eabi/lib/thumb/v7-m/nofp\libc_nano.a(lib_a-errno.o)
                0x000000000800517c                __errno
 .text.__libc_init_array
                0x0000000008005188       0x48 c:/st/stm32cubeide_1.9.0/stm32cubeide/plugins/com.st.stm32cube.ide.mcu.externaltools.gnu-tools-for-stm32.10.3-2021.10.win32_1.0.0.202111181127/tools/bin/../lib/gcc/arm-none-eabi/10.3.1/../../../../arm-none-eabi/lib/thumb/v7-m/nofp\libc_nano.a(lib_a-init.o)
                0x0000000008005188                __libc_init_array
 .text.memset   0x00000000080051d0       0x10 c:/st/stm32cubeide_1.9.0/stm32cubeide/plugins/com.st.stm32cube.ide.mcu.externaltools.gnu-tools-for-stm32.10.3-2021.10.win32_1.0.0.202111181127/tools/bin/../lib/gcc/arm-none-eabi/10.3.1/../../../../arm-none-eabi/lib/thumb/v7-m/nofp\libc_nano.a(lib_a-memset.o)
                0x00000000080051d0                memset
 .text._vsnprintf_r
                0x00000000080051e0       0x56 c:/st/stm32cubeide_1.9.0/stm32cubeide/plugins/com.st.stm32cube.ide.mcu.externaltools.gnu-tools-for-stm32.10.3-2021.10.win32_1.0.0.202111181127/tools/bin/../lib/gcc/arm-none-eabi/10.3.1/../../../../arm-none-eabi/lib/thumb/v7-m/nofp\libc_nano.a(lib_a-vsnprintf.o)
                0x00000000080051e0                _vsniprintf_r
                0x00000000080051e0                _vsnprintf_r
 *fill*         0x0000000008005236        0x2 
 .text.vsnprintf
                0x0000000008005238       0x1c c:/st/stm32cubeide_1.9.0/stm32cubeide/plugins/com.st.stm32cube.ide.mcu.externaltools.gnu-tools-for-stm32.10.3-2021.10.win32_1.0.0.202111181127/tools/bin/../lib/gcc/arm-none-eabi/10.3.1/../../../../arm-none-eabi/lib/thumb/v7-m/nofp\libc_nano.a(lib_a-vsnprintf.o)
                0x0000000008005238                vsniprintf
                0x0000000008005238                vsnprintf
 .text.__ssputs_r
                0x0000000008005254       0xb6 c:/st/stm32cubeide_1.9.0/stm32cubeide/plugins/com.st.stm32cube.ide.mcu.externaltools.gnu-tools-for-stm32.10.3-2021.10.win32_1.0.0.202111181127/tools/bin/../lib/gcc/arm-none-eabi/10.3.1/../../../../arm-none-eabi/lib/thumb/v7-m/nofp\libc_nano.a(lib_a-nano-svfprintf.o)
                0x0000000008005254                __ssputs_r
 *fill*         0x000000000800530a        0x2 
 .text._svfprintf_r
                0x000000000800530c      0x200 c:/st/stm32cubeide_1.9.0/stm32cubeide/plugins/com.st.stm32cube.ide.mcu.externaltools.gnu-tools-for-stm32.10.3-2021.10.win32_1.0.0.202111181127/tools/bin/../lib/gcc/arm-none-eabi/10.3.1/../../../../arm-none-eabi/lib/thumb/v7-m/nofp\libc_nano.a(lib_a-nano-svfprintf.o)
                0x000000000800530c                _svfiprintf_r
                0x000000000800530c                _svfprintf_r
 .text._printf_common
                0x000000000800550c       0xde c:/st/stm32cubeide_1.9.0/stm32cubeide/plugins/com.st.stm32cube.ide.mcu.externaltools.gnu-tools-for-stm32.10.3-2021.10.win32_1.0.0.202111181127/tools/bin/../lib/gcc/arm-none-eabi/10.3.1/../../../../arm-none-eabi/lib/thumb/v7-m/nofp\libc_nano.a(lib_a-nano-vfprintf_i.o)
                0x000000000800550c                _printf_common
 *fill*         0x00000000080055ea        0x2 
 .text._printf_i
                0x00000000080055ec      0x24c c:/st/stm32cubeide_1.9.0/stm32cubeide/plugins/com.st.stm32cube.ide.mcu.externaltools.gnu-tools-for-stm32.10.3-2021.10.win32_1.0.0.202111181127/tools/bin/../lib/gcc/arm-none-eabi/10.3.1/../../../../arm-none-eabi/lib/thumb/v7-m/nofp\libc_nano.a(lib_a-nano-vfprintf_i.o)
                0x00000000080055ec                _printf_i
 .text.memchr   0x0000000008005838       0x1c c:/st/stm32cubeide_1.9.0/stm32cubeide/plugins/com.st.stm32cube.ide.mcu.externaltools.gnu-tools-for-stm32.10.3-2021.10.win32_1.0.0.202111181127/tools/bin/../lib/gcc/arm-none-eabi/10.3.1/../../../../arm-none-eabi/lib/thumb/v7-m/nofp\libc_nano.a(lib_a-memchr-stub.o)
                0x0000000008005838                memchr
 .text.memcpy   0x0000000008005854       0x1c c:/st/stm32cubeide_1.9.0/stm32cubeide/plugins/com.st.stm32cube.ide.mcu.externaltools.gnu-tools-for-stm32.10.3-2021.10.win32_1.0.0.202111181127/tools/bin/../lib/gcc/arm-none-eabi/10.3.1/../../../../arm-none-eabi/lib/thumb/v7-m/nofp\libc_nano.a(lib_a-memcpy-stub.o)
                0x0000000008005854                memcpy
 .text.memmove  0x0000000008005870       0x34 c:/st/stm32cubeide_1.9.0/stm32cubeide/plugins/com.st.stm32cube.ide.mcu.externaltools.gnu-tools-for-stm32.10.3-2021.10.win32_1.0.0.202111181127/tools/bin/../lib/gcc/arm-none-eabi/10.3.1/../../../../arm-none-eabi/lib/thumb/v7-m/nofp\libc_nano.a(lib_a-memmove.o)
                0x0000000008005870                memmove
 .text._free_r  0x00000000080058a4       0x90 c:/st/stm32cubeide_1.9.0/stm32cubeide/plugins/com.st.stm32cube.ide.mcu.externaltools.gnu-tools-for-stm32.10.3-2021.10.win32_1.0.0.202111181127/tools/bin/../lib/gcc/arm-none-eabi/10.3.1/../../../../arm-none-eabi/lib/thumb/v7-m/nofp\libc_nano.a(lib_a-nano-freer.o)
                0x00000000080058a4                _free_r
 .text.sbrk_aligned
                0x0000000008005934       0x40 c:/st/stm32cubeide_1.9.0/stm32cubeide/plugins/com.st.stm32cube.ide.mcu.externaltools.gnu-tools-for-stm32.10.3-2021.10.win32_1.0.0.202111181127/tools/bin/../lib/gcc/arm-none-eabi/10.3.1/../../../../arm-none-eabi/lib/thumb/v7-m/nofp\libc_nano.a(lib_a-nano-mallocr.o)
 .text._malloc_r
                0x0000000008005974       0xe8 c:/st/stm32cubeide_1.9.0/stm32cubeide/plugins/com.st.stm32cube.ide.mcu.externaltools.gnu-tools-for-stm32.10.3-2021.10.win32_1.0.0.202111181127/tools/bin/../lib/gcc/arm-none-eabi/10.3.1/../../../../arm-none-eabi/lib/thumb/v7-m/nofp\libc_nano.a(lib_a-nano-mallocr.o)
                0x0000000008005974                _malloc_r
 .text._realloc_r
                0x0000000008005a5c       0x5e c:/st/stm32cubeide_1.9.0/stm32cubeide/plugins/com.st.stm32cube.ide.mcu.externaltools.gnu-tools-for-stm32.10.3-2021.10.win32_1.0.0.202111181127/tools/bin/../lib/gcc/arm-none-eabi/10.3.1/../../../../arm-none-eabi/lib/thumb/v7-m/nofp\libc_nano.a(lib_a-nano-reallocr.o)
                0x0000000008005a5c                _realloc_r
 *fill*         0x0000000008005aba        0x2 
 .text._sbrk_r  0x0000000008005abc       0x20 c:/st/stm32cubeide_1.9.0/stm32cubeide/plugins/com.st.stm32cube.ide.mcu.externaltools.gnu-tools-for-stm32.10.3-2021.10.win32_1.0.0.202111181127/tools/bin/../lib/gcc/arm-none-eabi/10.3.1/../../../../arm-none-eabi/lib/thumb/v7-m/nofp\libc_nano.a(lib_a-sbrkr.o)
                0x0000000008005abc                _sbrk_r
 .text.__malloc_lock
                0x0000000008005adc        0xc c:/st/stm32cubeide_1.9.0/stm32cubeide/plugins/com.st.stm32cube.ide.mcu.externaltools.gnu-tools-for-stm32.10.3-2021.10.win32_1.0.0.202111181127/tools/bin/../lib/gcc/arm-none-eabi/10.3.1/../../../../arm-none-eabi/lib/thumb/v7-m/nofp\libc_nano.a(lib_a-mlock.o)
                0x0000000008005adc                __malloc_lock
 .text.__malloc_unlock
                0x0000000008005ae8        0xc c:/st/stm32cubeide_1.9.0/stm32cubeide/plugins/com.st.stm32cube.ide.mcu.externaltools.gnu-tools-for-stm32.10.3-2021.10.win32_1.0.0.202111181127/tools/bin/../lib/gcc/arm-none-eabi/10.3.1/../../../../arm-none-eabi/lib/thumb/v7-m/nofp\libc_nano.a(lib_a-mlock.o)
                0x0000000008005ae8                __malloc_unlock
 .text._malloc_usable_size_r
                0x0000000008005af4       0x10 c:/st/stm32cubeide_1.9.0/stm32cubeide/plugins/com.st.stm32cube.ide.mcu.externaltools.gnu-tools-for-stm32.10.3-2021.10.win32_1.0.0.202111181127/tools/bin/../lib/gcc/arm-none-eabi/10.3.1/../../../../arm-none-eabi/lib/thumb/v7-m/nofp\libc_nano.a(lib_a-nano-msizer.o)
                0x0000000008005af4                _malloc_usable_size_r
 .text.__retarget_lock_acquire_recursive
                0x0000000008005b04        0x2 c:/st/stm32cubeide_1.9.0/stm32cubeide/plugins/com.st.stm32cube.ide.mcu.externaltools.gnu-tools-for-stm32.10.3-2021.10.win32_1.0.0.202111181127/tools/bin/../lib/gcc/arm-none-eabi/10.3.1/../../../../arm-none-eabi/lib/thumb/v7-m/nofp\libc_nano.a(lib_a-lock.o)
                0x0000000008005b04                __retarget_lock_acquire_recursive
 .text.__retarget_lock_release_recursive
                0x0000000008005b06        0x2 c:/st/stm32cubeide_1.9.0/stm32cubeide/plugins/com.st.stm32cube.ide.mcu.externaltools.gnu-tools-for-stm32.10.3-2021.10.win32_1.0.0.202111181127/tools/bin/../lib/gcc/arm-none-eabi/10.3.1/../../../../arm-none-eabi/lib/thumb/v7-m/nofp\libc_nano.a(lib_a-lock.o)
                0x0000000008005b06                __retarget_lock_release_recursive
 *(.glue_7)
 .glue_7        0x0000000008005b08        0x0 linker stubs
 *(.glue_7t)
 .glue_7t       0x0000000008005b08        0x0 linker stubs
 *(.eh_frame)
 .eh_frame      0x0000000008005b08        0x0 c:/st/stm32cubeide_1.9.0/stm32cubeide/plugins/com.st.stm32cube.ide.mcu.externaltools.gnu-tools-for-stm32.10.3-2021.10.win32_1.0.0.202111181127/tools/bin/../lib/gcc/arm-none-eabi/10.3.1/thumb/v7-m/nofp/crtbegin.o
 *(.init)
 .init          0x0000000008005b08        0x4 c:/st/stm32cubeide_1.9.0/stm32cubeide/plugins/com.st.stm32cube.ide.mcu.externaltools.gnu-tools-for-stm32.10.3-2021.10.win32_1.0.0.202111181127/tools/bin/../lib/gcc/arm-none-eabi/10.3.1/thumb/v7-m/nofp/crti.o
                0x0000000008005b08                _init
 .init          0x0000000008005b0c        0x8 c:/st/stm32cubeide_1.9.0/stm32cubeide/plugins/com.st.stm32cube.ide.mcu.externaltools.gnu-tools-for-stm32.10.3-2021.10.win32_1.0.0.202111181127/tools/bin/../lib/gcc/arm-none-eabi/10.3.1/thumb/v7-m/nofp/crtn.o
 *(.fini)
 .fini          0x0000000008005b14        0x4 c:/st/stm32cubeide_1.9.0/stm32cubeide/plugins/com.st.stm32cube.ide.mcu.externaltools.gnu-tools-for-stm32.10.3-2021.10.win32_1.0.0.202111181127/tools/bin/../lib/gcc/arm-none-eabi/10.3.1/thumb/v7-m/nofp/crti.o
                0x0000000008005b14                _fini
 .fini          0x0000000008005b18        0x8 c:/st/stm32cubeide_1.9.0/stm32cubeide/plugins/com.st.stm32cube.ide.mcu.externaltools.gnu-tools-for-stm32.10.3-2021.10.win32_1.0.0.202111181127/tools/bin/../lib/gcc/arm-none-eabi/10.3.1/thumb/v7-m/nofp/crtn.o
                0x0000000008005b20                . = ALIGN (0x4)
                0x0000000008005b20                _etext = .

.vfp11_veneer   0x0000000008005b20        0x0
 .vfp11_veneer  0x0000000008005b20        0x0 linker stubs

.v4_bx          0x0000000008005b20        0x0
 .v4_bx         0x0000000008005b20        0x0 linker stubs

.iplt           0x0000000008005b20        0x0
 .iplt          0x0000000008005b20        0x0 c:/st/stm32cubeide_1.9.0/stm32cubeide/plugins/com.st.stm32cube.ide.mcu.externaltools.gnu-tools-for-stm32.10.3-2021.10.win32_1.0.0.202111181127/tools/bin/../lib/gcc/arm-none-eabi/10.3.1/thumb/v7-m/nofp/crtbegin.o

.rodata         0x0000000008005b20      0x184
                0x0000000008005b20                . = ALIGN (0x4)
 *(.rodata)
 .rodata        0x0000000008005b20       0x14 ./Core/Src/dev_act_hdl.o
 .rodata        0x0000000008005b34       0x59 ./Core/Src/main.o
 *fill*         0x0000000008005b8d        0x3 
 .rodata        0x0000000008005b90       0x10 ./Drivers/STM32F1xx_HAL_Driver/Src/stm32f1xx_hal_rcc.o
 *(.rodata*)
 .rodata.uch_spo2_table
                0x0000000008005ba0       0xb8 ./Core/Src/spo2_algorithm.o
 .rodata.AHBPrescTable
                0x0000000008005c58       0x10 ./Core/Src/system_stm32f1xx.o
                0x0000000008005c58                AHBPrescTable
 .rodata.APBPrescTable
                0x0000000008005c68        0x8 ./Core/Src/system_stm32f1xx.o
                0x0000000008005c68                APBPrescTable
 .rodata._svfprintf_r.str1.1
                0x0000000008005c70       0x11 c:/st/stm32cubeide_1.9.0/stm32cubeide/plugins/com.st.stm32cube.ide.mcu.externaltools.gnu-tools-for-stm32.10.3-2021.10.win32_1.0.0.202111181127/tools/bin/../lib/gcc/arm-none-eabi/10.3.1/../../../../arm-none-eabi/lib/thumb/v7-m/nofp\libc_nano.a(lib_a-nano-svfprintf.o)
 .rodata._printf_i.str1.1
                0x0000000008005c81       0x22 c:/st/stm32cubeide_1.9.0/stm32cubeide/plugins/com.st.stm32cube.ide.mcu.externaltools.gnu-tools-for-stm32.10.3-2021.10.win32_1.0.0.202111181127/tools/bin/../lib/gcc/arm-none-eabi/10.3.1/../../../../arm-none-eabi/lib/thumb/v7-m/nofp\libc_nano.a(lib_a-nano-vfprintf_i.o)
                0x0000000008005ca4                . = ALIGN (0x4)
 *fill*         0x0000000008005ca3        0x1 

.rel.dyn        0x0000000008005ca4        0x0
 .rel.iplt      0x0000000008005ca4        0x0 c:/st/stm32cubeide_1.9.0/stm32cubeide/plugins/com.st.stm32cube.ide.mcu.externaltools.gnu-tools-for-stm32.10.3-2021.10.win32_1.0.0.202111181127/tools/bin/../lib/gcc/arm-none-eabi/10.3.1/thumb/v7-m/nofp/crtbegin.o

.ARM.extab      0x0000000008005ca4        0x0
                0x0000000008005ca4                . = ALIGN (0x4)
 *(.ARM.extab* .gnu.linkonce.armextab.*)
                0x0000000008005ca4                . = ALIGN (0x4)

.ARM            0x0000000008005ca4        0x0
                0x0000000008005ca4                . = ALIGN (0x4)
                0x0000000008005ca4                __exidx_start = .
 *(.ARM.exidx*)
                0x0000000008005ca4                __exidx_end = .
                0x0000000008005ca4                . = ALIGN (0x4)

.preinit_array  0x0000000008005ca4        0x0
                0x0000000008005ca4                . = ALIGN (0x4)
                0x0000000008005ca4                PROVIDE (__preinit_array_start = .)
 *(.preinit_array*)
                0x0000000008005ca4                PROVIDE (__preinit_array_end = .)
                0x0000000008005ca4                . = ALIGN (0x4)

.init_array     0x0000000008005ca4        0x4
                0x0000000008005ca4                . = ALIGN (0x4)
                0x0000000008005ca4                PROVIDE (__init_array_start = .)
 *(SORT_BY_NAME(.init_array.*))
 *(.init_array*)
 .init_array    0x0000000008005ca4        0x4 c:/st/stm32cubeide_1.9.0/stm32cubeide/plugins/com.st.stm32cube.ide.mcu.externaltools.gnu-tools-for-stm32.10.3-2021.10.win32_1.0.0.202111181127/tools/bin/../lib/gcc/arm-none-eabi/10.3.1/thumb/v7-m/nofp/crtbegin.o
                0x0000000008005ca8                PROVIDE (__init_array_end = .)
                0x0000000008005ca8                . = ALIGN (0x4)

.fini_array     0x0000000008005ca8        0x4
                0x0000000008005ca8                . = ALIGN (0x4)
                [!provide]                        PROVIDE (__fini_array_start = .)
 *(SORT_BY_NAME(.fini_array.*))
 *(.fini_array*)
 .fini_array    0x0000000008005ca8        0x4 c:/st/stm32cubeide_1.9.0/stm32cubeide/plugins/com.st.stm32cube.ide.mcu.externaltools.gnu-tools-for-stm32.10.3-2021.10.win32_1.0.0.202111181127/tools/bin/../lib/gcc/arm-none-eabi/10.3.1/thumb/v7-m/nofp/crtbegin.o
                [!provide]                        PROVIDE (__fini_array_end = .)
                0x0000000008005cac                . = ALIGN (0x4)
                0x0000000008005cac                _sidata = LOADADDR (.data)

.data           0x0000000020000000      0x274 load address 0x0000000008005cac
                0x0000000020000000                . = ALIGN (0x4)
                0x0000000020000000                _sdata = .
 *(.data)
 *(.data*)
 .data.crctable16
                0x0000000020000000      0x200 ./Core/Src/CRC16.o
                0x0000000020000000                crctable16
 .data.FP_HEADER
                0x0000000020000200        0x4 ./Core/Src/FRAME_PARSE.o
                0x0000000020000200                FP_HEADER
 .data.SystemCoreClock
                0x0000000020000204        0x4 ./Core/Src/system_stm32f1xx.o
                0x0000000020000204                SystemCoreClock
 .data.uwTickPrio
                0x0000000020000208        0x4 ./Drivers/STM32F1xx_HAL_Driver/Src/stm32f1xx_hal.o
                0x0000000020000208                uwTickPrio
 .data.uwTickFreq
                0x000000002000020c        0x1 ./Drivers/STM32F1xx_HAL_Driver/Src/stm32f1xx_hal.o
                0x000000002000020c                uwTickFreq
 *fill*         0x000000002000020d        0x3 
 .data._impure_ptr
                0x0000000020000210        0x4 c:/st/stm32cubeide_1.9.0/stm32cubeide/plugins/com.st.stm32cube.ide.mcu.externaltools.gnu-tools-for-stm32.10.3-2021.10.win32_1.0.0.202111181127/tools/bin/../lib/gcc/arm-none-eabi/10.3.1/../../../../arm-none-eabi/lib/thumb/v7-m/nofp\libc_nano.a(lib_a-impure.o)
                0x0000000020000210                _impure_ptr
 .data.impure_data
                0x0000000020000214       0x60 c:/st/stm32cubeide_1.9.0/stm32cubeide/plugins/com.st.stm32cube.ide.mcu.externaltools.gnu-tools-for-stm32.10.3-2021.10.win32_1.0.0.202111181127/tools/bin/../lib/gcc/arm-none-eabi/10.3.1/../../../../arm-none-eabi/lib/thumb/v7-m/nofp\libc_nano.a(lib_a-impure.o)
 *(.RamFunc)
 *(.RamFunc*)
                0x0000000020000274                . = ALIGN (0x4)
                0x0000000020000274                _edata = .

.igot.plt       0x0000000020000274        0x0 load address 0x0000000008005f20
 .igot.plt      0x0000000020000274        0x0 c:/st/stm32cubeide_1.9.0/stm32cubeide/plugins/com.st.stm32cube.ide.mcu.externaltools.gnu-tools-for-stm32.10.3-2021.10.win32_1.0.0.202111181127/tools/bin/../lib/gcc/arm-none-eabi/10.3.1/thumb/v7-m/nofp/crtbegin.o
                0x0000000020000274                . = ALIGN (0x4)

.bss            0x0000000020000274      0xc28 load address 0x0000000008005f20
                0x0000000020000274                _sbss = .
                0x0000000020000274                __bss_start__ = _sbss
 *(.bss)
 .bss           0x0000000020000274       0x1c c:/st/stm32cubeide_1.9.0/stm32cubeide/plugins/com.st.stm32cube.ide.mcu.externaltools.gnu-tools-for-stm32.10.3-2021.10.win32_1.0.0.202111181127/tools/bin/../lib/gcc/arm-none-eabi/10.3.1/thumb/v7-m/nofp/crtbegin.o
 *(.bss*)
 .bss.hi2c2     0x0000000020000290       0x54 ./Core/Src/main.o
                0x0000000020000290                hi2c2
 .bss.huart4    0x00000000200002e4       0x44 ./Core/Src/main.o
                0x00000000200002e4                huart4
 .bss.huart1    0x0000000020000328       0x44 ./Core/Src/main.o
                0x0000000020000328                huart1
 .bss.receive_data
                0x000000002000036c        0x1 ./Core/Src/main.o
                0x000000002000036c                receive_data
 *fill*         0x000000002000036d        0x3 
 .bss.FrameParse
                0x0000000020000370      0x109 ./Core/Src/main.o
                0x0000000020000370                FrameParse
 *fill*         0x0000000020000479        0x3 
 .bss.particleSensor
                0x000000002000047c       0x3c ./Core/Src/main.o
                0x000000002000047c                particleSensor
 .bss.USART_handler
                0x00000000200004b8        0x4 ./Core/Src/main.o
                0x00000000200004b8                USART_handler
 .bss.irBuffer  0x00000000200004bc       0xc8 ./Core/Src/main.o
                0x00000000200004bc                irBuffer
 .bss.redBuffer
                0x0000000020000584       0xc8 ./Core/Src/main.o
                0x0000000020000584                redBuffer
 .bss.spo2      0x000000002000064c        0x4 ./Core/Src/main.o
                0x000000002000064c                spo2
 .bss.validSPO2
                0x0000000020000650        0x1 ./Core/Src/main.o
                0x0000000020000650                validSPO2
 *fill*         0x0000000020000651        0x3 
 .bss.heartRate
                0x0000000020000654        0x4 ./Core/Src/main.o
                0x0000000020000654                heartRate
 .bss.validHeartRate
                0x0000000020000658        0x1 ./Core/Src/main.o
                0x0000000020000658                validHeartRate
 .bss.startToCalculate
                0x0000000020000659        0x1 ./Core/Src/main.o
                0x0000000020000659                startToCalculate
 *fill*         0x000000002000065a        0x2 
 .bss.an_x      0x000000002000065c      0x190 ./Core/Src/spo2_algorithm.o
 .bss.an_y      0x00000000200007ec      0x190 ./Core/Src/spo2_algorithm.o
 .bss.__sbrk_heap_end
                0x000000002000097c        0x4 ./Core/Src/sysmem.o
 .bss.RxBuf     0x0000000020000980      0x400 ./Core/Src/uart_imp.o
                0x0000000020000980                RxBuf
 .bss.RxHead    0x0000000020000d80        0x4 ./Core/Src/uart_imp.o
                0x0000000020000d80                RxHead
 .bss.RxTail    0x0000000020000d84        0x4 ./Core/Src/uart_imp.o
                0x0000000020000d84                RxTail
 .bss.buffer.0  0x0000000020000d88      0x100 ./Core/Src/uart_print.o
 .bss.uwTick    0x0000000020000e88        0x4 ./Drivers/STM32F1xx_HAL_Driver/Src/stm32f1xx_hal.o
                0x0000000020000e88                uwTick
 .bss.__malloc_free_list
                0x0000000020000e8c        0x4 c:/st/stm32cubeide_1.9.0/stm32cubeide/plugins/com.st.stm32cube.ide.mcu.externaltools.gnu-tools-for-stm32.10.3-2021.10.win32_1.0.0.202111181127/tools/bin/../lib/gcc/arm-none-eabi/10.3.1/../../../../arm-none-eabi/lib/thumb/v7-m/nofp\libc_nano.a(lib_a-nano-mallocr.o)
                0x0000000020000e8c                __malloc_free_list
 .bss.__malloc_sbrk_start
                0x0000000020000e90        0x4 c:/st/stm32cubeide_1.9.0/stm32cubeide/plugins/com.st.stm32cube.ide.mcu.externaltools.gnu-tools-for-stm32.10.3-2021.10.win32_1.0.0.202111181127/tools/bin/../lib/gcc/arm-none-eabi/10.3.1/../../../../arm-none-eabi/lib/thumb/v7-m/nofp\libc_nano.a(lib_a-nano-mallocr.o)
                0x0000000020000e90                __malloc_sbrk_start
 .bss.errno     0x0000000020000e94        0x4 c:/st/stm32cubeide_1.9.0/stm32cubeide/plugins/com.st.stm32cube.ide.mcu.externaltools.gnu-tools-for-stm32.10.3-2021.10.win32_1.0.0.202111181127/tools/bin/../lib/gcc/arm-none-eabi/10.3.1/../../../../arm-none-eabi/lib/thumb/v7-m/nofp\libc_nano.a(lib_a-reent.o)
                0x0000000020000e94                errno
 .bss.__lock___malloc_recursive_mutex
                0x0000000020000e98        0x1 c:/st/stm32cubeide_1.9.0/stm32cubeide/plugins/com.st.stm32cube.ide.mcu.externaltools.gnu-tools-for-stm32.10.3-2021.10.win32_1.0.0.202111181127/tools/bin/../lib/gcc/arm-none-eabi/10.3.1/../../../../arm-none-eabi/lib/thumb/v7-m/nofp\libc_nano.a(lib_a-lock.o)
                0x0000000020000e98                __lock___malloc_recursive_mutex
 *(COMMON)
                0x0000000020000e9c                . = ALIGN (0x4)
 *fill*         0x0000000020000e99        0x3 
                0x0000000020000e9c                _ebss = .
                0x0000000020000e9c                __bss_end__ = _ebss

._user_heap_stack
                0x0000000020000e9c      0x604 load address 0x0000000008005f20
                0x0000000020000ea0                . = ALIGN (0x8)
 *fill*         0x0000000020000e9c        0x4 
                [!provide]                        PROVIDE (end = .)
                0x0000000020000ea0                PROVIDE (_end = .)
                0x00000000200010a0                . = (. + _Min_Heap_Size)
 *fill*         0x0000000020000ea0      0x200 
                0x00000000200014a0                . = (. + _Min_Stack_Size)
 *fill*         0x00000000200010a0      0x400 
                0x00000000200014a0                . = ALIGN (0x8)

/DISCARD/
 libc.a(*)
 libm.a(*)
 libgcc.a(*)

.ARM.attributes
                0x0000000000000000       0x29
 *(.ARM.attributes)
 .ARM.attributes
                0x0000000000000000       0x1d c:/st/stm32cubeide_1.9.0/stm32cubeide/plugins/com.st.stm32cube.ide.mcu.externaltools.gnu-tools-for-stm32.10.3-2021.10.win32_1.0.0.202111181127/tools/bin/../lib/gcc/arm-none-eabi/10.3.1/thumb/v7-m/nofp/crti.o
 .ARM.attributes
                0x000000000000001d       0x2d c:/st/stm32cubeide_1.9.0/stm32cubeide/plugins/com.st.stm32cube.ide.mcu.externaltools.gnu-tools-for-stm32.10.3-2021.10.win32_1.0.0.202111181127/tools/bin/../lib/gcc/arm-none-eabi/10.3.1/thumb/v7-m/nofp/crtbegin.o
 .ARM.attributes
                0x000000000000004a       0x2d ./Core/Src/CRC16.o
 .ARM.attributes
                0x0000000000000077       0x2d ./Core/Src/FRAME_PARSE.o
 .ARM.attributes
                0x00000000000000a4       0x2d ./Core/Src/dev_act_hdl.o
 .ARM.attributes
                0x00000000000000d1       0x2d ./Core/Src/main.o
 .ARM.attributes
                0x00000000000000fe       0x2d ./Core/Src/max30102.o
 .ARM.attributes
                0x000000000000012b       0x2d ./Core/Src/spo2_algorithm.o
 .ARM.attributes
                0x0000000000000158       0x2d ./Core/Src/stm32f1xx_hal_msp.o
 .ARM.attributes
                0x0000000000000185       0x2d ./Core/Src/stm32f1xx_it.o
 .ARM.attributes
                0x00000000000001b2       0x2d ./Core/Src/sysmem.o
 .ARM.attributes
                0x00000000000001df       0x2d ./Core/Src/system_stm32f1xx.o
 .ARM.attributes
                0x000000000000020c       0x2d ./Core/Src/uart_imp.o
 .ARM.attributes
                0x0000000000000239       0x2d ./Core/Src/uart_print.o
 .ARM.attributes
                0x0000000000000266       0x21 ./Core/Startup/startup_stm32f103rctx.o
 .ARM.attributes
                0x0000000000000287       0x2d ./Drivers/STM32F1xx_HAL_Driver/Src/stm32f1xx_hal.o
 .ARM.attributes
                0x00000000000002b4       0x2d ./Drivers/STM32F1xx_HAL_Driver/Src/stm32f1xx_hal_cortex.o
 .ARM.attributes
                0x00000000000002e1       0x2d ./Drivers/STM32F1xx_HAL_Driver/Src/stm32f1xx_hal_dma.o
 .ARM.attributes
                0x000000000000030e       0x2d ./Drivers/STM32F1xx_HAL_Driver/Src/stm32f1xx_hal_gpio.o
 .ARM.attributes
                0x000000000000033b       0x2d ./Drivers/STM32F1xx_HAL_Driver/Src/stm32f1xx_hal_i2c.o
 .ARM.attributes
                0x0000000000000368       0x2d ./Drivers/STM32F1xx_HAL_Driver/Src/stm32f1xx_hal_rcc.o
 .ARM.attributes
                0x0000000000000395       0x2d ./Drivers/STM32F1xx_HAL_Driver/Src/stm32f1xx_hal_uart.o
 .ARM.attributes
                0x00000000000003c2       0x2d c:/st/stm32cubeide_1.9.0/stm32cubeide/plugins/com.st.stm32cube.ide.mcu.externaltools.gnu-tools-for-stm32.10.3-2021.10.win32_1.0.0.202111181127/tools/bin/../lib/gcc/arm-none-eabi/10.3.1/../../../../arm-none-eabi/lib/thumb/v7-m/nofp\libc_nano.a(lib_a-errno.o)
 .ARM.attributes
                0x00000000000003ef       0x2d c:/st/stm32cubeide_1.9.0/stm32cubeide/plugins/com.st.stm32cube.ide.mcu.externaltools.gnu-tools-for-stm32.10.3-2021.10.win32_1.0.0.202111181127/tools/bin/../lib/gcc/arm-none-eabi/10.3.1/../../../../arm-none-eabi/lib/thumb/v7-m/nofp\libc_nano.a(lib_a-impure.o)
 .ARM.attributes
                0x000000000000041c       0x2d c:/st/stm32cubeide_1.9.0/stm32cubeide/plugins/com.st.stm32cube.ide.mcu.externaltools.gnu-tools-for-stm32.10.3-2021.10.win32_1.0.0.202111181127/tools/bin/../lib/gcc/arm-none-eabi/10.3.1/../../../../arm-none-eabi/lib/thumb/v7-m/nofp\libc_nano.a(lib_a-init.o)
 .ARM.attributes
                0x0000000000000449       0x2d c:/st/stm32cubeide_1.9.0/stm32cubeide/plugins/com.st.stm32cube.ide.mcu.externaltools.gnu-tools-for-stm32.10.3-2021.10.win32_1.0.0.202111181127/tools/bin/../lib/gcc/arm-none-eabi/10.3.1/../../../../arm-none-eabi/lib/thumb/v7-m/nofp\libc_nano.a(lib_a-memset.o)
 .ARM.attributes
                0x0000000000000476       0x2d c:/st/stm32cubeide_1.9.0/stm32cubeide/plugins/com.st.stm32cube.ide.mcu.externaltools.gnu-tools-for-stm32.10.3-2021.10.win32_1.0.0.202111181127/tools/bin/../lib/gcc/arm-none-eabi/10.3.1/../../../../arm-none-eabi/lib/thumb/v7-m/nofp\libc_nano.a(lib_a-vsnprintf.o)
 .ARM.attributes
                0x00000000000004a3       0x2d c:/st/stm32cubeide_1.9.0/stm32cubeide/plugins/com.st.stm32cube.ide.mcu.externaltools.gnu-tools-for-stm32.10.3-2021.10.win32_1.0.0.202111181127/tools/bin/../lib/gcc/arm-none-eabi/10.3.1/../../../../arm-none-eabi/lib/thumb/v7-m/nofp\libc_nano.a(lib_a-nano-svfprintf.o)
 .ARM.attributes
                0x00000000000004d0       0x2d c:/st/stm32cubeide_1.9.0/stm32cubeide/plugins/com.st.stm32cube.ide.mcu.externaltools.gnu-tools-for-stm32.10.3-2021.10.win32_1.0.0.202111181127/tools/bin/../lib/gcc/arm-none-eabi/10.3.1/../../../../arm-none-eabi/lib/thumb/v7-m/nofp\libc_nano.a(lib_a-nano-vfprintf_i.o)
 .ARM.attributes
                0x00000000000004fd       0x2d c:/st/stm32cubeide_1.9.0/stm32cubeide/plugins/com.st.stm32cube.ide.mcu.externaltools.gnu-tools-for-stm32.10.3-2021.10.win32_1.0.0.202111181127/tools/bin/../lib/gcc/arm-none-eabi/10.3.1/../../../../arm-none-eabi/lib/thumb/v7-m/nofp\libc_nano.a(lib_a-memchr-stub.o)
 .ARM.attributes
                0x000000000000052a       0x2d c:/st/stm32cubeide_1.9.0/stm32cubeide/plugins/com.st.stm32cube.ide.mcu.externaltools.gnu-tools-for-stm32.10.3-2021.10.win32_1.0.0.202111181127/tools/bin/../lib/gcc/arm-none-eabi/10.3.1/../../../../arm-none-eabi/lib/thumb/v7-m/nofp\libc_nano.a(lib_a-memcpy-stub.o)
 .ARM.attributes
                0x0000000000000557       0x2d c:/st/stm32cubeide_1.9.0/stm32cubeide/plugins/com.st.stm32cube.ide.mcu.externaltools.gnu-tools-for-stm32.10.3-2021.10.win32_1.0.0.202111181127/tools/bin/../lib/gcc/arm-none-eabi/10.3.1/../../../../arm-none-eabi/lib/thumb/v7-m/nofp\libc_nano.a(lib_a-memmove.o)
 .ARM.attributes
                0x0000000000000584       0x2d c:/st/stm32cubeide_1.9.0/stm32cubeide/plugins/com.st.stm32cube.ide.mcu.externaltools.gnu-tools-for-stm32.10.3-2021.10.win32_1.0.0.202111181127/tools/bin/../lib/gcc/arm-none-eabi/10.3.1/../../../../arm-none-eabi/lib/thumb/v7-m/nofp\libc_nano.a(lib_a-nano-freer.o)
 .ARM.attributes
                0x00000000000005b1       0x2d c:/st/stm32cubeide_1.9.0/stm32cubeide/plugins/com.st.stm32cube.ide.mcu.externaltools.gnu-tools-for-stm32.10.3-2021.10.win32_1.0.0.202111181127/tools/bin/../lib/gcc/arm-none-eabi/10.3.1/../../../../arm-none-eabi/lib/thumb/v7-m/nofp\libc_nano.a(lib_a-nano-mallocr.o)
 .ARM.attributes
                0x00000000000005de       0x2d c:/st/stm32cubeide_1.9.0/stm32cubeide/plugins/com.st.stm32cube.ide.mcu.externaltools.gnu-tools-for-stm32.10.3-2021.10.win32_1.0.0.202111181127/tools/bin/../lib/gcc/arm-none-eabi/10.3.1/../../../../arm-none-eabi/lib/thumb/v7-m/nofp\libc_nano.a(lib_a-nano-reallocr.o)
 .ARM.attributes
                0x000000000000060b       0x2d c:/st/stm32cubeide_1.9.0/stm32cubeide/plugins/com.st.stm32cube.ide.mcu.externaltools.gnu-tools-for-stm32.10.3-2021.10.win32_1.0.0.202111181127/tools/bin/../lib/gcc/arm-none-eabi/10.3.1/../../../../arm-none-eabi/lib/thumb/v7-m/nofp\libc_nano.a(lib_a-sbrkr.o)
 .ARM.attributes
                0x0000000000000638       0x2d c:/st/stm32cubeide_1.9.0/stm32cubeide/plugins/com.st.stm32cube.ide.mcu.externaltools.gnu-tools-for-stm32.10.3-2021.10.win32_1.0.0.202111181127/tools/bin/../lib/gcc/arm-none-eabi/10.3.1/../../../../arm-none-eabi/lib/thumb/v7-m/nofp\libc_nano.a(lib_a-mlock.o)
 .ARM.attributes
                0x0000000000000665       0x2d c:/st/stm32cubeide_1.9.0/stm32cubeide/plugins/com.st.stm32cube.ide.mcu.externaltools.gnu-tools-for-stm32.10.3-2021.10.win32_1.0.0.202111181127/tools/bin/../lib/gcc/arm-none-eabi/10.3.1/../../../../arm-none-eabi/lib/thumb/v7-m/nofp\libc_nano.a(lib_a-nano-msizer.o)
 .ARM.attributes
                0x0000000000000692       0x2d c:/st/stm32cubeide_1.9.0/stm32cubeide/plugins/com.st.stm32cube.ide.mcu.externaltools.gnu-tools-for-stm32.10.3-2021.10.win32_1.0.0.202111181127/tools/bin/../lib/gcc/arm-none-eabi/10.3.1/../../../../arm-none-eabi/lib/thumb/v7-m/nofp\libc_nano.a(lib_a-reent.o)
 .ARM.attributes
                0x00000000000006bf       0x2d c:/st/stm32cubeide_1.9.0/stm32cubeide/plugins/com.st.stm32cube.ide.mcu.externaltools.gnu-tools-for-stm32.10.3-2021.10.win32_1.0.0.202111181127/tools/bin/../lib/gcc/arm-none-eabi/10.3.1/../../../../arm-none-eabi/lib/thumb/v7-m/nofp\libc_nano.a(lib_a-lock.o)
 .ARM.attributes
                0x00000000000006ec       0x1d c:/st/stm32cubeide_1.9.0/stm32cubeide/plugins/com.st.stm32cube.ide.mcu.externaltools.gnu-tools-for-stm32.10.3-2021.10.win32_1.0.0.202111181127/tools/bin/../lib/gcc/arm-none-eabi/10.3.1/thumb/v7-m/nofp/crtn.o
OUTPUT(SERIAL_COMMUNICATION.elf elf32-littlearm)
LOAD linker stubs
LOAD c:/st/stm32cubeide_1.9.0/stm32cubeide/plugins/com.st.stm32cube.ide.mcu.externaltools.gnu-tools-for-stm32.10.3-2021.10.win32_1.0.0.202111181127/tools/bin/../lib/gcc/arm-none-eabi/10.3.1/../../../../arm-none-eabi/lib/thumb/v7-m/nofp\libc.a
LOAD c:/st/stm32cubeide_1.9.0/stm32cubeide/plugins/com.st.stm32cube.ide.mcu.externaltools.gnu-tools-for-stm32.10.3-2021.10.win32_1.0.0.202111181127/tools/bin/../lib/gcc/arm-none-eabi/10.3.1/../../../../arm-none-eabi/lib/thumb/v7-m/nofp\libm.a
LOAD c:/st/stm32cubeide_1.9.0/stm32cubeide/plugins/com.st.stm32cube.ide.mcu.externaltools.gnu-tools-for-stm32.10.3-2021.10.win32_1.0.0.202111181127/tools/bin/../lib/gcc/arm-none-eabi/10.3.1/thumb/v7-m/nofp\libgcc.a

.debug_info     0x0000000000000000     0xc3ec
 .debug_info    0x0000000000000000      0x156 ./Core/Src/CRC16.o
 .debug_info    0x0000000000000156      0x336 ./Core/Src/FRAME_PARSE.o
 .debug_info    0x000000000000048c      0x954 ./Core/Src/dev_act_hdl.o
 .debug_info    0x0000000000000de0     0x15de ./Core/Src/main.o
 .debug_info    0x00000000000023be     0x1476 ./Core/Src/max30102.o
 .debug_info    0x0000000000003834      0x5ab ./Core/Src/spo2_algorithm.o
 .debug_info    0x0000000000003ddf      0xdcd ./Core/Src/stm32f1xx_hal_msp.o
 .debug_info    0x0000000000004bac      0x632 ./Core/Src/stm32f1xx_it.o
 .debug_info    0x00000000000051de      0x171 ./Core/Src/sysmem.o
 .debug_info    0x000000000000534f      0x23d ./Core/Src/system_stm32f1xx.o
 .debug_info    0x000000000000558c      0x10c ./Core/Src/uart_imp.o
 .debug_info    0x0000000000005698      0x752 ./Core/Src/uart_print.o
 .debug_info    0x0000000000005dea       0x22 ./Core/Startup/startup_stm32f103rctx.o
 .debug_info    0x0000000000005e0c      0x79a ./Drivers/STM32F1xx_HAL_Driver/Src/stm32f1xx_hal.o
 .debug_info    0x00000000000065a6      0xb86 ./Drivers/STM32F1xx_HAL_Driver/Src/stm32f1xx_hal_cortex.o
 .debug_info    0x000000000000712c      0x73f ./Drivers/STM32F1xx_HAL_Driver/Src/stm32f1xx_hal_dma.o
 .debug_info    0x000000000000786b      0x615 ./Drivers/STM32F1xx_HAL_Driver/Src/stm32f1xx_hal_gpio.o
 .debug_info    0x0000000000007e80     0x2734 ./Drivers/STM32F1xx_HAL_Driver/Src/stm32f1xx_hal_i2c.o
 .debug_info    0x000000000000a5b4      0x860 ./Drivers/STM32F1xx_HAL_Driver/Src/stm32f1xx_hal_rcc.o
 .debug_info    0x000000000000ae14     0x15d8 ./Drivers/STM32F1xx_HAL_Driver/Src/stm32f1xx_hal_uart.o

.debug_abbrev   0x0000000000000000     0x23c6
 .debug_abbrev  0x0000000000000000       0xd4 ./Core/Src/CRC16.o
 .debug_abbrev  0x00000000000000d4      0x192 ./Core/Src/FRAME_PARSE.o
 .debug_abbrev  0x0000000000000266      0x210 ./Core/Src/dev_act_hdl.o
 .debug_abbrev  0x0000000000000476      0x346 ./Core/Src/main.o
 .debug_abbrev  0x00000000000007bc      0x2e8 ./Core/Src/max30102.o
 .debug_abbrev  0x0000000000000aa4      0x11f ./Core/Src/spo2_algorithm.o
 .debug_abbrev  0x0000000000000bc3      0x1b2 ./Core/Src/stm32f1xx_hal_msp.o
 .debug_abbrev  0x0000000000000d75      0x174 ./Core/Src/stm32f1xx_it.o
 .debug_abbrev  0x0000000000000ee9       0xbb ./Core/Src/sysmem.o
 .debug_abbrev  0x0000000000000fa4      0x13b ./Core/Src/system_stm32f1xx.o
 .debug_abbrev  0x00000000000010df       0xb3 ./Core/Src/uart_imp.o
 .debug_abbrev  0x0000000000001192      0x1d9 ./Core/Src/uart_print.o
 .debug_abbrev  0x000000000000136b       0x12 ./Core/Startup/startup_stm32f103rctx.o
 .debug_abbrev  0x000000000000137d      0x1fb ./Drivers/STM32F1xx_HAL_Driver/Src/stm32f1xx_hal.o
 .debug_abbrev  0x0000000000001578      0x2ed ./Drivers/STM32F1xx_HAL_Driver/Src/stm32f1xx_hal_cortex.o
 .debug_abbrev  0x0000000000001865      0x1fe ./Drivers/STM32F1xx_HAL_Driver/Src/stm32f1xx_hal_dma.o
 .debug_abbrev  0x0000000000001a63      0x1bb ./Drivers/STM32F1xx_HAL_Driver/Src/stm32f1xx_hal_gpio.o
 .debug_abbrev  0x0000000000001c1e      0x288 ./Drivers/STM32F1xx_HAL_Driver/Src/stm32f1xx_hal_i2c.o
 .debug_abbrev  0x0000000000001ea6      0x2a8 ./Drivers/STM32F1xx_HAL_Driver/Src/stm32f1xx_hal_rcc.o
 .debug_abbrev  0x000000000000214e      0x278 ./Drivers/STM32F1xx_HAL_Driver/Src/stm32f1xx_hal_uart.o

.debug_aranges  0x0000000000000000      0xbb0
 .debug_aranges
                0x0000000000000000       0x28 ./Core/Src/CRC16.o
 .debug_aranges
                0x0000000000000028       0x40 ./Core/Src/FRAME_PARSE.o
 .debug_aranges
                0x0000000000000068       0x28 ./Core/Src/dev_act_hdl.o
 .debug_aranges
                0x0000000000000090       0x60 ./Core/Src/main.o
 .debug_aranges
                0x00000000000000f0      0x110 ./Core/Src/max30102.o
 .debug_aranges
                0x0000000000000200       0x48 ./Core/Src/spo2_algorithm.o
 .debug_aranges
                0x0000000000000248       0x40 ./Core/Src/stm32f1xx_hal_msp.o
 .debug_aranges
                0x0000000000000288       0x70 ./Core/Src/stm32f1xx_it.o
 .debug_aranges
                0x00000000000002f8       0x20 ./Core/Src/sysmem.o
 .debug_aranges
                0x0000000000000318       0x28 ./Core/Src/system_stm32f1xx.o
 .debug_aranges
                0x0000000000000340       0x20 ./Core/Src/uart_imp.o
 .debug_aranges
                0x0000000000000360       0x40 ./Core/Src/uart_print.o
 .debug_aranges
                0x00000000000003a0       0x28 ./Core/Startup/startup_stm32f103rctx.o
 .debug_aranges
                0x00000000000003c8       0xe0 ./Drivers/STM32F1xx_HAL_Driver/Src/stm32f1xx_hal.o
 .debug_aranges
                0x00000000000004a8      0x100 ./Drivers/STM32F1xx_HAL_Driver/Src/stm32f1xx_hal_cortex.o
 .debug_aranges
                0x00000000000005a8       0x80 ./Drivers/STM32F1xx_HAL_Driver/Src/stm32f1xx_hal_dma.o
 .debug_aranges
                0x0000000000000628       0x58 ./Drivers/STM32F1xx_HAL_Driver/Src/stm32f1xx_hal_gpio.o
 .debug_aranges
                0x0000000000000680      0x2a0 ./Drivers/STM32F1xx_HAL_Driver/Src/stm32f1xx_hal_i2c.o
 .debug_aranges
                0x0000000000000920       0x90 ./Drivers/STM32F1xx_HAL_Driver/Src/stm32f1xx_hal_rcc.o
 .debug_aranges
                0x00000000000009b0      0x200 ./Drivers/STM32F1xx_HAL_Driver/Src/stm32f1xx_hal_uart.o

.debug_ranges   0x0000000000000000      0xb00
 .debug_ranges  0x0000000000000000       0x18 ./Core/Src/CRC16.o
 .debug_ranges  0x0000000000000018       0x30 ./Core/Src/FRAME_PARSE.o
 .debug_ranges  0x0000000000000048       0x18 ./Core/Src/dev_act_hdl.o
 .debug_ranges  0x0000000000000060       0x50 ./Core/Src/main.o
 .debug_ranges  0x00000000000000b0      0x130 ./Core/Src/max30102.o
 .debug_ranges  0x00000000000001e0       0x38 ./Core/Src/spo2_algorithm.o
 .debug_ranges  0x0000000000000218       0x30 ./Core/Src/stm32f1xx_hal_msp.o
 .debug_ranges  0x0000000000000248       0x60 ./Core/Src/stm32f1xx_it.o
 .debug_ranges  0x00000000000002a8       0x10 ./Core/Src/sysmem.o
 .debug_ranges  0x00000000000002b8       0x18 ./Core/Src/system_stm32f1xx.o
 .debug_ranges  0x00000000000002d0       0x10 ./Core/Src/uart_imp.o
 .debug_ranges  0x00000000000002e0       0x30 ./Core/Src/uart_print.o
 .debug_ranges  0x0000000000000310       0x20 ./Core/Startup/startup_stm32f103rctx.o
 .debug_ranges  0x0000000000000330       0xd0 ./Drivers/STM32F1xx_HAL_Driver/Src/stm32f1xx_hal.o
 .debug_ranges  0x0000000000000400       0xf0 ./Drivers/STM32F1xx_HAL_Driver/Src/stm32f1xx_hal_cortex.o
 .debug_ranges  0x00000000000004f0       0x70 ./Drivers/STM32F1xx_HAL_Driver/Src/stm32f1xx_hal_dma.o
 .debug_ranges  0x0000000000000560       0x48 ./Drivers/STM32F1xx_HAL_Driver/Src/stm32f1xx_hal_gpio.o
 .debug_ranges  0x00000000000005a8      0x2b8 ./Drivers/STM32F1xx_HAL_Driver/Src/stm32f1xx_hal_i2c.o
 .debug_ranges  0x0000000000000860       0x80 ./Drivers/STM32F1xx_HAL_Driver/Src/stm32f1xx_hal_rcc.o
 .debug_ranges  0x00000000000008e0      0x220 ./Drivers/STM32F1xx_HAL_Driver/Src/stm32f1xx_hal_uart.o

.debug_macro    0x0000000000000000    0x1a115
 .debug_macro   0x0000000000000000       0x1a ./Core/Src/CRC16.o
 .debug_macro   0x000000000000001a      0xa6c ./Core/Src/CRC16.o
 .debug_macro   0x0000000000000a86       0x10 ./Core/Src/CRC16.o
 .debug_macro   0x0000000000000a96       0x7b ./Core/Src/FRAME_PARSE.o
 .debug_macro   0x0000000000000b11       0x22 ./Core/Src/FRAME_PARSE.o
 .debug_macro   0x0000000000000b33       0x8e ./Core/Src/FRAME_PARSE.o
 .debug_macro   0x0000000000000bc1       0x51 ./Core/Src/FRAME_PARSE.o
 .debug_macro   0x0000000000000c12      0x103 ./Core/Src/FRAME_PARSE.o
 .debug_macro   0x0000000000000d15       0x6a ./Core/Src/FRAME_PARSE.o
 .debug_macro   0x0000000000000d7f      0x1df ./Core/Src/FRAME_PARSE.o
 .debug_macro   0x0000000000000f5e       0x6a ./Core/Src/FRAME_PARSE.o
 .debug_macro   0x0000000000000fc8      0x360 ./Core/Src/dev_act_hdl.o
 .debug_macro   0x0000000000001328      0x21b ./Core/Src/dev_act_hdl.o
 .debug_macro   0x0000000000001543       0x2e ./Core/Src/dev_act_hdl.o
 .debug_macro   0x0000000000001571       0x22 ./Core/Src/dev_act_hdl.o
 .debug_macro   0x0000000000001593       0x1c ./Core/Src/dev_act_hdl.o
 .debug_macro   0x00000000000015af       0x22 ./Core/Src/dev_act_hdl.o
 .debug_macro   0x00000000000015d1       0xbd ./Core/Src/dev_act_hdl.o
 .debug_macro   0x000000000000168e      0xd23 ./Core/Src/dev_act_hdl.o
 .debug_macro   0x00000000000023b1     0xfd8c ./Core/Src/dev_act_hdl.o
 .debug_macro   0x000000000001213d       0x6d ./Core/Src/dev_act_hdl.o
 .debug_macro   0x00000000000121aa     0x3468 ./Core/Src/dev_act_hdl.o
 .debug_macro   0x0000000000015612      0x174 ./Core/Src/dev_act_hdl.o
 .debug_macro   0x0000000000015786       0x5c ./Core/Src/dev_act_hdl.o
 .debug_macro   0x00000000000157e2      0x5be ./Core/Src/dev_act_hdl.o
 .debug_macro   0x0000000000015da0      0x4d5 ./Core/Src/dev_act_hdl.o
 .debug_macro   0x0000000000016275      0x1cb ./Core/Src/dev_act_hdl.o
 .debug_macro   0x0000000000016440      0x114 ./Core/Src/dev_act_hdl.o
 .debug_macro   0x0000000000016554      0x1ea ./Core/Src/dev_act_hdl.o
 .debug_macro   0x000000000001673e       0x27 ./Core/Src/dev_act_hdl.o
 .debug_macro   0x0000000000016765      0x144 ./Core/Src/dev_act_hdl.o
 .debug_macro   0x00000000000168a9      0x1bc ./Core/Src/dev_act_hdl.o
 .debug_macro   0x0000000000016a65       0x30 ./Core/Src/dev_act_hdl.o
 .debug_macro   0x0000000000016a95       0x3c ./Core/Src/dev_act_hdl.o
 .debug_macro   0x0000000000016ad1       0x57 ./Core/Src/dev_act_hdl.o
 .debug_macro   0x0000000000016b28       0x88 ./Core/Src/dev_act_hdl.o
 .debug_macro   0x0000000000016bb0      0x24f ./Core/Src/dev_act_hdl.o
 .debug_macro   0x0000000000016dff      0x287 ./Core/Src/dev_act_hdl.o
 .debug_macro   0x0000000000017086      0x141 ./Core/Src/dev_act_hdl.o
 .debug_macro   0x00000000000171c7      0x279 ./Core/Src/dev_act_hdl.o
 .debug_macro   0x0000000000017440       0xb5 ./Core/Src/dev_act_hdl.o
 .debug_macro   0x00000000000174f5       0x16 ./Core/Src/dev_act_hdl.o
 .debug_macro   0x000000000001750b       0x70 ./Core/Src/dev_act_hdl.o
 .debug_macro   0x000000000001757b       0x10 ./Core/Src/dev_act_hdl.o
 .debug_macro   0x000000000001758b       0x1c ./Core/Src/dev_act_hdl.o
 .debug_macro   0x00000000000175a7       0x52 ./Core/Src/dev_act_hdl.o
 .debug_macro   0x00000000000175f9       0x18 ./Core/Src/dev_act_hdl.o
 .debug_macro   0x0000000000017611       0x3c ./Core/Src/dev_act_hdl.o
 .debug_macro   0x000000000001764d       0x34 ./Core/Src/dev_act_hdl.o
 .debug_macro   0x0000000000017681       0x16 ./Core/Src/dev_act_hdl.o
 .debug_macro   0x0000000000017697       0x35 ./Core/Src/dev_act_hdl.o
 .debug_macro   0x00000000000176cc      0x341 ./Core/Src/dev_act_hdl.o
 .debug_macro   0x0000000000017a0d       0x10 ./Core/Src/dev_act_hdl.o
 .debug_macro   0x0000000000017a1d       0x16 ./Core/Src/dev_act_hdl.o
 .debug_macro   0x0000000000017a33       0x43 ./Core/Src/dev_act_hdl.o
 .debug_macro   0x0000000000017a76       0x34 ./Core/Src/dev_act_hdl.o
 .debug_macro   0x0000000000017aaa       0x10 ./Core/Src/dev_act_hdl.o
 .debug_macro   0x0000000000017aba       0x58 ./Core/Src/dev_act_hdl.o
 .debug_macro   0x0000000000017b12       0x71 ./Core/Src/dev_act_hdl.o
 .debug_macro   0x0000000000017b83       0x1c ./Core/Src/dev_act_hdl.o
 .debug_macro   0x0000000000017b9f      0x12a ./Core/Src/dev_act_hdl.o
 .debug_macro   0x0000000000017cc9       0x10 ./Core/Src/dev_act_hdl.o
 .debug_macro   0x0000000000017cd9       0x1c ./Core/Src/dev_act_hdl.o
 .debug_macro   0x0000000000017cf5       0x52 ./Core/Src/dev_act_hdl.o
 .debug_macro   0x0000000000017d47       0x22 ./Core/Src/dev_act_hdl.o
 .debug_macro   0x0000000000017d69       0x10 ./Core/Src/dev_act_hdl.o
 .debug_macro   0x0000000000017d79       0x52 ./Core/Src/dev_act_hdl.o
 .debug_macro   0x0000000000017dcb       0xd5 ./Core/Src/dev_act_hdl.o
 .debug_macro   0x0000000000017ea0       0x1c ./Core/Src/dev_act_hdl.o
 .debug_macro   0x0000000000017ebc       0x3d ./Core/Src/dev_act_hdl.o
 .debug_macro   0x0000000000017ef9       0x16 ./Core/Src/dev_act_hdl.o
 .debug_macro   0x0000000000017f0f      0x145 ./Core/Src/dev_act_hdl.o
 .debug_macro   0x0000000000018054       0x22 ./Core/Src/dev_act_hdl.o
 .debug_macro   0x0000000000018076       0x4c ./Core/Src/dev_act_hdl.o
 .debug_macro   0x00000000000180c2      0x365 ./Core/Src/main.o
 .debug_macro   0x0000000000018427       0x16 ./Core/Src/main.o
 .debug_macro   0x000000000001843d       0x58 ./Core/Src/main.o
 .debug_macro   0x0000000000018495      0x1c4 ./Core/Src/max30102.o
 .debug_macro   0x0000000000018659      0x1ae ./Core/Src/spo2_algorithm.o
 .debug_macro   0x0000000000018807       0x4c ./Core/Src/spo2_algorithm.o
 .debug_macro   0x0000000000018853       0x94 ./Core/Src/spo2_algorithm.o
 .debug_macro   0x00000000000188e7       0x57 ./Core/Src/spo2_algorithm.o
 .debug_macro   0x000000000001893e       0x97 ./Core/Src/spo2_algorithm.o
 .debug_macro   0x00000000000189d5       0xfd ./Core/Src/spo2_algorithm.o
 .debug_macro   0x0000000000018ad2      0x1b5 ./Core/Src/stm32f1xx_hal_msp.o
 .debug_macro   0x0000000000018c87      0x1bf ./Core/Src/stm32f1xx_it.o
 .debug_macro   0x0000000000018e46       0xff ./Core/Src/sysmem.o
 .debug_macro   0x0000000000018f45      0x23b ./Core/Src/sysmem.o
 .debug_macro   0x0000000000019180      0x198 ./Core/Src/system_stm32f1xx.o
 .debug_macro   0x0000000000019318       0x24 ./Core/Src/uart_imp.o
 .debug_macro   0x000000000001933c      0x1c8 ./Core/Src/uart_print.o
 .debug_macro   0x0000000000019504      0x1bc ./Drivers/STM32F1xx_HAL_Driver/Src/stm32f1xx_hal.o
 .debug_macro   0x00000000000196c0      0x198 ./Drivers/STM32F1xx_HAL_Driver/Src/stm32f1xx_hal_cortex.o
 .debug_macro   0x0000000000019858      0x198 ./Drivers/STM32F1xx_HAL_Driver/Src/stm32f1xx_hal_dma.o
 .debug_macro   0x00000000000199f0      0x203 ./Drivers/STM32F1xx_HAL_Driver/Src/stm32f1xx_hal_gpio.o
 .debug_macro   0x0000000000019bf3      0x1df ./Drivers/STM32F1xx_HAL_Driver/Src/stm32f1xx_hal_i2c.o
 .debug_macro   0x0000000000019dd2      0x1aa ./Drivers/STM32F1xx_HAL_Driver/Src/stm32f1xx_hal_rcc.o
 .debug_macro   0x0000000000019f7c      0x199 ./Drivers/STM32F1xx_HAL_Driver/Src/stm32f1xx_hal_uart.o

.debug_line     0x0000000000000000     0xe5ea
 .debug_line    0x0000000000000000      0x116 ./Core/Src/CRC16.o
 .debug_line    0x0000000000000116      0x4fa ./Core/Src/FRAME_PARSE.o
 .debug_line    0x0000000000000610      0x9a2 ./Core/Src/dev_act_hdl.o
 .debug_line    0x0000000000000fb2      0xbe8 ./Core/Src/main.o
 .debug_line    0x0000000000001b9a      0xc45 ./Core/Src/max30102.o
 .debug_line    0x00000000000027df      0xaf2 ./Core/Src/spo2_algorithm.o
 .debug_line    0x00000000000032d1      0x747 ./Core/Src/stm32f1xx_hal_msp.o
 .debug_line    0x0000000000003a18      0x762 ./Core/Src/stm32f1xx_it.o
 .debug_line    0x000000000000417a      0x4e5 ./Core/Src/sysmem.o
 .debug_line    0x000000000000465f      0x6d2 ./Core/Src/system_stm32f1xx.o
 .debug_line    0x0000000000004d31       0x95 ./Core/Src/uart_imp.o
 .debug_line    0x0000000000004dc6      0x700 ./Core/Src/uart_print.o
 .debug_line    0x00000000000054c6       0x87 ./Core/Startup/startup_stm32f103rctx.o
 .debug_line    0x000000000000554d      0x8ff ./Drivers/STM32F1xx_HAL_Driver/Src/stm32f1xx_hal.o
 .debug_line    0x0000000000005e4c      0xae7 ./Drivers/STM32F1xx_HAL_Driver/Src/stm32f1xx_hal_cortex.o
 .debug_line    0x0000000000006933     0x1229 ./Drivers/STM32F1xx_HAL_Driver/Src/stm32f1xx_hal_dma.o
 .debug_line    0x0000000000007b5c      0x9be ./Drivers/STM32F1xx_HAL_Driver/Src/stm32f1xx_hal_gpio.o
 .debug_line    0x000000000000851a     0x39e9 ./Drivers/STM32F1xx_HAL_Driver/Src/stm32f1xx_hal_i2c.o
 .debug_line    0x000000000000bf03      0xd0d ./Drivers/STM32F1xx_HAL_Driver/Src/stm32f1xx_hal_rcc.o
 .debug_line    0x000000000000cc10     0x19da ./Drivers/STM32F1xx_HAL_Driver/Src/stm32f1xx_hal_uart.o

.debug_str      0x0000000000000000    0x9406f
 .debug_str     0x0000000000000000     0x2d14 ./Core/Src/CRC16.o
                                       0x2d42 (size before relaxing)
 .debug_str     0x0000000000002d14     0x1082 ./Core/Src/FRAME_PARSE.o
                                       0x3ec8 (size before relaxing)
 .debug_str     0x0000000000003d96    0x8c83f ./Core/Src/dev_act_hdl.o
                                      0x908e6 (size before relaxing)
 .debug_str     0x00000000000905d5      0x9e2 ./Core/Src/main.o
                                      0x9140c (size before relaxing)
 .debug_str     0x0000000000090fb7      0x8ac ./Core/Src/max30102.o
                                      0x8d13f (size before relaxing)
 .debug_str     0x0000000000091863      0x245 ./Core/Src/spo2_algorithm.o
                                       0x759d (size before relaxing)
 .debug_str     0x0000000000091aa8       0xc4 ./Core/Src/stm32f1xx_hal_msp.o
                                      0x8cdc4 (size before relaxing)
 .debug_str     0x0000000000091b6c      0x11c ./Core/Src/stm32f1xx_it.o
                                      0x8c725 (size before relaxing)
 .debug_str     0x0000000000091c88      0x4da ./Core/Src/sysmem.o
                                       0x5d6a (size before relaxing)
 .debug_str     0x0000000000092162       0x7e ./Core/Src/system_stm32f1xx.o
                                      0x8c2bf (size before relaxing)
 .debug_str     0x00000000000921e0       0x2b ./Core/Src/uart_imp.o
                                       0x2d41 (size before relaxing)
 .debug_str     0x000000000009220b       0x54 ./Core/Src/uart_print.o
                                      0x8c853 (size before relaxing)
 .debug_str     0x000000000009225f       0x8c ./Core/Startup/startup_stm32f103rctx.o
 .debug_str     0x00000000000922eb      0x378 ./Drivers/STM32F1xx_HAL_Driver/Src/stm32f1xx_hal.o
                                      0x8cad6 (size before relaxing)
 .debug_str     0x0000000000092663      0x28a ./Drivers/STM32F1xx_HAL_Driver/Src/stm32f1xx_hal_cortex.o
                                      0x8ca22 (size before relaxing)
 .debug_str     0x00000000000928ed      0x235 ./Drivers/STM32F1xx_HAL_Driver/Src/stm32f1xx_hal_dma.o
                                      0x8c668 (size before relaxing)
 .debug_str     0x0000000000092b22      0x2c8 ./Drivers/STM32F1xx_HAL_Driver/Src/stm32f1xx_hal_gpio.o
                                      0x8c645 (size before relaxing)
 .debug_str     0x0000000000092dea      0xaf8 ./Drivers/STM32F1xx_HAL_Driver/Src/stm32f1xx_hal_i2c.o
                                      0x8d333 (size before relaxing)
 .debug_str     0x00000000000938e2      0x209 ./Drivers/STM32F1xx_HAL_Driver/Src/stm32f1xx_hal_rcc.o
                                      0x8c6ee (size before relaxing)
 .debug_str     0x0000000000093aeb      0x584 ./Drivers/STM32F1xx_HAL_Driver/Src/stm32f1xx_hal_uart.o
                                      0x8ccf9 (size before relaxing)

.comment        0x0000000000000000       0x50
 .comment       0x0000000000000000       0x50 ./Core/Src/CRC16.o
                                         0x51 (size before relaxing)
 .comment       0x0000000000000050       0x51 ./Core/Src/FRAME_PARSE.o
 .comment       0x0000000000000050       0x51 ./Core/Src/dev_act_hdl.o
 .comment       0x0000000000000050       0x51 ./Core/Src/main.o
 .comment       0x0000000000000050       0x51 ./Core/Src/max30102.o
 .comment       0x0000000000000050       0x51 ./Core/Src/spo2_algorithm.o
 .comment       0x0000000000000050       0x51 ./Core/Src/stm32f1xx_hal_msp.o
 .comment       0x0000000000000050       0x51 ./Core/Src/stm32f1xx_it.o
 .comment       0x0000000000000050       0x51 ./Core/Src/sysmem.o
 .comment       0x0000000000000050       0x51 ./Core/Src/system_stm32f1xx.o
 .comment       0x0000000000000050       0x51 ./Core/Src/uart_imp.o
 .comment       0x0000000000000050       0x51 ./Core/Src/uart_print.o
 .comment       0x0000000000000050       0x51 ./Drivers/STM32F1xx_HAL_Driver/Src/stm32f1xx_hal.o
 .comment       0x0000000000000050       0x51 ./Drivers/STM32F1xx_HAL_Driver/Src/stm32f1xx_hal_cortex.o
 .comment       0x0000000000000050       0x51 ./Drivers/STM32F1xx_HAL_Driver/Src/stm32f1xx_hal_dma.o
 .comment       0x0000000000000050       0x51 ./Drivers/STM32F1xx_HAL_Driver/Src/stm32f1xx_hal_gpio.o
 .comment       0x0000000000000050       0x51 ./Drivers/STM32F1xx_HAL_Driver/Src/stm32f1xx_hal_i2c.o
 .comment       0x0000000000000050       0x51 ./Drivers/STM32F1xx_HAL_Driver/Src/stm32f1xx_hal_rcc.o
 .comment       0x0000000000000050       0x51 ./Drivers/STM32F1xx_HAL_Driver/Src/stm32f1xx_hal_uart.o

.debug_frame    0x0000000000000000     0x3274
 .debug_frame   0x0000000000000000       0x60 ./Core/Src/CRC16.o
 .debug_frame   0x0000000000000060       0xcc ./Core/Src/FRAME_PARSE.o
 .debug_frame   0x000000000000012c       0x60 ./Core/Src/dev_act_hdl.o
 .debug_frame   0x000000000000018c      0x12c ./Core/Src/main.o
 .debug_frame   0x00000000000002b8      0x47c ./Core/Src/max30102.o
 .debug_frame   0x0000000000000734       0xf8 ./Core/Src/spo2_algorithm.o
 .debug_frame   0x000000000000082c       0xc8 ./Core/Src/stm32f1xx_hal_msp.o
 .debug_frame   0x00000000000008f4      0x13c ./Core/Src/stm32f1xx_it.o
 .debug_frame   0x0000000000000a30       0x34 ./Core/Src/sysmem.o
 .debug_frame   0x0000000000000a64       0x58 ./Core/Src/system_stm32f1xx.o
 .debug_frame   0x0000000000000abc       0x34 ./Core/Src/uart_imp.o
 .debug_frame   0x0000000000000af0       0xdc ./Core/Src/uart_print.o
 .debug_frame   0x0000000000000bcc      0x334 ./Drivers/STM32F1xx_HAL_Driver/Src/stm32f1xx_hal.o
 .debug_frame   0x0000000000000f00      0x428 ./Drivers/STM32F1xx_HAL_Driver/Src/stm32f1xx_hal_cortex.o
 .debug_frame   0x0000000000001328      0x20c ./Drivers/STM32F1xx_HAL_Driver/Src/stm32f1xx_hal_dma.o
 .debug_frame   0x0000000000001534      0x14c ./Drivers/STM32F1xx_HAL_Driver/Src/stm32f1xx_hal_gpio.o
 .debug_frame   0x0000000000001680      0xc5c ./Drivers/STM32F1xx_HAL_Driver/Src/stm32f1xx_hal_i2c.o
 .debug_frame   0x00000000000022dc      0x21c ./Drivers/STM32F1xx_HAL_Driver/Src/stm32f1xx_hal_rcc.o
 .debug_frame   0x00000000000024f8      0x914 ./Drivers/STM32F1xx_HAL_Driver/Src/stm32f1xx_hal_uart.o
 .debug_frame   0x0000000000002e0c       0x20 c:/st/stm32cubeide_1.9.0/stm32cubeide/plugins/com.st.stm32cube.ide.mcu.externaltools.gnu-tools-for-stm32.10.3-2021.10.win32_1.0.0.202111181127/tools/bin/../lib/gcc/arm-none-eabi/10.3.1/../../../../arm-none-eabi/lib/thumb/v7-m/nofp\libc_nano.a(lib_a-errno.o)
 .debug_frame   0x0000000000002e2c       0x2c c:/st/stm32cubeide_1.9.0/stm32cubeide/plugins/com.st.stm32cube.ide.mcu.externaltools.gnu-tools-for-stm32.10.3-2021.10.win32_1.0.0.202111181127/tools/bin/../lib/gcc/arm-none-eabi/10.3.1/../../../../arm-none-eabi/lib/thumb/v7-m/nofp\libc_nano.a(lib_a-init.o)
 .debug_frame   0x0000000000002e58       0x20 c:/st/stm32cubeide_1.9.0/stm32cubeide/plugins/com.st.stm32cube.ide.mcu.externaltools.gnu-tools-for-stm32.10.3-2021.10.win32_1.0.0.202111181127/tools/bin/../lib/gcc/arm-none-eabi/10.3.1/../../../../arm-none-eabi/lib/thumb/v7-m/nofp\libc_nano.a(lib_a-memset.o)
 .debug_frame   0x0000000000002e78       0x4c c:/st/stm32cubeide_1.9.0/stm32cubeide/plugins/com.st.stm32cube.ide.mcu.externaltools.gnu-tools-for-stm32.10.3-2021.10.win32_1.0.0.202111181127/tools/bin/../lib/gcc/arm-none-eabi/10.3.1/../../../../arm-none-eabi/lib/thumb/v7-m/nofp\libc_nano.a(lib_a-vsnprintf.o)
 .debug_frame   0x0000000000002ec4       0x90 c:/st/stm32cubeide_1.9.0/stm32cubeide/plugins/com.st.stm32cube.ide.mcu.externaltools.gnu-tools-for-stm32.10.3-2021.10.win32_1.0.0.202111181127/tools/bin/../lib/gcc/arm-none-eabi/10.3.1/../../../../arm-none-eabi/lib/thumb/v7-m/nofp\libc_nano.a(lib_a-nano-svfprintf.o)
 .debug_frame   0x0000000000002f54       0x60 c:/st/stm32cubeide_1.9.0/stm32cubeide/plugins/com.st.stm32cube.ide.mcu.externaltools.gnu-tools-for-stm32.10.3-2021.10.win32_1.0.0.202111181127/tools/bin/../lib/gcc/arm-none-eabi/10.3.1/../../../../arm-none-eabi/lib/thumb/v7-m/nofp\libc_nano.a(lib_a-nano-vfprintf_i.o)
 .debug_frame   0x0000000000002fb4       0x28 c:/st/stm32cubeide_1.9.0/stm32cubeide/plugins/com.st.stm32cube.ide.mcu.externaltools.gnu-tools-for-stm32.10.3-2021.10.win32_1.0.0.202111181127/tools/bin/../lib/gcc/arm-none-eabi/10.3.1/../../../../arm-none-eabi/lib/thumb/v7-m/nofp\libc_nano.a(lib_a-memchr-stub.o)
 .debug_frame   0x0000000000002fdc       0x28 c:/st/stm32cubeide_1.9.0/stm32cubeide/plugins/com.st.stm32cube.ide.mcu.externaltools.gnu-tools-for-stm32.10.3-2021.10.win32_1.0.0.202111181127/tools/bin/../lib/gcc/arm-none-eabi/10.3.1/../../../../arm-none-eabi/lib/thumb/v7-m/nofp\libc_nano.a(lib_a-memcpy-stub.o)
 .debug_frame   0x0000000000003004       0x28 c:/st/stm32cubeide_1.9.0/stm32cubeide/plugins/com.st.stm32cube.ide.mcu.externaltools.gnu-tools-for-stm32.10.3-2021.10.win32_1.0.0.202111181127/tools/bin/../lib/gcc/arm-none-eabi/10.3.1/../../../../arm-none-eabi/lib/thumb/v7-m/nofp\libc_nano.a(lib_a-memmove.o)
 .debug_frame   0x000000000000302c       0x38 c:/st/stm32cubeide_1.9.0/stm32cubeide/plugins/com.st.stm32cube.ide.mcu.externaltools.gnu-tools-for-stm32.10.3-2021.10.win32_1.0.0.202111181127/tools/bin/../lib/gcc/arm-none-eabi/10.3.1/../../../../arm-none-eabi/lib/thumb/v7-m/nofp\libc_nano.a(lib_a-nano-freer.o)
 .debug_frame   0x0000000000003064       0x4c c:/st/stm32cubeide_1.9.0/stm32cubeide/plugins/com.st.stm32cube.ide.mcu.externaltools.gnu-tools-for-stm32.10.3-2021.10.win32_1.0.0.202111181127/tools/bin/../lib/gcc/arm-none-eabi/10.3.1/../../../../arm-none-eabi/lib/thumb/v7-m/nofp\libc_nano.a(lib_a-nano-mallocr.o)
 .debug_frame   0x00000000000030b0       0x3c c:/st/stm32cubeide_1.9.0/stm32cubeide/plugins/com.st.stm32cube.ide.mcu.externaltools.gnu-tools-for-stm32.10.3-2021.10.win32_1.0.0.202111181127/tools/bin/../lib/gcc/arm-none-eabi/10.3.1/../../../../arm-none-eabi/lib/thumb/v7-m/nofp\libc_nano.a(lib_a-nano-reallocr.o)
 .debug_frame   0x00000000000030ec       0x2c c:/st/stm32cubeide_1.9.0/stm32cubeide/plugins/com.st.stm32cube.ide.mcu.externaltools.gnu-tools-for-stm32.10.3-2021.10.win32_1.0.0.202111181127/tools/bin/../lib/gcc/arm-none-eabi/10.3.1/../../../../arm-none-eabi/lib/thumb/v7-m/nofp\libc_nano.a(lib_a-sbrkr.o)
 .debug_frame   0x0000000000003118       0x30 c:/st/stm32cubeide_1.9.0/stm32cubeide/plugins/com.st.stm32cube.ide.mcu.externaltools.gnu-tools-for-stm32.10.3-2021.10.win32_1.0.0.202111181127/tools/bin/../lib/gcc/arm-none-eabi/10.3.1/../../../../arm-none-eabi/lib/thumb/v7-m/nofp\libc_nano.a(lib_a-mlock.o)
 .debug_frame   0x0000000000003148       0x20 c:/st/stm32cubeide_1.9.0/stm32cubeide/plugins/com.st.stm32cube.ide.mcu.externaltools.gnu-tools-for-stm32.10.3-2021.10.win32_1.0.0.202111181127/tools/bin/../lib/gcc/arm-none-eabi/10.3.1/../../../../arm-none-eabi/lib/thumb/v7-m/nofp\libc_nano.a(lib_a-nano-msizer.o)
 .debug_frame   0x0000000000003168       0x5c c:/st/stm32cubeide_1.9.0/stm32cubeide/plugins/com.st.stm32cube.ide.mcu.externaltools.gnu-tools-for-stm32.10.3-2021.10.win32_1.0.0.202111181127/tools/bin/../lib/gcc/arm-none-eabi/10.3.1/../../../../arm-none-eabi/lib/thumb/v7-m/nofp\libc_nano.a(lib_a-reent.o)
 .debug_frame   0x00000000000031c4       0xb0 c:/st/stm32cubeide_1.9.0/stm32cubeide/plugins/com.st.stm32cube.ide.mcu.externaltools.gnu-tools-for-stm32.10.3-2021.10.win32_1.0.0.202111181127/tools/bin/../lib/gcc/arm-none-eabi/10.3.1/../../../../arm-none-eabi/lib/thumb/v7-m/nofp\libc_nano.a(lib_a-lock.o)