Archive member included to satisfy reference by file (symbol)

C:/ST/STM32CubeIDE_1.14.1/STM32CubeIDE/plugins/com.st.stm32cube.ide.mcu.externaltools.gnu-tools-for-stm32.12.3.rel1.win32_1.0.200.202406191623/tools/bin/../lib/gcc/arm-none-eabi/12.3.1/../../../../arm-none-eabi/lib/thumb/v7-m/nofp\libc_nano.a(libc_a-exit.o)
                              C:/ST/STM32CubeIDE_1.14.1/STM32CubeIDE/plugins/com.st.stm32cube.ide.mcu.externaltools.gnu-tools-for-stm32.12.3.rel1.win32_1.0.200.202406191623/tools/bin/../lib/gcc/arm-none-eabi/12.3.1/../../../../arm-none-eabi/lib/thumb/v7-m/nofp/crt0.o (exit)
C:/ST/STM32CubeIDE_1.14.1/STM32CubeIDE/plugins/com.st.stm32cube.ide.mcu.externaltools.gnu-tools-for-stm32.12.3.rel1.win32_1.0.200.202406191623/tools/bin/../lib/gcc/arm-none-eabi/12.3.1/../../../../arm-none-eabi/lib/thumb/v7-m/nofp\libc_nano.a(libc_a-findfp.o)
                              C:/ST/STM32CubeIDE_1.14.1/STM32CubeIDE/plugins/com.st.stm32cube.ide.mcu.externaltools.gnu-tools-for-stm32.12.3.rel1.win32_1.0.200.202406191623/tools/bin/../lib/gcc/arm-none-eabi/12.3.1/../../../../arm-none-eabi/lib/thumb/v7-m/nofp\libc_nano.a(libc_a-exit.o) (__stdio_exit_handler)
C:/ST/STM32CubeIDE_1.14.1/STM32CubeIDE/plugins/com.st.stm32cube.ide.mcu.externaltools.gnu-tools-for-stm32.12.3.rel1.win32_1.0.200.202406191623/tools/bin/../lib/gcc/arm-none-eabi/12.3.1/../../../../arm-none-eabi/lib/thumb/v7-m/nofp\libc_nano.a(libc_a-fwalk.o)
                              C:/ST/STM32CubeIDE_1.14.1/STM32CubeIDE/plugins/com.st.stm32cube.ide.mcu.externaltools.gnu-tools-for-stm32.12.3.rel1.win32_1.0.200.202406191623/tools/bin/../lib/gcc/arm-none-eabi/12.3.1/../../../../arm-none-eabi/lib/thumb/v7-m/nofp\libc_nano.a(libc_a-findfp.o) (_fwalk_sglue)
C:/ST/STM32CubeIDE_1.14.1/STM32CubeIDE/plugins/com.st.stm32cube.ide.mcu.externaltools.gnu-tools-for-stm32.12.3.rel1.win32_1.0.200.202406191623/tools/bin/../lib/gcc/arm-none-eabi/12.3.1/../../../../arm-none-eabi/lib/thumb/v7-m/nofp\libc_nano.a(libc_a-stdio.o)
                              C:/ST/STM32CubeIDE_1.14.1/STM32CubeIDE/plugins/com.st.stm32cube.ide.mcu.externaltools.gnu-tools-for-stm32.12.3.rel1.win32_1.0.200.202406191623/tools/bin/../lib/gcc/arm-none-eabi/12.3.1/../../../../arm-none-eabi/lib/thumb/v7-m/nofp\libc_nano.a(libc_a-findfp.o) (__sread)
C:/ST/STM32CubeIDE_1.14.1/STM32CubeIDE/plugins/com.st.stm32cube.ide.mcu.externaltools.gnu-tools-for-stm32.12.3.rel1.win32_1.0.200.202406191623/tools/bin/../lib/gcc/arm-none-eabi/12.3.1/../../../../arm-none-eabi/lib/thumb/v7-m/nofp\libc_nano.a(libc_a-vsnprintf.o)
                              ./Core/Src/uart_print.o (vsnprintf)
C:/ST/STM32CubeIDE_1.14.1/STM32CubeIDE/plugins/com.st.stm32cube.ide.mcu.externaltools.gnu-tools-for-stm32.12.3.rel1.win32_1.0.200.202406191623/tools/bin/../lib/gcc/arm-none-eabi/12.3.1/../../../../arm-none-eabi/lib/thumb/v7-m/nofp\libc_nano.a(libc_a-memset.o)
                              C:/ST/STM32CubeIDE_1.14.1/STM32CubeIDE/plugins/com.st.stm32cube.ide.mcu.externaltools.gnu-tools-for-stm32.12.3.rel1.win32_1.0.200.202406191623/tools/bin/../lib/gcc/arm-none-eabi/12.3.1/../../../../arm-none-eabi/lib/thumb/v7-m/nofp/crt0.o (memset)
C:/ST/STM32CubeIDE_1.14.1/STM32CubeIDE/plugins/com.st.stm32cube.ide.mcu.externaltools.gnu-tools-for-stm32.12.3.rel1.win32_1.0.200.202406191623/tools/bin/../lib/gcc/arm-none-eabi/12.3.1/../../../../arm-none-eabi/lib/thumb/v7-m/nofp\libc_nano.a(libc_a-closer.o)
                              C:/ST/STM32CubeIDE_1.14.1/STM32CubeIDE/plugins/com.st.stm32cube.ide.mcu.externaltools.gnu-tools-for-stm32.12.3.rel1.win32_1.0.200.202406191623/tools/bin/../lib/gcc/arm-none-eabi/12.3.1/../../../../arm-none-eabi/lib/thumb/v7-m/nofp\libc_nano.a(libc_a-stdio.o) (_close_r)
C:/ST/STM32CubeIDE_1.14.1/STM32CubeIDE/plugins/com.st.stm32cube.ide.mcu.externaltools.gnu-tools-for-stm32.12.3.rel1.win32_1.0.200.202406191623/tools/bin/../lib/gcc/arm-none-eabi/12.3.1/../../../../arm-none-eabi/lib/thumb/v7-m/nofp\libc_nano.a(libc_a-reent.o)
                              C:/ST/STM32CubeIDE_1.14.1/STM32CubeIDE/plugins/com.st.stm32cube.ide.mcu.externaltools.gnu-tools-for-stm32.12.3.rel1.win32_1.0.200.202406191623/tools/bin/../lib/gcc/arm-none-eabi/12.3.1/../../../../arm-none-eabi/lib/thumb/v7-m/nofp\libc_nano.a(libc_a-closer.o) (errno)
C:/ST/STM32CubeIDE_1.14.1/STM32CubeIDE/plugins/com.st.stm32cube.ide.mcu.externaltools.gnu-tools-for-stm32.12.3.rel1.win32_1.0.200.202406191623/tools/bin/../lib/gcc/arm-none-eabi/12.3.1/../../../../arm-none-eabi/lib/thumb/v7-m/nofp\libc_nano.a(libc_a-impure.o)
                              C:/ST/STM32CubeIDE_1.14.1/STM32CubeIDE/plugins/com.st.stm32cube.ide.mcu.externaltools.gnu-tools-for-stm32.12.3.rel1.win32_1.0.200.202406191623/tools/bin/../lib/gcc/arm-none-eabi/12.3.1/../../../../arm-none-eabi/lib/thumb/v7-m/nofp\libc_nano.a(libc_a-vsnprintf.o) (_impure_ptr)
[...]
Memory Configuration

Name             Origin             Length             Attributes
RAM              0x20000000         0x0000c000         xrw
FLASH            0x08000000         0x00040000         xr
*default*        0x00000000         0xffffffff

Linker script and memory map

LOAD C:/ST/STM32CubeIDE_1.14.1/STM32CubeIDE/plugins/com.st.stm32cube.ide.mcu.externaltools.gnu-tools-for-stm32.12.3.rel1.win32_1.0.200.202406191623/tools/bin/../lib/gcc/arm-none-eabi/12.3.1/thumb/v7-m/nofp/crti.o
LOAD C:/ST/STM32CubeIDE_1.14.1/STM32CubeIDE/plugins/com.st.stm32cube.ide.mcu.externaltools.gnu-tools-for-stm32.12.3.rel1.win32_1.0.200.202406191623/tools/bin/../lib/gcc/arm-none-eabi/12.3.1/thumb/v7-m/nofp/crtbegin.o
LOAD C:/ST/STM32CubeIDE_1.14.1/STM32CubeIDE/plugins/com.st.stm32cube.ide.mcu.externaltools.gnu-tools-for-stm32.12.3.rel1.win32_1.0.200.202406191623/tools/bin/../lib/gcc/arm-none-eabi/12.3.1/../../../../arm-none-eabi/lib/thumb/v7-m/nofp/crt0.o
LOAD ./Core/Src/CRC16.o
LOAD ./Core/Src/FRAME_PARSE.o
LOAD ./Core/Src/dev_act_hdl.o
LOAD ./Core/Src/main.o
LOAD ./Core/Src/max30102.o
LOAD ./Core/Src/spo2_algorithm.o
LOAD ./Core/Src/stm32f1xx_hal_msp.o
LOAD ./Core/Src/stm32f1xx_it.o
LOAD ./Core/Src/syscalls.o
LOAD ./Core/Src/sysmem.o
LOAD ./Core/Src/system_stm32f1xx.o
LOAD ./Core/Src/uart_imp.o
LOAD ./Core/Src/uart_print.o
LOAD ./Core/Startup/startup_stm32f103rctx.o
LOAD ./Drivers/STM32F1xx_HAL_Driver/Src/stm32f1xx_hal.o
LOAD ./Drivers/STM32F1xx_HAL_Driver/Src/stm32f1xx_hal_cortex.o
LOAD ./Drivers/STM32F1xx_HAL_Driver/Src/stm32f1xx_hal_dma.o
LOAD ./Drivers/STM32F1xx_HAL_Driver/Src/stm32f1xx_hal_exti.o
LOAD ./Drivers/STM32F1xx_HAL_Driver/Src/stm32f1xx_hal_flash.o
LOAD ./Drivers/STM32F1xx_HAL_Driver/Src/stm32f1xx_hal_flash_ex.o
LOAD ./Drivers/STM32F1xx_HAL_Driver/Src/stm32f1xx_hal_gpio.o
LOAD ./Drivers/STM32F1xx_HAL_Driver/Src/stm32f1xx_hal_gpio_ex.o
LOAD ./Drivers/STM32F1xx_HAL_Driver/Src/stm32f1xx_hal_i2c.o
LOAD ./Drivers/STM32F1xx_HAL_Driver/Src/stm32f1xx_hal_pwr.o
LOAD ./Drivers/STM32F1xx_HAL_Driver/Src/stm32f1xx_hal_rcc.o
LOAD ./Drivers/STM32F1xx_HAL_Driver/Src/stm32f1xx_hal_rcc_ex.o
LOAD ./Drivers/STM32F1xx_HAL_Driver/Src/stm32f1xx_hal_tim.o
LOAD ./Drivers/STM32F1xx_HAL_Driver/Src/stm32f1xx_hal_tim_ex.o
LOAD ./Drivers/STM32F1xx_HAL_Driver/Src/stm32f1xx_hal_uart.o
START GROUP
LOAD C:/ST/STM32CubeIDE_1.14.1/STM32CubeIDE/plugins/com.st.stm32cube.ide.mcu.externaltools.gnu-tools-for-stm32.12.3.rel1.win32_1.0.200.202406191623/tools/bin/../lib/gcc/arm-none-eabi/12.3.1/../../../../arm-none-eabi/lib/thumb/v7-m/nofp\libc_nano.a
LOAD C:/ST/STM32CubeIDE_1.14.1/STM32CubeIDE/plugins/com.st.stm32cube.ide.mcu.externaltools.gnu-tools-for-stm32.12.3.rel1.win32_1.0.200.202406191623/tools/bin/../lib/gcc/arm-none-eabi/12.3.1/../../../../arm-none-eabi/lib/thumb/v7-m/nofp\libm.a
END GROUP
START GROUP
LOAD C:/ST/STM32CubeIDE_1.14.1/STM32CubeIDE/plugins/com.st.stm32cube.ide.mcu.externaltools.gnu-tools-for-stm32.12.3.rel1.win32_1.0.200.202406191623/tools/bin/../lib/gcc/arm-none-eabi/12.3.1/thumb/v7-m/nofp\libgcc.a
LOAD C:/ST/STM32CubeIDE_1.14.1/STM32CubeIDE/plugins/com.st.stm32cube.ide.mcu.externaltools.gnu-tools-for-stm32.12.3.rel1.win32_1.0.200.202406191623/tools/bin/../lib/gcc/arm-none-eabi/12.3.1/../../../../arm-none-eabi/lib/thumb/v7-m/nofp\libc_nano.a
END GROUP
START GROUP
LOAD C:/ST/STM32CubeIDE_1.14.1/STM32CubeIDE/plugins/com.st.stm32cube.ide.mcu.externaltools.gnu-tools-for-stm32.12.3.rel1.win32_1.0.200.202406191623/tools/bin/../lib/gcc/arm-none-eabi/12.3.1/thumb/v7-m/nofp\libgcc.a
LOAD C:/ST/STM32CubeIDE_1.14.1/STM32CubeIDE/plugins/com.st.stm32cube.ide.mcu.externaltools.gnu-tools-for-stm32.12.3.rel1.win32_1.0.200.202406191623/tools/bin/../lib/gcc/arm-none-eabi/12.3.1/../../../../arm-none-eabi/lib/thumb/v7-m/nofp\libc_nano.a
LOAD C:/ST/STM32CubeIDE_1.14.1/STM32CubeIDE/plugins/com.st.stm32cube.ide.mcu.externaltools.gnu-tools-for-stm32.12.3.rel1.win32_1.0.200.202406191623/tools/bin/../lib/gcc/arm-none-eabi/12.3.1/../../../../arm-none-eabi/lib/thumb/v7-m/nofp\libnosys.a
END GROUP
START GROUP
LOAD C:/ST/STM32CubeIDE_1.14.1/STM32CubeIDE/plugins/com.st.stm32cube.ide.mcu.externaltools.gnu-tools-for-stm32.12.3.rel1.win32_1.0.200.202406191623/tools/bin/../lib/gcc/arm-none-eabi/12.3.1/thumb/v7-m/nofp\libgcc.a
LOAD C:/ST/STM32CubeIDE_1.14.1/STM32CubeIDE/plugins/com.st.stm32cube.ide.mcu.externaltools.gnu-tools-for-stm32.12.3.rel1.win32_1.0.200.202406191623/tools/bin/../lib/gcc/arm-none-eabi/12.3.1/../../../../arm-none-eabi/lib/thumb/v7-m/nofp\libc_nano.a
LOAD C:/ST/STM32CubeIDE_1.14.1/STM32CubeIDE/plugins/com.st.stm32cube.ide.mcu.externaltools.gnu-tools-for-stm32.12.3.rel1.win32_1.0.200.202406191623/tools/bin/../lib/gcc/arm-none-eabi/12.3.1/../../../../arm-none-eabi/lib/thumb/v7-m/nofp\libnosys.a
END GROUP
LOAD C:/ST/STM32CubeIDE_1.14.1/STM32CubeIDE/plugins/com.st.stm32cube.ide.mcu.externaltools.gnu-tools-for-stm32.12.3.rel1.win32_1.0.200.202406191623/tools/bin/../lib/gcc/arm-none-eabi/12.3.1/thumb/v7-m/nofp/crtend.o
LOAD C:/ST/STM32CubeIDE_1.14.1/STM32CubeIDE/plugins/com.st.stm32cube.ide.mcu.externaltools.gnu-tools-for-stm32.12.3.rel1.win32_1.0.200.202406191623/tools/bin/../lib/gcc/arm-none-eabi/12.3.1/thumb/v7-m/nofp/crtn.o
                0x2000c000                        _estack = (ORIGIN (RAM) + LENGTH (RAM))
                0x00000200                        _Min_Heap_Size = 0x200
                0x00000400                        _Min_Stack_Size = 0x400

.isr_vector     0x08000000      0x1e4
                0x08000000                        . = ALIGN (0x4)
 *(.isr_vector)
 .isr_vector    0x08000000      0x1e4 ./Core/Startup/startup_stm32f103rctx.o
                0x08000000                g_pfnVectors
                0x080001e4                        . = ALIGN (0x4)

.text           0x080001e4     0x5ce4
                0x080001e4                        . = ALIGN (0x4)
 *(.text)
 .text          0x080001e4       0x40 C:/ST/STM32CubeIDE_1.14.1/STM32CubeIDE/plugins/com.st.stm32cube.ide.mcu.externaltools.gnu-tools-for-stm32.12.3.rel1.win32_1.0.200.202406191623/tools/bin/../lib/gcc/arm-none-eabi/12.3.1/thumb/v7-m/nofp/crtbegin.o
 *(.text*)
 .text.Compute_CRC16
                0x08000224       0x60 ./Core/Src/CRC16.o
                0x08000224                Compute_CRC16
 .text.DectModHandler
                0x08000284       0x4c ./Core/Src/FRAME_PARSE.o
                0x08000284                DectModHandler
 .text.FP_Init  0x080002d0       0x34 ./Core/Src/FRAME_PARSE.o
                0x080002d0                FP_Init
 .text.HandleFPStatusFail
                0x08000304       0x16 ./Core/Src/FRAME_PARSE.o
                0x08000304                HandleFPStatusFail
 .text.FP_CheckCRC
                0x0800031a       0x48 ./Core/Src/FRAME_PARSE.o
                0x0800031a                FP_CheckCRC
 *fill*         0x08000362        0x2 
 .text.ParseFrameHandler
                0x08000364      0x168 ./Core/Src/FRAME_PARSE.o
                0x08000364                ParseFrameHandler
 .text.HandlerDeviceAction
                0x080004cc      0x128 ./Core/Src/dev_act_hdl.o
                0x080004cc                HandlerDeviceAction
 .text.HandleDeviceSendFrame
                0x080005f4      0x23c ./Core/Src/dev_act_hdl.o
                0x080005f4                HandleDeviceSendFrame
 .text.HAL_UART_RxCpltCallback
                0x08000830       0x58 ./Core/Src/main.o
                0x08000830                HAL_UART_RxCpltCallback
 .text.Handle_UART_FP
                0x08000888       0x4c ./Core/Src/main.o
                0x08000888                Handle_UART_FP
 .text.main     0x080008d4      0x2b0 ./Core/Src/main.o
                0x080008d4                main
 .text.SystemClock_Config
                0x08000b84       0x8a ./Core/Src/main.o
                0x08000b84                SystemClock_Config
 *fill*         0x08000c0e        0x2 
 .text.MX_I2C2_Init
                0x08000c10       0x5c ./Core/Src/main.o
 .text.MX_UART4_Init
                0x08000c6c       0x54 ./Core/Src/main.o
 .text.MX_USART1_UART_Init
                0x08000cc0       0x54 ./Core/Src/main.o
 .text.MX_GPIO_Init
                0x08000d14       0xdc ./Core/Src/main.o
 .text.Error_Handler
                0x08000df0        0xc ./Core/Src/main.o
                0x08000df0                Error_Handler
 .text.I2C_WriteBuffer
                0x08000dfc       0x46 ./Core/Src/max30102.o
                0x08000dfc                I2C_WriteBuffer
 .text.I2C_ReadBuffer
                0x08000e42       0x46 ./Core/Src/max30102.o
                0x08000e42                I2C_ReadBuffer
 .text.MAX30105_Init
                0x08000e88       0x1a ./Core/Src/max30102.o
                0x08000e88                MAX30105_Init
 .text.MAX30105_readPartID
                0x08000ea2       0x20 ./Core/Src/max30102.o
                0x08000ea2                MAX30105_readPartID
 .text.MAX30105_begin
                0x08000ec2       0x36 ./Core/Src/max30102.o
                0x08000ec2                MAX30105_begin
 .text.MAX30105_getRed
                0x08000ef8       0x32 ./Core/Src/max30102.o
                0x08000ef8                MAX30105_getRed
 .text.MAX30105_getIR
                0x08000f2a       0x32 ./Core/Src/max30102.o
                0x08000f2a                MAX30105_getIR
 .text.MAX30105_safeCheck
                0x08000f5c       0x46 ./Core/Src/max30102.o
                0x08000f5c                MAX30105_safeCheck
 .text.MAX30105_softReset
                0x08000fa2       0x56 ./Core/Src/max30102.o
                0x08000fa2                MAX30105_softReset
 .text.MAX30105_setLEDMode
                0x08000ff8       0x20 ./Core/Src/max30102.o
                0x08000ff8                MAX30105_setLEDMode
 .text.MAX30105_setADCRange
                0x08001018       0x20 ./Core/Src/max30102.o
                0x08001018                MAX30105_setADCRange
 .text.MAX30105_setSampleRate
                0x08001038       0x20 ./Core/Src/max30102.o
                0x08001038                MAX30105_setSampleRate
 .text.MAX30105_setPulseWidth
                0x08001058       0x20 ./Core/Src/max30102.o
                0x08001058                MAX30105_setPulseWidth
 .text.MAX30105_setPulseAmplitudeRed
                0x08001078       0x22 ./Core/Src/max30102.o
                0x08001078                MAX30105_setPulseAmplitudeRed
 .text.MAX30105_setPulseAmplitudeIR
                0x0800109a       0x22 ./Core/Src/max30102.o
                0x0800109a                MAX30105_setPulseAmplitudeIR
 .text.MAX30105_setPulseAmplitudeGreen
                0x080010bc       0x22 ./Core/Src/max30102.o
                0x080010bc                MAX30105_setPulseAmplitudeGreen
 .text.MAX30105_setPulseAmplitudeProximity
                0x080010de       0x22 ./Core/Src/max30102.o
                0x080010de                MAX30105_setPulseAmplitudeProximity
 .text.MAX30105_enableSlot
                0x08001100       0x7c ./Core/Src/max30102.o
                0x08001100                MAX30105_enableSlot
 .text.MAX30105_setFIFOAverage
                0x0800117c       0x20 ./Core/Src/max30102.o
                0x0800117c                MAX30105_setFIFOAverage
 .text.MAX30105_enableFIFORollover
                0x0800119c       0x1c ./Core/Src/max30102.o
                0x0800119c                MAX30105_enableFIFORollover
 .text.MAX30105_check
                0x080011b8      0x268 ./Core/Src/max30102.o
                0x080011b8                MAX30105_check
 .text.MAX30105_available
                0x08001420       0x36 ./Core/Src/max30102.o
                0x08001420                MAX30105_available
 .text.MAX30105_nextSample
                0x08001456       0x3e ./Core/Src/max30102.o
                0x08001456                MAX30105_nextSample
 .text.MAX30105_getWritePointer
                0x08001494       0x20 ./Core/Src/max30102.o
                0x08001494                MAX30105_getWritePointer
 .text.MAX30105_getReadPointer
                0x080014b4       0x20 ./Core/Src/max30102.o
                0x080014b4                MAX30105_getReadPointer
 .text.MAX30105_clearFIFO
                0x080014d4       0x3a ./Core/Src/max30102.o
                0x080014d4                MAX30105_clearFIFO
 .text.MAX30105_readRegister8
                0x0800150e       0x50 ./Core/Src/max30102.o
                0x0800150e                MAX30105_readRegister8
 .text.MAX30105_writeRegister8
                0x0800155e       0x38 ./Core/Src/max30102.o
                0x0800155e                MAX30105_writeRegister8
 .text.MAX30105_readRevisionID
                0x08001596       0x26 ./Core/Src/max30102.o
                0x08001596                MAX30105_readRevisionID
 .text.MAX30105_bitMask
                0x080015bc       0x62 ./Core/Src/max30102.o
                0x080015bc                MAX30105_bitMask
 .text.MAX30105_setup
                0x0800161e      0x28e ./Core/Src/max30102.o
                0x0800161e                MAX30105_setup
 .text.maxim_heart_rate_and_oxygen_saturation
                0x080018ac      0x618 ./Core/Src/spo2_algorithm.o
                0x080018ac                maxim_heart_rate_and_oxygen_saturation
 .text.maxim_find_peaks
                0x08001ec4       0x42 ./Core/Src/spo2_algorithm.o
                0x08001ec4                maxim_find_peaks
 .text.maxim_peaks_above_min_height
                0x08001f06       0xe6 ./Core/Src/spo2_algorithm.o
                0x08001f06                maxim_peaks_above_min_height
 .text.maxim_remove_close_peaks
                0x08001fec       0xc0 ./Core/Src/spo2_algorithm.o
                0x08001fec                maxim_remove_close_peaks
 .text.maxim_sort_ascend
                0x080020ac       0x84 ./Core/Src/spo2_algorithm.o
                0x080020ac                maxim_sort_ascend
 .text.maxim_sort_indices_descend
                0x08002130       0x96 ./Core/Src/spo2_algorithm.o
                0x08002130                maxim_sort_indices_descend
 *fill*         0x080021c6        0x2 
 .text.HAL_MspInit
                0x080021c8       0x64 ./Core/Src/stm32f1xx_hal_msp.o
                0x080021c8                HAL_MspInit
 .text.HAL_I2C_MspInit
                0x0800222c       0x80 ./Core/Src/stm32f1xx_hal_msp.o
                0x0800222c                HAL_I2C_MspInit
 .text.HAL_UART_MspInit
                0x080022ac      0x13c ./Core/Src/stm32f1xx_hal_msp.o
                0x080022ac                HAL_UART_MspInit
 .text.NMI_Handler
                0x080023e8        0x8 ./Core/Src/stm32f1xx_it.o
                0x080023e8                NMI_Handler
 .text.HardFault_Handler
                0x080023f0        0x8 ./Core/Src/stm32f1xx_it.o
                0x080023f0                HardFault_Handler
 .text.MemManage_Handler
                0x080023f8        0x8 ./Core/Src/stm32f1xx_it.o
                0x080023f8                MemManage_Handler
 .text.BusFault_Handler
                0x08002400        0x8 ./Core/Src/stm32f1xx_it.o
                0x08002400                BusFault_Handler
 .text.UsageFault_Handler
                0x08002408        0x8 ./Core/Src/stm32f1xx_it.o
                0x08002408                UsageFault_Handler
 .text.SVC_Handler
                0x08002410        0xc ./Core/Src/stm32f1xx_it.o
                0x08002410                SVC_Handler
 .text.DebugMon_Handler
                0x0800241c        0xc ./Core/Src/stm32f1xx_it.o
                0x0800241c                DebugMon_Handler
 .text.PendSV_Handler
                0x08002428        0xc ./Core/Src/stm32f1xx_it.o
                0x08002428                PendSV_Handler
 .text.SysTick_Handler
                0x08002434        0xc ./Core/Src/stm32f1xx_it.o
                0x08002434                SysTick_Handler
 .text.EXTI15_10_IRQHandler
                0x08002440       0x10 ./Core/Src/stm32f1xx_it.o
                0x08002440                EXTI15_10_IRQHandler
 .text.UART4_IRQHandler
                0x08002450       0x14 ./Core/Src/stm32f1xx_it.o
                0x08002450                UART4_IRQHandler
 .text._sbrk    0x08002464       0x6c ./Core/Src/sysmem.o
                0x08002464                _sbrk
 .text.SystemInit
                0x080024d0        0xc ./Core/Src/system_stm32f1xx.o
                0x080024d0                SystemInit
 .text._getchar
                0x080024dc       0x58 ./Core/Src/uart_imp.o
                0x080024dc                _getchar
 .text.USART_Init
                0x08002534       0x1a ./Core/Src/uart_print.o
                0x08002534                USART_Init
 .text.UART_sendByte
                0x0800254e       0x22 ./Core/Src/uart_print.o
                0x0800254e                UART_sendByte
 .text.USART_sendChar
                0x08002570       0x1e ./Core/Src/uart_print.o
                0x08002570                USART_sendChar
 .text.USART_put
                0x0800258e       0x30 ./Core/Src/uart_print.o
                0x0800258e                USART_put
 *fill*         0x080025be        0x2 
 .text.USART_Transmit
                0x080025c0       0x3c ./Core/Src/uart_print.o
                0x080025c0                USART_Transmit
 .text.Reset_Handler
                0x080025fc       0x48 ./Core/Startup/startup_stm32f103rctx.o
                0x080025fc                Reset_Handler
 .text.Default_Handler
                0x08002644        0x2 ./Core/Startup/startup_stm32f103rctx.o
                0x08002644                RTC_Alarm_IRQHandler
                0x08002644                EXTI2_IRQHandler
                0x08002644                TIM8_TRG_COM_IRQHandler
                0x08002644                TIM8_CC_IRQHandler
                0x08002644                TIM1_CC_IRQHandler
                0x08002644                TIM6_IRQHandler
                0x08002644                PVD_IRQHandler
                0x08002644                SDIO_IRQHandler
                0x08002644                EXTI3_IRQHandler
                0x08002644                EXTI0_IRQHandler
                0x08002644                I2C2_EV_IRQHandler
                0x08002644                ADC1_2_IRQHandler
                0x08002644                SPI1_IRQHandler
                0x08002644                TAMPER_IRQHandler
                0x08002644                TIM8_UP_IRQHandler
                0x08002644                DMA2_Channel2_IRQHandler
                0x08002644                DMA1_Channel4_IRQHandler
                0x08002644                USART3_IRQHandler
                0x08002644                RTC_IRQHandler
                0x08002644                DMA1_Channel7_IRQHandler
                0x08002644                CAN1_RX1_IRQHandler
                0x08002644                UART5_IRQHandler
                0x08002644                ADC3_IRQHandler
                0x08002644                TIM4_IRQHandler
                0x08002644                DMA2_Channel1_IRQHandler
                0x08002644                I2C1_EV_IRQHandler
                0x08002644                DMA1_Channel6_IRQHandler
                0x08002644                TIM3_IRQHandler
                0x08002644                RCC_IRQHandler
                0x08002644                TIM1_TRG_COM_IRQHandler
                0x08002644                DMA1_Channel1_IRQHandler
                0x08002644                Default_Handler
                0x08002644                TIM7_IRQHandler
                0x08002644                TIM5_IRQHandler
                0x08002644                EXTI9_5_IRQHandler
                0x08002644                SPI2_IRQHandler
                0x08002644                DMA1_Channel5_IRQHandler
                0x08002644                EXTI4_IRQHandler
                0x08002644                USB_LP_CAN1_RX0_IRQHandler
                0x08002644                USB_HP_CAN1_TX_IRQHandler
                0x08002644                DMA1_Channel3_IRQHandler
                0x08002644                FSMC_IRQHandler
                0x08002644                TIM1_UP_IRQHandler
                0x08002644                WWDG_IRQHandler
                0x08002644                TIM2_IRQHandler
                0x08002644                TIM1_BRK_IRQHandler
                0x08002644                EXTI1_IRQHandler
                0x08002644                DMA2_Channel4_5_IRQHandler
                0x08002644                USART2_IRQHandler
                0x08002644                I2C2_ER_IRQHandler
                0x08002644                DMA1_Channel2_IRQHandler
                0x08002644                TIM8_BRK_IRQHandler
                0x08002644                CAN1_SCE_IRQHandler
                0x08002644                FLASH_IRQHandler
                0x08002644                USART1_IRQHandler
                0x08002644                SPI3_IRQHandler
                0x08002644                I2C1_ER_IRQHandler
                0x08002644                USBWakeUp_IRQHandler
                0x08002644                DMA2_Channel3_IRQHandler
 *fill*         0x08002646        0x2 
 .text.HAL_Init
                0x08002648       0x2c ./Drivers/STM32F1xx_HAL_Driver/Src/stm32f1xx_hal.o
                0x08002648                HAL_Init
 .text.HAL_InitTick
                0x08002674       0x60 ./Drivers/STM32F1xx_HAL_Driver/Src/stm32f1xx_hal.o
                0x08002674                HAL_InitTick
 .text.HAL_IncTick
                0x080026d4       0x24 ./Drivers/STM32F1xx_HAL_Driver/Src/stm32f1xx_hal.o
                0x080026d4                HAL_IncTick
 .text.HAL_GetTick
                0x080026f8       0x14 ./Drivers/STM32F1xx_HAL_Driver/Src/stm32f1xx_hal.o
                0x080026f8                HAL_GetTick
 .text.HAL_Delay
                0x0800270c       0x48 ./Drivers/STM32F1xx_HAL_Driver/Src/stm32f1xx_hal.o
                0x0800270c                HAL_Delay
 .text.__NVIC_SetPriorityGrouping
                0x08002754       0x48 ./Drivers/STM32F1xx_HAL_Driver/Src/stm32f1xx_hal_cortex.o
 .text.__NVIC_GetPriorityGrouping
                0x0800279c       0x1c ./Drivers/STM32F1xx_HAL_Driver/Src/stm32f1xx_hal_cortex.o
 .text.__NVIC_EnableIRQ
                0x080027b8       0x38 ./Drivers/STM32F1xx_HAL_Driver/Src/stm32f1xx_hal_cortex.o
 .text.__NVIC_SetPriority
                0x080027f0       0x54 ./Drivers/STM32F1xx_HAL_Driver/Src/stm32f1xx_hal_cortex.o
 .text.NVIC_EncodePriority
                0x08002844       0x64 ./Drivers/STM32F1xx_HAL_Driver/Src/stm32f1xx_hal_cortex.o
 .text.SysTick_Config
                0x080028a8       0x44 ./Drivers/STM32F1xx_HAL_Driver/Src/stm32f1xx_hal_cortex.o
 .text.HAL_NVIC_SetPriorityGrouping
                0x080028ec       0x16 ./Drivers/STM32F1xx_HAL_Driver/Src/stm32f1xx_hal_cortex.o
                0x080028ec                HAL_NVIC_SetPriorityGrouping
 .text.HAL_NVIC_SetPriority
                0x08002902       0x38 ./Drivers/STM32F1xx_HAL_Driver/Src/stm32f1xx_hal_cortex.o
                0x08002902                HAL_NVIC_SetPriority
 .text.HAL_NVIC_EnableIRQ
                0x0800293a       0x1c ./Drivers/STM32F1xx_HAL_Driver/Src/stm32f1xx_hal_cortex.o
                0x0800293a                HAL_NVIC_EnableIRQ
 .text.HAL_SYSTICK_Config
                0x08002956       0x18 ./Drivers/STM32F1xx_HAL_Driver/Src/stm32f1xx_hal_cortex.o
                0x08002956                HAL_SYSTICK_Config
 .text.HAL_DMA_Abort
                0x0800296e       0x76 ./Drivers/STM32F1xx_HAL_Driver/Src/stm32f1xx_hal_dma.o
                0x0800296e                HAL_DMA_Abort
 .text.HAL_DMA_Abort_IT
                0x080029e4      0x210 ./Drivers/STM32F1xx_HAL_Driver/Src/stm32f1xx_hal_dma.o
                0x080029e4                HAL_DMA_Abort_IT
 .text.HAL_GPIO_Init
                0x08002bf4      0x328 ./Drivers/STM32F1xx_HAL_Driver/Src/stm32f1xx_hal_gpio.o
                0x08002bf4                HAL_GPIO_Init
 .text.HAL_GPIO_WritePin
                0x08002f1c       0x30 ./Drivers/STM32F1xx_HAL_Driver/Src/stm32f1xx_hal_gpio.o
                0x08002f1c                HAL_GPIO_WritePin
 .text.HAL_GPIO_EXTI_IRQHandler
                0x08002f4c       0x30 ./Drivers/STM32F1xx_HAL_Driver/Src/stm32f1xx_hal_gpio.o
                0x08002f4c                HAL_GPIO_EXTI_IRQHandler
 .text.HAL_GPIO_EXTI_Callback
                0x08002f7c       0x14 ./Drivers/STM32F1xx_HAL_Driver/Src/stm32f1xx_hal_gpio.o
                0x08002f7c                HAL_GPIO_EXTI_Callback
 .text.HAL_I2C_Init
                0x08002f90      0x288 ./Drivers/STM32F1xx_HAL_Driver/Src/stm32f1xx_hal_i2c.o
                0x08002f90                HAL_I2C_Init
 .text.HAL_I2C_Master_Transmit
                0x08003218      0x1fc ./Drivers/STM32F1xx_HAL_Driver/Src/stm32f1xx_hal_i2c.o
                0x08003218                HAL_I2C_Master_Transmit
 .text.HAL_I2C_Master_Receive
                0x08003414      0x4d8 ./Drivers/STM32F1xx_HAL_Driver/Src/stm32f1xx_hal_i2c.o
                0x08003414                HAL_I2C_Master_Receive
 .text.HAL_I2C_GetState
                0x080038ec       0x1a ./Drivers/STM32F1xx_HAL_Driver/Src/stm32f1xx_hal_i2c.o
                0x080038ec                HAL_I2C_GetState
 .text.HAL_I2C_GetError
                0x08003906       0x16 ./Drivers/STM32F1xx_HAL_Driver/Src/stm32f1xx_hal_i2c.o
                0x08003906                HAL_I2C_GetError
 .text.I2C_MasterRequestWrite
                0x0800391c      0x104 ./Drivers/STM32F1xx_HAL_Driver/Src/stm32f1xx_hal_i2c.o
 .text.I2C_MasterRequestRead
                0x08003a20      0x19c ./Drivers/STM32F1xx_HAL_Driver/Src/stm32f1xx_hal_i2c.o
 .text.I2C_WaitOnFlagUntilTimeout
                0x08003bbc       0xf4 ./Drivers/STM32F1xx_HAL_Driver/Src/stm32f1xx_hal_i2c.o
 .text.I2C_WaitOnMasterAddressFlagUntilTimeout
                0x08003cb0      0x140 ./Drivers/STM32F1xx_HAL_Driver/Src/stm32f1xx_hal_i2c.o
 .text.I2C_WaitOnTXEFlagUntilTimeout
                0x08003df0       0x90 ./Drivers/STM32F1xx_HAL_Driver/Src/stm32f1xx_hal_i2c.o
 .text.I2C_WaitOnBTFFlagUntilTimeout
                0x08003e80       0x90 ./Drivers/STM32F1xx_HAL_Driver/Src/stm32f1xx_hal_i2c.o
 .text.I2C_WaitOnRXNEFlagUntilTimeout
                0x08003f10       0xba ./Drivers/STM32F1xx_HAL_Driver/Src/stm32f1xx_hal_i2c.o
 .text.I2C_IsAcknowledgeFailed
                0x08003fca       0x5c ./Drivers/STM32F1xx_HAL_Driver/Src/stm32f1xx_hal_i2c.o
 *fill*         0x08004026        0x2 
 .text.HAL_RCC_OscConfig
                0x08004028      0x504 ./Drivers/STM32F1xx_HAL_Driver/Src/stm32f1xx_hal_rcc.o
                0x08004028                HAL_RCC_OscConfig
 .text.HAL_RCC_ClockConfig
                0x0800452c      0x1d4 ./Drivers/STM32F1xx_HAL_Driver/Src/stm32f1xx_hal_rcc.o
                0x0800452c                HAL_RCC_ClockConfig
 .text.HAL_RCC_GetSysClockFreq
                0x08004700       0xa8 ./Drivers/STM32F1xx_HAL_Driver/Src/stm32f1xx_hal_rcc.o
                0x08004700                HAL_RCC_GetSysClockFreq
 .text.HAL_RCC_GetHCLKFreq
                0x080047a8       0x14 ./Drivers/STM32F1xx_HAL_Driver/Src/stm32f1xx_hal_rcc.o
                0x080047a8                HAL_RCC_GetHCLKFreq
 .text.HAL_RCC_GetPCLK1Freq
                0x080047bc       0x28 ./Drivers/STM32F1xx_HAL_Driver/Src/stm32f1xx_hal_rcc.o
                0x080047bc                HAL_RCC_GetPCLK1Freq
 .text.HAL_RCC_GetPCLK2Freq
                0x080047e4       0x28 ./Drivers/STM32F1xx_HAL_Driver/Src/stm32f1xx_hal_rcc.o
                0x080047e4                HAL_RCC_GetPCLK2Freq
 .text.RCC_Delay
                0x0800480c       0x3c ./Drivers/STM32F1xx_HAL_Driver/Src/stm32f1xx_hal_rcc.o
 .text.HAL_UART_Init
                0x08004848       0xa0 ./Drivers/STM32F1xx_HAL_Driver/Src/stm32f1xx_hal_uart.o
                0x08004848                HAL_UART_Init
 .text.HAL_UART_Transmit
                0x080048e8      0x116 ./Drivers/STM32F1xx_HAL_Driver/Src/stm32f1xx_hal_uart.o
                0x080048e8                HAL_UART_Transmit
 .text.HAL_UART_Receive_IT
                0x080049fe       0x4a ./Drivers/STM32F1xx_HAL_Driver/Src/stm32f1xx_hal_uart.o
                0x080049fe                HAL_UART_Receive_IT
 .text.HAL_UART_IRQHandler
                0x08004a48      0x524 ./Drivers/STM32F1xx_HAL_Driver/Src/stm32f1xx_hal_uart.o
                0x08004a48                HAL_UART_IRQHandler
 .text.HAL_UART_TxCpltCallback
                0x08004f6c       0x12 ./Drivers/STM32F1xx_HAL_Driver/Src/stm32f1xx_hal_uart.o
                0x08004f6c                HAL_UART_TxCpltCallback
 .text.HAL_UART_ErrorCallback
                0x08004f7e       0x12 ./Drivers/STM32F1xx_HAL_Driver/Src/stm32f1xx_hal_uart.o
                0x08004f7e                HAL_UART_ErrorCallback
 .text.HAL_UARTEx_RxEventCallback
                0x08004f90       0x16 ./Drivers/STM32F1xx_HAL_Driver/Src/stm32f1xx_hal_uart.o
                0x08004f90                HAL_UARTEx_RxEventCallback
 .text.UART_WaitOnFlagUntilTimeout
                0x08004fa6       0xb2 ./Drivers/STM32F1xx_HAL_Driver/Src/stm32f1xx_hal_uart.o
 .text.UART_Start_Receive_IT
                0x08005058       0x72 ./Drivers/STM32F1xx_HAL_Driver/Src/stm32f1xx_hal_uart.o
                0x08005058                UART_Start_Receive_IT
 .text.UART_EndRxTransfer
                0x080050ca       0xc4 ./Drivers/STM32F1xx_HAL_Driver/Src/stm32f1xx_hal_uart.o
 .text.UART_DMAAbortOnError
                0x0800518e       0x28 ./Drivers/STM32F1xx_HAL_Driver/Src/stm32f1xx_hal_uart.o
 .text.UART_Transmit_IT
                0x080051b6       0x9e ./Drivers/STM32F1xx_HAL_Driver/Src/stm32f1xx_hal_uart.o
 .text.UART_EndTransmit_IT
                0x08005254       0x30 ./Drivers/STM32F1xx_HAL_Driver/Src/stm32f1xx_hal_uart.o
 .text.UART_Receive_IT
                0x08005284      0x17c ./Drivers/STM32F1xx_HAL_Driver/Src/stm32f1xx_hal_uart.o
 .text.UART_SetConfig
                0x08005400      0x11c ./Drivers/STM32F1xx_HAL_Driver/Src/stm32f1xx_hal_uart.o
 .text._vsnprintf_r
                0x0800551c       0x56 C:/ST/STM32CubeIDE_1.14.1/STM32CubeIDE/plugins/com.st.stm32cube.ide.mcu.externaltools.gnu-tools-for-stm32.12.3.rel1.win32_1.0.200.202406191623/tools/bin/../lib/gcc/arm-none-eabi/12.3.1/../../../../arm-none-eabi/lib/thumb/v7-m/nofp\libc_nano.a(libc_a-vsnprintf.o)
                0x0800551c                _vsniprintf_r
                0x0800551c                _vsnprintf_r
 *fill*         0x08005572        0x2 
 .text.vsnprintf
                0x08005574       0x1c C:/ST/STM32CubeIDE_1.14.1/STM32CubeIDE/plugins/com.st.stm32cube.ide.mcu.externaltools.gnu-tools-for-stm32.12.3.rel1.win32_1.0.200.202406191623/tools/bin/../lib/gcc/arm-none-eabi/12.3.1/../../../../arm-none-eabi/lib/thumb/v7-m/nofp\libc_nano.a(libc_a-vsnprintf.o)
                0x08005574                vsniprintf
                0x08005574                vsnprintf
 .text.memset   0x08005590       0x10 C:/ST/STM32CubeIDE_1.14.1/STM32CubeIDE/plugins/com.st.stm32cube.ide.mcu.externaltools.gnu-tools-for-stm32.12.3.rel1.win32_1.0.200.202406191623/tools/bin/../lib/gcc/arm-none-eabi/12.3.1/../../../../arm-none-eabi/lib/thumb/v7-m/nofp\libc_nano.a(libc_a-memset.o)
                0x08005590                memset
 .text.__errno  0x080055a0        0xc C:/ST/STM32CubeIDE_1.14.1/STM32CubeIDE/plugins/com.st.stm32cube.ide.mcu.externaltools.gnu-tools-for-stm32.12.3.rel1.win32_1.0.200.202406191623/tools/bin/../lib/gcc/arm-none-eabi/12.3.1/../../../../arm-none-eabi/lib/thumb/v7-m/nofp\libc_nano.a(libc_a-errno.o)
                0x080055a0                __errno
 .text.__libc_init_array
                0x080055ac       0x48 C:/ST/STM32CubeIDE_1.14.1/STM32CubeIDE/plugins/com.st.stm32cube.ide.mcu.externaltools.gnu-tools-for-stm32.12.3.rel1.win32_1.0.200.202406191623/tools/bin/../lib/gcc/arm-none-eabi/12.3.1/../../../../arm-none-eabi/lib/thumb/v7-m/nofp\libc_nano.a(libc_a-init.o)
                0x080055ac                __libc_init_array
 .text.__retarget_lock_acquire_recursive
                0x080055f4        0x2 C:/ST/STM32CubeIDE_1.14.1/STM32CubeIDE/plugins/com.st.stm32cube.ide.mcu.externaltools.gnu-tools-for-stm32.12.3.rel1.win32_1.0.200.202406191623/tools/bin/../lib/gcc/arm-none-eabi/12.3.1/../../../../arm-none-eabi/lib/thumb/v7-m/nofp\libc_nano.a(libc_a-lock.o)
                0x080055f4                __retarget_lock_acquire_recursive
 .text.__retarget_lock_release_recursive
                0x080055f6        0x2 C:/ST/STM32CubeIDE_1.14.1/STM32CubeIDE/plugins/com.st.stm32cube.ide.mcu.externaltools.gnu-tools-for-stm32.12.3.rel1.win32_1.0.200.202406191623/tools/bin/../lib/gcc/arm-none-eabi/12.3.1/../../../../arm-none-eabi/lib/thumb/v7-m/nofp\libc_nano.a(libc_a-lock.o)
                0x080055f6                __retarget_lock_release_recursive
 .text._free_r  0x080055f8       0x90 C:/ST/STM32CubeIDE_1.14.1/STM32CubeIDE/plugins/com.st.stm32cube.ide.mcu.externaltools.gnu-tools-for-stm32.12.3.rel1.win32_1.0.200.202406191623/tools/bin/../lib/gcc/arm-none-eabi/12.3.1/../../../../arm-none-eabi/lib/thumb/v7-m/nofp\libc_nano.a(libc_a-freer.o)
                0x080055f8                _free_r
 .text.sbrk_aligned
                0x08005688       0x44 C:/ST/STM32CubeIDE_1.14.1/STM32CubeIDE/plugins/com.st.stm32cube.ide.mcu.externaltools.gnu-tools-for-stm32.12.3.rel1.win32_1.0.200.202406191623/tools/bin/../lib/gcc/arm-none-eabi/12.3.1/../../../../arm-none-eabi/lib/thumb/v7-m/nofp\libc_nano.a(libc_a-mallocr.o)
 .text._malloc_r
                0x080056cc      0x100 C:/ST/STM32CubeIDE_1.14.1/STM32CubeIDE/plugins/com.st.stm32cube.ide.mcu.externaltools.gnu-tools-for-stm32.12.3.rel1.win32_1.0.200.202406191623/tools/bin/../lib/gcc/arm-none-eabi/12.3.1/../../../../arm-none-eabi/lib/thumb/v7-m/nofp\libc_nano.a(libc_a-mallocr.o)
                0x080056cc                _malloc_r
 .text.__malloc_lock
                0x080057cc        0xc C:/ST/STM32CubeIDE_1.14.1/STM32CubeIDE/plugins/com.st.stm32cube.ide.mcu.externaltools.gnu-tools-for-stm32.12.3.rel1.win32_1.0.200.202406191623/tools/bin/../lib/gcc/arm-none-eabi/12.3.1/../../../../arm-none-eabi/lib/thumb/v7-m/nofp\libc_nano.a(libc_a-mlock.o)
                0x080057cc                __malloc_lock
 .text.__malloc_unlock
                0x080057d8        0xc C:/ST/STM32CubeIDE_1.14.1/STM32CubeIDE/plugins/com.st.stm32cube.ide.mcu.externaltools.gnu-tools-for-stm32.12.3.rel1.win32_1.0.200.202406191623/tools/bin/../lib/gcc/arm-none-eabi/12.3.1/../../../../arm-none-eabi/lib/thumb/v7-m/nofp\libc_nano.a(libc_a-mlock.o)
                0x080057d8                __malloc_unlock
 .text.__ssputs_r
                0x080057e4       0xb6 C:/ST/STM32CubeIDE_1.14.1/STM32CubeIDE/plugins/com.st.stm32cube.ide.mcu.externaltools.gnu-tools-for-stm32.12.3.rel1.win32_1.0.200.202406191623/tools/bin/../lib/gcc/arm-none-eabi/12.3.1/../../../../arm-none-eabi/lib/thumb/v7-m/nofp\libc_nano.a(libc_a-nano-svfprintf.o)
                0x080057e4                __ssputs_r
 *fill*         0x0800589a        0x2 
 .text._svfprintf_r
                0x0800589c      0x1f8 C:/ST/STM32CubeIDE_1.14.1/STM32CubeIDE/plugins/com.st.stm32cube.ide.mcu.externaltools.gnu-tools-for-stm32.12.3.rel1.win32_1.0.200.202406191623/tools/bin/../lib/gcc/arm-none-eabi/12.3.1/../../../../arm-none-eabi/lib/thumb/v7-m/nofp\libc_nano.a(libc_a-nano-svfprintf.o)
                0x0800589c                _svfiprintf_r
                0x0800589c                _svfprintf_r
 .text._printf_common
                0x08005a94       0xe4 C:/ST/STM32CubeIDE_1.14.1/STM32CubeIDE/plugins/com.st.stm32cube.ide.mcu.externaltools.gnu-tools-for-stm32.12.3.rel1.win32_1.0.200.202406191623/tools/bin/../lib/gcc/arm-none-eabi/12.3.1/../../../../arm-none-eabi/lib/thumb/v7-m/nofp\libc_nano.a(libc_a-nano-vfprintf_i.o)
                0x08005a94                _printf_common
 .text._printf_i
                0x08005b78      0x240 C:/ST/STM32CubeIDE_1.14.1/STM32CubeIDE/plugins/com.st.stm32cube.ide.mcu.externaltools.gnu-tools-for-stm32.12.3.rel1.win32_1.0.200.202406191623/tools/bin/../lib/gcc/arm-none-eabi/12.3.1/../../../../arm-none-eabi/lib/thumb/v7-m/nofp\libc_nano.a(libc_a-nano-vfprintf_i.o)
                0x08005b78                _printf_i
 .text.memmove  0x08005db8       0x34 C:/ST/STM32CubeIDE_1.14.1/STM32CubeIDE/plugins/com.st.stm32cube.ide.mcu.externaltools.gnu-tools-for-stm32.12.3.rel1.win32_1.0.200.202406191623/tools/bin/../lib/gcc/arm-none-eabi/12.3.1/../../../../arm-none-eabi/lib/thumb/v7-m/nofp\libc_nano.a(libc_a-memmove.o)
                0x08005db8                memmove
 .text._sbrk_r  0x08005dec       0x20 C:/ST/STM32CubeIDE_1.14.1/STM32CubeIDE/plugins/com.st.stm32cube.ide.mcu.externaltools.gnu-tools-for-stm32.12.3.rel1.win32_1.0.200.202406191623/tools/bin/../lib/gcc/arm-none-eabi/12.3.1/../../../../arm-none-eabi/lib/thumb/v7-m/nofp\libc_nano.a(libc_a-sbrkr.o)
                0x08005dec                _sbrk_r
 .text.memchr   0x08005e0c       0x1c C:/ST/STM32CubeIDE_1.14.1/STM32CubeIDE/plugins/com.st.stm32cube.ide.mcu.externaltools.gnu-tools-for-stm32.12.3.rel1.win32_1.0.200.202406191623/tools/bin/../lib/gcc/arm-none-eabi/12.3.1/../../../../arm-none-eabi/lib/thumb/v7-m/nofp\libc_nano.a(libc_a-memchr-stub.o)
                0x08005e0c                memchr
 .text.memcpy   0x08005e28       0x1c C:/ST/STM32CubeIDE_1.14.1/STM32CubeIDE/plugins/com.st.stm32cube.ide.mcu.externaltools.gnu-tools-for-stm32.12.3.rel1.win32_1.0.200.202406191623/tools/bin/../lib/gcc/arm-none-eabi/12.3.1/../../../../arm-none-eabi/lib/thumb/v7-m/nofp\libc_nano.a(libc_a-memcpy-stub.o)
                0x08005e28                memcpy
 .text._realloc_r
                0x08005e44       0x5c C:/ST/STM32CubeIDE_1.14.1/STM32CubeIDE/plugins/com.st.stm32cube.ide.mcu.externaltools.gnu-tools-for-stm32.12.3.rel1.win32_1.0.200.202406191623/tools/bin/../lib/gcc/arm-none-eabi/12.3.1/../../../../arm-none-eabi/lib/thumb/v7-m/nofp\libc_nano.a(libc_a-reallocr.o)
                0x08005e44                _realloc_r
 .text._malloc_usable_size_r
                0x08005ea0       0x10 C:/ST/STM32CubeIDE_1.14.1/STM32CubeIDE/plugins/com.st.stm32cube.ide.mcu.externaltools.gnu-tools-for-stm32.12.3.rel1.win32_1.0.200.202406191623/tools/bin/../lib/gcc/arm-none-eabi/12.3.1/../../../../arm-none-eabi/lib/thumb/v7-m/nofp\libc_nano.a(libc_a-msizer.o)
                0x08005ea0                _malloc_usable_size_r
 *(.glue_7)
 .glue_7        0x08005eb0        0x0 linker stubs
 *(.glue_7t)
 .glue_7t       0x08005eb0        0x0 linker stubs
 *(.eh_frame)
 .eh_frame      0x08005eb0        0x0 C:/ST/STM32CubeIDE_1.14.1/STM32CubeIDE/plugins/com.st.stm32cube.ide.mcu.externaltools.gnu-tools-for-stm32.12.3.rel1.win32_1.0.200.202406191623/tools/bin/../lib/gcc/arm-none-eabi/12.3.1/thumb/v7-m/nofp/crtbegin.o
 *(.init)
 .init          0x08005eb0        0x4 C:/ST/STM32CubeIDE_1.14.1/STM32CubeIDE/plugins/com.st.stm32cube.ide.mcu.externaltools.gnu-tools-for-stm32.12.3.rel1.win32_1.0.200.202406191623/tools/bin/../lib/gcc/arm-none-eabi/12.3.1/thumb/v7-m/nofp/crti.o
                0x08005eb0                _init
 .init          0x08005eb4        0x8 C:/ST/STM32CubeIDE_1.14.1/STM32CubeIDE/plugins/com.st.stm32cube.ide.mcu.externaltools.gnu-tools-for-stm32.12.3.rel1.win32_1.0.200.202406191623/tools/bin/../lib/gcc/arm-none-eabi/12.3.1/thumb/v7-m/nofp/crtn.o
 *(.fini)
 .fini          0x08005ebc        0x4 C:/ST/STM32CubeIDE_1.14.1/STM32CubeIDE/plugins/com.st.stm32cube.ide.mcu.externaltools.gnu-tools-for-stm32.12.3.rel1.win32_1.0.200.202406191623/tools/bin/../lib/gcc/arm-none-eabi/12.3.1/thumb/v7-m/nofp/crti.o
                0x08005ebc                _fini
 .fini          0x08005ec0        0x8 C:/ST/STM32CubeIDE_1.14.1/STM32CubeIDE/plugins/com.st.stm32cube.ide.mcu.externaltools.gnu-tools-for-stm32.12.3.rel1.win32_1.0.200.202406191623/tools/bin/../lib/gcc/arm-none-eabi/12.3.1/thumb/v7-m/nofp/crtn.o
                0x08005ec8                        . = ALIGN (0x4)
                0x08005ec8                        _etext = .

.vfp11_veneer   0x08005ec8        0x0
 .vfp11_veneer  0x08005ec8        0x0 linker stubs

.v4_bx          0x08005ec8        0x0
 .v4_bx         0x08005ec8        0x0 linker stubs

.iplt           0x08005ec8        0x0
 .iplt          0x08005ec8        0x0 C:/ST/STM32CubeIDE_1.14.1/STM32CubeIDE/plugins/com.st.stm32cube.ide.mcu.externaltools.gnu-tools-for-stm32.12.3.rel1.win32_1.0.200.202406191623/tools/bin/../lib/gcc/arm-none-eabi/12.3.1/thumb/v7-m/nofp/crtbegin.o

.rodata         0x08005ec8      0x188
                0x08005ec8                        . = ALIGN (0x4)
 *(.rodata)
 .rodata        0x08005ec8       0x14 ./Core/Src/dev_act_hdl.o
 .rodata        0x08005edc       0x59 ./Core/Src/main.o
 *(.rodata*)
 *fill*         0x08005f35        0x3 
 .rodata.uch_spo2_table
                0x08005f38       0xb8 ./Core/Src/spo2_algorithm.o
 .rodata.AHBPrescTable
                0x08005ff0       0x10 ./Core/Src/system_stm32f1xx.o
                0x08005ff0                AHBPrescTable
 .rodata.APBPrescTable
                0x08006000        0x8 ./Core/Src/system_stm32f1xx.o
                0x08006000                APBPrescTable
 .rodata.aPLLMULFactorTable.1
                0x08006008       0x10 ./Drivers/STM32F1xx_HAL_Driver/Src/stm32f1xx_hal_rcc.o
 .rodata.aPredivFactorTable.0
                0x08006018        0x2 ./Drivers/STM32F1xx_HAL_Driver/Src/stm32f1xx_hal_rcc.o
 .rodata._svfprintf_r.str1.1
                0x0800601a       0x11 C:/ST/STM32CubeIDE_1.14.1/STM32CubeIDE/plugins/com.st.stm32cube.ide.mcu.externaltools.gnu-tools-for-stm32.12.3.rel1.win32_1.0.200.202406191623/tools/bin/../lib/gcc/arm-none-eabi/12.3.1/../../../../arm-none-eabi/lib/thumb/v7-m/nofp\libc_nano.a(libc_a-nano-svfprintf.o)
 .rodata._printf_i.str1.1
                0x0800602b       0x22 C:/ST/STM32CubeIDE_1.14.1/STM32CubeIDE/plugins/com.st.stm32cube.ide.mcu.externaltools.gnu-tools-for-stm32.12.3.rel1.win32_1.0.200.202406191623/tools/bin/../lib/gcc/arm-none-eabi/12.3.1/../../../../arm-none-eabi/lib/thumb/v7-m/nofp\libc_nano.a(libc_a-nano-vfprintf_i.o)
                0x08006050                        . = ALIGN (0x4)
 *fill*         0x0800604d        0x3 

.rel.dyn        0x08006050        0x0
 .rel.iplt      0x08006050        0x0 C:/ST/STM32CubeIDE_1.14.1/STM32CubeIDE/plugins/com.st.stm32cube.ide.mcu.externaltools.gnu-tools-for-stm32.12.3.rel1.win32_1.0.200.202406191623/tools/bin/../lib/gcc/arm-none-eabi/12.3.1/thumb/v7-m/nofp/crtbegin.o

.ARM.extab      0x08006050        0x0
                0x08006050                        . = ALIGN (0x4)
 *(.ARM.extab* .gnu.linkonce.armextab.*)
                0x08006050                        . = ALIGN (0x4)

.ARM            0x08006050        0x0
                0x08006050                        . = ALIGN (0x4)
                0x08006050                        __exidx_start = .
 *(.ARM.exidx*)
                0x08006050                        __exidx_end = .
                0x08006050                        . = ALIGN (0x4)

.preinit_array  0x08006050        0x0
                0x08006050                        . = ALIGN (0x4)
                0x08006050                        PROVIDE (__preinit_array_start = .)
 *(.preinit_array*)
                0x08006050                        PROVIDE (__preinit_array_end = .)
                0x08006050                        . = ALIGN (0x4)

.init_array     0x08006050        0x4
                0x08006050                        . = ALIGN (0x4)
                0x08006050                        PROVIDE (__init_array_start = .)
 *(SORT_BY_NAME(.init_array.*))
 *(.init_array*)
 .init_array    0x08006050        0x4 C:/ST/STM32CubeIDE_1.14.1/STM32CubeIDE/plugins/com.st.stm32cube.ide.mcu.externaltools.gnu-tools-for-stm32.12.3.rel1.win32_1.0.200.202406191623/tools/bin/../lib/gcc/arm-none-eabi/12.3.1/thumb/v7-m/nofp/crtbegin.o
                0x08006054                        PROVIDE (__init_array_end = .)
                0x08006054                        . = ALIGN (0x4)

.fini_array     0x08006054        0x4
                0x08006054                        . = ALIGN (0x4)
                [!provide]                        PROVIDE (__fini_array_start = .)
 *(SORT_BY_NAME(.fini_array.*))
 *(.fini_array*)
 .fini_array    0x08006054        0x4 C:/ST/STM32CubeIDE_1.14.1/STM32CubeIDE/plugins/com.st.stm32cube.ide.mcu.externaltools.gnu-tools-for-stm32.12.3.rel1.win32_1.0.200.202406191623/tools/bin/../lib/gcc/arm-none-eabi/12.3.1/thumb/v7-m/nofp/crtbegin.o
                [!provide]                        PROVIDE (__fini_array_end = .)
                0x08006058                        . = ALIGN (0x4)
                0x08006058                        _sidata = LOADADDR (.data)

.data           0x20000000      0x264 load address 0x08006058
                0x20000000                        . = ALIGN (0x4)
                0x20000000                        _sdata = .
 *(.data)
 *(.data*)
 .data.crctable16
                0x20000000      0x200 ./Core/Src/CRC16.o
                0x20000000                crctable16
 .data.FP_HEADER
                0x20000200        0x4 ./Core/Src/FRAME_PARSE.o
                0x20000200                FP_HEADER
 .data.startToCalculate
                0x20000204        0x1 ./Core/Src/main.o
                0x20000204                startToCalculate
 *fill*         0x20000205        0x3 
 .data.SystemCoreClock
                0x20000208        0x4 ./Core/Src/system_stm32f1xx.o
                0x20000208                SystemCoreClock
 .data.uwTickPrio
                0x2000020c        0x4 ./Drivers/STM32F1xx_HAL_Driver/Src/stm32f1xx_hal.o
                0x2000020c                uwTickPrio
 .data.uwTickFreq
                0x20000210        0x1 ./Drivers/STM32F1xx_HAL_Driver/Src/stm32f1xx_hal.o
                0x20000210                uwTickFreq
 *fill*         0x20000211        0x3 
 .data._impure_ptr
                0x20000214        0x4 C:/ST/STM32CubeIDE_1.14.1/STM32CubeIDE/plugins/com.st.stm32cube.ide.mcu.externaltools.gnu-tools-for-stm32.12.3.rel1.win32_1.0.200.202406191623/tools/bin/../lib/gcc/arm-none-eabi/12.3.1/../../../../arm-none-eabi/lib/thumb/v7-m/nofp\libc_nano.a(libc_a-impure.o)
                0x20000214                _impure_ptr
 .data._impure_data
                0x20000218       0x4c C:/ST/STM32CubeIDE_1.14.1/STM32CubeIDE/plugins/com.st.stm32cube.ide.mcu.externaltools.gnu-tools-for-stm32.12.3.rel1.win32_1.0.200.202406191623/tools/bin/../lib/gcc/arm-none-eabi/12.3.1/../../../../arm-none-eabi/lib/thumb/v7-m/nofp\libc_nano.a(libc_a-impure.o)
                0x20000218                _impure_data
 *(.RamFunc)
 *(.RamFunc*)
                0x20000264                        . = ALIGN (0x4)
                0x20000264                        _edata = .

.igot.plt       0x20000264        0x0 load address 0x080062bc
 .igot.plt      0x20000264        0x0 C:/ST/STM32CubeIDE_1.14.1/STM32CubeIDE/plugins/com.st.stm32cube.ide.mcu.externaltools.gnu-tools-for-stm32.12.3.rel1.win32_1.0.200.202406191623/tools/bin/../lib/gcc/arm-none-eabi/12.3.1/thumb/v7-m/nofp/crtbegin.o
                0x20000264                        . = ALIGN (0x4)

.bss            0x20000264      0xd68 load address 0x080062bc
                0x20000264                        _sbss = .
                0x20000264                        __bss_start__ = _sbss
 *(.bss)
 .bss           0x20000264       0x1c C:/ST/STM32CubeIDE_1.14.1/STM32CubeIDE/plugins/com.st.stm32cube.ide.mcu.externaltools.gnu-tools-for-stm32.12.3.rel1.win32_1.0.200.202406191623/tools/bin/../lib/gcc/arm-none-eabi/12.3.1/thumb/v7-m/nofp/crtbegin.o
 *(.bss*)
 .bss.hi2c2     0x20000280       0x54 ./Core/Src/main.o
                0x20000280                hi2c2
 .bss.huart4    0x200002d4       0x48 ./Core/Src/main.o
                0x200002d4                huart4
 .bss.huart1    0x2000031c       0x48 ./Core/Src/main.o
                0x2000031c                huart1
 .bss.receive_data
                0x20000364        0x1 ./Core/Src/main.o
                0x20000364                receive_data
 *fill*         0x20000365        0x3 
 .bss.FrameParse
                0x20000368      0x109 ./Core/Src/main.o
                0x20000368                FrameParse
 *fill*         0x20000471        0x3 
 .bss.particleSensor
                0x20000474       0x3c ./Core/Src/main.o
                0x20000474                particleSensor
 .bss.USART_handler
                0x200004b0        0x4 ./Core/Src/main.o
                0x200004b0                USART_handler
 .bss.irBuffer  0x200004b4       0xc8 ./Core/Src/main.o
                0x200004b4                irBuffer
 .bss.redBuffer
                0x2000057c       0xc8 ./Core/Src/main.o
                0x2000057c                redBuffer
 .bss.spo2      0x20000644        0x4 ./Core/Src/main.o
                0x20000644                spo2
 .bss.validSPO2
                0x20000648        0x1 ./Core/Src/main.o
                0x20000648                validSPO2
 *fill*         0x20000649        0x3 
 .bss.heartRate
                0x2000064c        0x4 ./Core/Src/main.o
                0x2000064c                heartRate
 .bss.validHeartRate
                0x20000650        0x1 ./Core/Src/main.o
                0x20000650                validHeartRate
 *fill*         0x20000651        0x3 
 .bss.an_x      0x20000654      0x190 ./Core/Src/spo2_algorithm.o
 .bss.an_y      0x200007e4      0x190 ./Core/Src/spo2_algorithm.o
 .bss.__sbrk_heap_end
                0x20000974        0x4 ./Core/Src/sysmem.o
 .bss.RxBuf     0x20000978      0x400 ./Core/Src/uart_imp.o
                0x20000978                RxBuf
 .bss.RxHead    0x20000d78        0x4 ./Core/Src/uart_imp.o
                0x20000d78                RxHead
 .bss.RxTail    0x20000d7c        0x4 ./Core/Src/uart_imp.o
                0x20000d7c                RxTail
 .bss.buffer.0  0x20000d80      0x100 ./Core/Src/uart_print.o
 .bss.uwTick    0x20000e80        0x4 ./Drivers/STM32F1xx_HAL_Driver/Src/stm32f1xx_hal.o
                0x20000e80                uwTick
 .bss.__sf      0x20000e84      0x138 C:/ST/STM32CubeIDE_1.14.1/STM32CubeIDE/plugins/com.st.stm32cube.ide.mcu.externaltools.gnu-tools-for-stm32.12.3.rel1.win32_1.0.200.202406191623/tools/bin/../lib/gcc/arm-none-eabi/12.3.1/../../../../arm-none-eabi/lib/thumb/v7-m/nofp\libc_nano.a(libc_a-findfp.o)
                0x20000e84                __sf
 .bss.errno     0x20000fbc        0x4 C:/ST/STM32CubeIDE_1.14.1/STM32CubeIDE/plugins/com.st.stm32cube.ide.mcu.externaltools.gnu-tools-for-stm32.12.3.rel1.win32_1.0.200.202406191623/tools/bin/../lib/gcc/arm-none-eabi/12.3.1/../../../../arm-none-eabi/lib/thumb/v7-m/nofp\libc_nano.a(libc_a-reent.o)
                0x20000fbc                errno
 .bss.__lock___malloc_recursive_mutex
                0x20000fc0        0x1 C:/ST/STM32CubeIDE_1.14.1/STM32CubeIDE/plugins/com.st.stm32cube.ide.mcu.externaltools.gnu-tools-for-stm32.12.3.rel1.win32_1.0.200.202406191623/tools/bin/../lib/gcc/arm-none-eabi/12.3.1/../../../../arm-none-eabi/lib/thumb/v7-m/nofp\libc_nano.a(libc_a-lock.o)
                0x20000fc0                __lock___malloc_recursive_mutex
 *fill*         0x20000fc1        0x3 
 .bss.__malloc_sbrk_start
                0x20000fc4        0x4 C:/ST/STM32CubeIDE_1.14.1/STM32CubeIDE/plugins/com.st.stm32cube.ide.mcu.externaltools.gnu-tools-for-stm32.12.3.rel1.win32_1.0.200.202406191623/tools/bin/../lib/gcc/arm-none-eabi/12.3.1/../../../../arm-none-eabi/lib/thumb/v7-m/nofp\libc_nano.a(libc_a-mallocr.o)
                0x20000fc4                __malloc_sbrk_start
 .bss.__malloc_free_list
                0x20000fc8        0x4 C:/ST/STM32CubeIDE_1.14.1/STM32CubeIDE/plugins/com.st.stm32cube.ide.mcu.externaltools.gnu-tools-for-stm32.12.3.rel1.win32_1.0.200.202406191623/tools/bin/../lib/gcc/arm-none-eabi/12.3.1/../../../../arm-none-eabi/lib/thumb/v7-m/nofp\libc_nano.a(libc_a-mallocr.o)
                0x20000fc8                __malloc_free_list
 *(COMMON)
                0x20000fcc                        . = ALIGN (0x4)
                0x20000fcc                        _ebss = .
                0x20000fcc                        __bss_end__ = _ebss

._user_heap_stack
                0x20000fcc      0x604 load address 0x080062bc
                0x20000fd0                        . = ALIGN (0x8)
 *fill*         0x20000fcc        0x4 
                [!provide]                        PROVIDE (end = .)
                0x20000fd0                        PROVIDE (_end = .)
                0x200011d0                        . = (. + _Min_Heap_Size)
 *fill*         0x20000fd0      0x200 
                0x200015d0                        . = (. + _Min_Stack_Size)
 *fill*         0x200011d0      0x400 
                0x200015d0                        . = ALIGN (0x8)

/DISCARD/
 libc.a(*)
 libm.a(*)
 libgcc.a(*)

.ARM.attributes
                0x00000000       0x29
 *(.ARM.attributes)
 .ARM.attributes
                0x00000000       0x1d C:/ST/STM32CubeIDE_1.14.1/STM32CubeIDE/plugins/com.st.stm32cube.ide.mcu.externaltools.gnu-tools-for-stm32.12.3.rel1.win32_1.0.200.202406191623/tools/bin/../lib/gcc/arm-none-eabi/12.3.1/thumb/v7-m/nofp/crti.o
 .ARM.attributes
                0x0000001d       0x2d C:/ST/STM32CubeIDE_1.14.1/STM32CubeIDE/plugins/com.st.stm32cube.ide.mcu.externaltools.gnu-tools-for-stm32.12.3.rel1.win32_1.0.200.202406191623/tools/bin/../lib/gcc/arm-none-eabi/12.3.1/thumb/v7-m/nofp/crtbegin.o
 .ARM.attributes
                0x0000004a       0x2d ./Core/Src/CRC16.o
 .ARM.attributes
                0x00000077       0x2d ./Core/Src/FRAME_PARSE.o
 .ARM.attributes
                0x000000a4       0x2d ./Core/Src/dev_act_hdl.o
 .ARM.attributes
                0x000000d1       0x2d ./Core/Src/main.o
 .ARM.attributes
                0x000000fe       0x2d ./Core/Src/max30102.o
 .ARM.attributes
                0x0000012b       0x2d ./Core/Src/spo2_algorithm.o
 .ARM.attributes
                0x00000158       0x2d ./Core/Src/stm32f1xx_hal_msp.o
 .ARM.attributes
                0x00000185       0x2d ./Core/Src/stm32f1xx_it.o
 .ARM.attributes
                0x000001b2       0x2d ./Core/Src/sysmem.o
 .ARM.attributes
                0x000001df       0x2d ./Core/Src/system_stm32f1xx.o
 .ARM.attributes
                0x0000020c       0x2d ./Core/Src/uart_imp.o
 .ARM.attributes
                0x00000239       0x2d ./Core/Src/uart_print.o
 .ARM.attributes
                0x00000266       0x21 ./Core/Startup/startup_stm32f103rctx.o
 .ARM.attributes
                0x00000287       0x2d ./Drivers/STM32F1xx_HAL_Driver/Src/stm32f1xx_hal.o
 .ARM.attributes
                0x000002b4       0x2d ./Drivers/STM32F1xx_HAL_Driver/Src/stm32f1xx_hal_cortex.o
 .ARM.attributes
                0x000002e1       0x2d ./Drivers/STM32F1xx_HAL_Driver/Src/stm32f1xx_hal_dma.o
 .ARM.attributes
                0x0000030e       0x2d ./Drivers/STM32F1xx_HAL_Driver/Src/stm32f1xx_hal_gpio.o
 .ARM.attributes
                0x0000033b       0x2d ./Drivers/STM32F1xx_HAL_Driver/Src/stm32f1xx_hal_i2c.o
 .ARM.attributes
                0x00000368       0x2d ./Drivers/STM32F1xx_HAL_Driver/Src/stm32f1xx_hal_rcc.o
 .ARM.attributes
                0x00000395       0x2d ./Drivers/STM32F1xx_HAL_Driver/Src/stm32f1xx_hal_uart.o
 .ARM.attributes
                0x000003c2       0x2d C:/ST/STM32CubeIDE_1.14.1/STM32CubeIDE/plugins/com.st.stm32cube.ide.mcu.externaltools.gnu-tools-for-stm32.12.3.rel1.win32_1.0.200.202406191623/tools/bin/../lib/gcc/arm-none-eabi/12.3.1/../../../../arm-none-eabi/lib/thumb/v7-m/nofp\libc_nano.a(libc_a-findfp.o)
 .ARM.attributes
                0x000003ef       0x2d C:/ST/STM32CubeIDE_1.14.1/STM32CubeIDE/plugins/com.st.stm32cube.ide.mcu.externaltools.gnu-tools-for-stm32.12.3.rel1.win32_1.0.200.202406191623/tools/bin/../lib/gcc/arm-none-eabi/12.3.1/../../../../arm-none-eabi/lib/thumb/v7-m/nofp\libc_nano.a(libc_a-vsnprintf.o)
 .ARM.attributes
                0x0000041c       0x2d C:/ST/STM32CubeIDE_1.14.1/STM32CubeIDE/plugins/com.st.stm32cube.ide.mcu.externaltools.gnu-tools-for-stm32.12.3.rel1.win32_1.0.200.202406191623/tools/bin/../lib/gcc/arm-none-eabi/12.3.1/../../../../arm-none-eabi/lib/thumb/v7-m/nofp\libc_nano.a(libc_a-memset.o)
 .ARM.attributes
                0x00000449       0x2d C:/ST/STM32CubeIDE_1.14.1/STM32CubeIDE/plugins/com.st.stm32cube.ide.mcu.externaltools.gnu-tools-for-stm32.12.3.rel1.win32_1.0.200.202406191623/tools/bin/../lib/gcc/arm-none-eabi/12.3.1/../../../../arm-none-eabi/lib/thumb/v7-m/nofp\libc_nano.a(libc_a-reent.o)
 .ARM.attributes
                0x00000476       0x2d C:/ST/STM32CubeIDE_1.14.1/STM32CubeIDE/plugins/com.st.stm32cube.ide.mcu.externaltools.gnu-tools-for-stm32.12.3.rel1.win32_1.0.200.202406191623/tools/bin/../lib/gcc/arm-none-eabi/12.3.1/../../../../arm-none-eabi/lib/thumb/v7-m/nofp\libc_nano.a(libc_a-impure.o)
 .ARM.attributes
                0x000004a3       0x2d C:/ST/STM32CubeIDE_1.14.1/STM32CubeIDE/plugins/com.st.stm32cube.ide.mcu.externaltools.gnu-tools-for-stm32.12.3.rel1.win32_1.0.200.202406191623/tools/bin/../lib/gcc/arm-none-eabi/12.3.1/../../../../arm-none-eabi/lib/thumb/v7-m/nofp\libc_nano.a(libc_a-errno.o)
 .ARM.attributes
                0x000004d0       0x2d C:/ST/STM32CubeIDE_1.14.1/STM32CubeIDE/plugins/com.st.stm32cube.ide.mcu.externaltools.gnu-tools-for-stm32.12.3.rel1.win32_1.0.200.202406191623/tools/bin/../lib/gcc/arm-none-eabi/12.3.1/../../../../arm-none-eabi/lib/thumb/v7-m/nofp\libc_nano.a(libc_a-init.o)
 .ARM.attributes
                0x000004fd       0x2d C:/ST/STM32CubeIDE_1.14.1/STM32CubeIDE/plugins/com.st.stm32cube.ide.mcu.externaltools.gnu-tools-for-stm32.12.3.rel1.win32_1.0.200.202406191623/tools/bin/../lib/gcc/arm-none-eabi/12.3.1/../../../../arm-none-eabi/lib/thumb/v7-m/nofp\libc_nano.a(libc_a-lock.o)
 .ARM.attributes
                0x0000052a       0x2d C:/ST/STM32CubeIDE_1.14.1/STM32CubeIDE/plugins/com.st.stm32cube.ide.mcu.externaltools.gnu-tools-for-stm32.12.3.rel1.win32_1.0.200.202406191623/tools/bin/../lib/gcc/arm-none-eabi/12.3.1/../../../../arm-none-eabi/lib/thumb/v7-m/nofp\libc_nano.a(libc_a-freer.o)
 .ARM.attributes
                0x00000557       0x2d C:/ST/STM32CubeIDE_1.14.1/STM32CubeIDE/plugins/com.st.stm32cube.ide.mcu.externaltools.gnu-tools-for-stm32.12.3.rel1.win32_1.0.200.202406191623/tools/bin/../lib/gcc/arm-none-eabi/12.3.1/../../../../arm-none-eabi/lib/thumb/v7-m/nofp\libc_nano.a(libc_a-mallocr.o)
 .ARM.attributes
                0x00000584       0x2d C:/ST/STM32CubeIDE_1.14.1/STM32CubeIDE/plugins/com.st.stm32cube.ide.mcu.externaltools.gnu-tools-for-stm32.12.3.rel1.win32_1.0.200.202406191623/tools/bin/../lib/gcc/arm-none-eabi/12.3.1/../../../../arm-none-eabi/lib/thumb/v7-m/nofp\libc_nano.a(libc_a-mlock.o)
 .ARM.attributes
                0x000005b1       0x2d C:/ST/STM32CubeIDE_1.14.1/STM32CubeIDE/plugins/com.st.stm32cube.ide.mcu.externaltools.gnu-tools-for-stm32.12.3.rel1.win32_1.0.200.202406191623/tools/bin/../lib/gcc/arm-none-eabi/12.3.1/../../../../arm-none-eabi/lib/thumb/v7-m/nofp\libc_nano.a(libc_a-nano-svfprintf.o)
 .ARM.attributes
                0x000005de       0x2d C:/ST/STM32CubeIDE_1.14.1/STM32CubeIDE/plugins/com.st.stm32cube.ide.mcu.externaltools.gnu-tools-for-stm32.12.3.rel1.win32_1.0.200.202406191623/tools/bin/../lib/gcc/arm-none-eabi/12.3.1/../../../../arm-none-eabi/lib/thumb/v7-m/nofp\libc_nano.a(libc_a-nano-vfprintf_i.o)
 .ARM.attributes
                0x0000060b       0x2d C:/ST/STM32CubeIDE_1.14.1/STM32CubeIDE/plugins/com.st.stm32cube.ide.mcu.externaltools.gnu-tools-for-stm32.12.3.rel1.win32_1.0.200.202406191623/tools/bin/../lib/gcc/arm-none-eabi/12.3.1/../../../../arm-none-eabi/lib/thumb/v7-m/nofp\libc_nano.a(libc_a-memmove.o)
 .ARM.attributes
                0x00000638       0x2d C:/ST/STM32CubeIDE_1.14.1/STM32CubeIDE/plugins/com.st.stm32cube.ide.mcu.externaltools.gnu-tools-for-stm32.12.3.rel1.win32_1.0.200.202406191623/tools/bin/../lib/gcc/arm-none-eabi/12.3.1/../../../../arm-none-eabi/lib/thumb/v7-m/nofp\libc_nano.a(libc_a-sbrkr.o)
 .ARM.attributes
                0x00000665       0x2d C:/ST/STM32CubeIDE_1.14.1/STM32CubeIDE/plugins/com.st.stm32cube.ide.mcu.externaltools.gnu-tools-for-stm32.12.3.rel1.win32_1.0.200.202406191623/tools/bin/../lib/gcc/arm-none-eabi/12.3.1/../../../../arm-none-eabi/lib/thumb/v7-m/nofp\libc_nano.a(libc_a-memchr-stub.o)
 .ARM.attributes
                0x00000692       0x2d C:/ST/STM32CubeIDE_1.14.1/STM32CubeIDE/plugins/com.st.stm32cube.ide.mcu.externaltools.gnu-tools-for-stm32.12.3.rel1.win32_1.0.200.202406191623/tools/bin/../lib/gcc/arm-none-eabi/12.3.1/../../../../arm-none-eabi/lib/thumb/v7-m/nofp\libc_nano.a(libc_a-memcpy-stub.o)
 .ARM.attributes
                0x000006bf       0x2d C:/ST/STM32CubeIDE_1.14.1/STM32CubeIDE/plugins/com.st.stm32cube.ide.mcu.externaltools.gnu-tools-for-stm32.12.3.rel1.win32_1.0.200.202406191623/tools/bin/../lib/gcc/arm-none-eabi/12.3.1/../../../../arm-none-eabi/lib/thumb/v7-m/nofp\libc_nano.a(libc_a-reallocr.o)
 .ARM.attributes
                0x000006ec       0x2d C:/ST/STM32CubeIDE_1.14.1/STM32CubeIDE/plugins/com.st.stm32cube.ide.mcu.externaltools.gnu-tools-for-stm32.12.3.rel1.win32_1.0.200.202406191623/tools/bin/../lib/gcc/arm-none-eabi/12.3.1/../../../../arm-none-eabi/lib/thumb/v7-m/nofp\libc_nano.a(libc_a-msizer.o)
 .ARM.attributes
                0x00000719       0x1d C:/ST/STM32CubeIDE_1.14.1/STM32CubeIDE/plugins/com.st.stm32cube.ide.mcu.externaltools.gnu-tools-for-stm32.12.3.rel1.win32_1.0.200.202406191623/tools/bin/../lib/gcc/arm-none-eabi/12.3.1/thumb/v7-m/nofp/crtn.o
OUTPUT(SERIAL_COMMUNICATION.elf elf32-littlearm)
LOAD linker stubs
LOAD C:/ST/STM32CubeIDE_1.14.1/STM32CubeIDE/plugins/com.st.stm32cube.ide.mcu.externaltools.gnu-tools-for-stm32.12.3.rel1.win32_1.0.200.202406191623/tools/bin/../lib/gcc/arm-none-eabi/12.3.1/../../../../arm-none-eabi/lib/thumb/v7-m/nofp\libc.a
LOAD C:/ST/STM32CubeIDE_1.14.1/STM32CubeIDE/plugins/com.st.stm32cube.ide.mcu.externaltools.gnu-tools-for-stm32.12.3.rel1.win32_1.0.200.202406191623/tools/bin/../lib/gcc/arm-none-eabi/12.3.1/../../../../arm-none-eabi/lib/thumb/v7-m/nofp\libm.a
LOAD C:/ST/STM32CubeIDE_1.14.1/STM32CubeIDE/plugins/com.st.stm32cube.ide.mcu.externaltools.gnu-tools-for-stm32.12.3.rel1.win32_1.0.200.202406191623/tools/bin/../lib/gcc/arm-none-eabi/12.3.1/thumb/v7-m/nofp\libgcc.a

.debug_info     0x00000000     0xd591
 .debug_info    0x00000000      0x14c ./Core/Src/CRC16.o
 .debug_info    0x0000014c      0x313 ./Core/Src/FRAME_PARSE.o
 .debug_info    0x0000045f      0x907 ./Core/Src/dev_act_hdl.o
 .debug_info    0x00000d66     0x153a ./Core/Src/main.o
 .debug_info    0x000022a0     0x136e ./Core/Src/max30102.o
 .debug_info    0x0000360e      0x573 ./Core/Src/spo2_algorithm.o
 .debug_info    0x00003b81      0xd5c ./Core/Src/stm32f1xx_hal_msp.o
 .debug_info    0x000048dd      0x60d ./Core/Src/stm32f1xx_it.o
 .debug_info    0x00004eea      0x168 ./Core/Src/sysmem.o
 .debug_info    0x00005052      0x222 ./Core/Src/system_stm32f1xx.o
 .debug_info    0x00005274      0x107 ./Core/Src/uart_imp.o
 .debug_info    0x0000537b      0x72c ./Core/Src/uart_print.o
 .debug_info    0x00005aa7       0x30 ./Core/Startup/startup_stm32f103rctx.o
 .debug_info    0x00005ad7      0x76a ./Drivers/STM32F1xx_HAL_Driver/Src/stm32f1xx_hal.o
 .debug_info    0x00006241      0xaed ./Drivers/STM32F1xx_HAL_Driver/Src/stm32f1xx_hal_cortex.o
 .debug_info    0x00006d2e      0x6d2 ./Drivers/STM32F1xx_HAL_Driver/Src/stm32f1xx_hal_dma.o
 .debug_info    0x00007400      0x5ab ./Drivers/STM32F1xx_HAL_Driver/Src/stm32f1xx_hal_gpio.o
 .debug_info    0x000079ab     0x2524 ./Drivers/STM32F1xx_HAL_Driver/Src/stm32f1xx_hal_i2c.o
 .debug_info    0x00009ecf      0x7d5 ./Drivers/STM32F1xx_HAL_Driver/Src/stm32f1xx_hal_rcc.o
 .debug_info    0x0000a6a4     0x2eed ./Drivers/STM32F1xx_HAL_Driver/Src/stm32f1xx_hal_uart.o

.debug_abbrev   0x00000000     0x2553
 .debug_abbrev  0x00000000       0xd5 ./Core/Src/CRC16.o
 .debug_abbrev  0x000000d5      0x199 ./Core/Src/FRAME_PARSE.o
 .debug_abbrev  0x0000026e      0x241 ./Core/Src/dev_act_hdl.o
 .debug_abbrev  0x000004af      0x359 ./Core/Src/main.o
 .debug_abbrev  0x00000808      0x2fc ./Core/Src/max30102.o
 .debug_abbrev  0x00000b04      0x126 ./Core/Src/spo2_algorithm.o
 .debug_abbrev  0x00000c2a      0x1ca ./Core/Src/stm32f1xx_hal_msp.o
 .debug_abbrev  0x00000df4      0x18b ./Core/Src/stm32f1xx_it.o
 .debug_abbrev  0x00000f7f       0xbc ./Core/Src/sysmem.o
 .debug_abbrev  0x0000103b      0x13f ./Core/Src/system_stm32f1xx.o
 .debug_abbrev  0x0000117a       0xb2 ./Core/Src/uart_imp.o
 .debug_abbrev  0x0000122c      0x1e7 ./Core/Src/uart_print.o
 .debug_abbrev  0x00001413       0x24 ./Core/Startup/startup_stm32f103rctx.o
 .debug_abbrev  0x00001437      0x201 ./Drivers/STM32F1xx_HAL_Driver/Src/stm32f1xx_hal.o
 .debug_abbrev  0x00001638      0x2f8 ./Drivers/STM32F1xx_HAL_Driver/Src/stm32f1xx_hal_cortex.o
 .debug_abbrev  0x00001930      0x20b ./Drivers/STM32F1xx_HAL_Driver/Src/stm32f1xx_hal_dma.o
 .debug_abbrev  0x00001b3b      0x1ca ./Drivers/STM32F1xx_HAL_Driver/Src/stm32f1xx_hal_gpio.o
 .debug_abbrev  0x00001d05      0x2a3 ./Drivers/STM32F1xx_HAL_Driver/Src/stm32f1xx_hal_i2c.o
 .debug_abbrev  0x00001fa8      0x2b3 ./Drivers/STM32F1xx_HAL_Driver/Src/stm32f1xx_hal_rcc.o
 .debug_abbrev  0x0000225b      0x2f8 ./Drivers/STM32F1xx_HAL_Driver/Src/stm32f1xx_hal_uart.o

.debug_aranges  0x00000000      0xbc0
 .debug_aranges
                0x00000000       0x28 ./Core/Src/CRC16.o
 .debug_aranges
                0x00000028       0x40 ./Core/Src/FRAME_PARSE.o
 .debug_aranges
                0x00000068       0x28 ./Core/Src/dev_act_hdl.o
 .debug_aranges
                0x00000090       0x60 ./Core/Src/main.o
 .debug_aranges
                0x000000f0      0x110 ./Core/Src/max30102.o
 .debug_aranges
                0x00000200       0x48 ./Core/Src/spo2_algorithm.o
 .debug_aranges
                0x00000248       0x40 ./Core/Src/stm32f1xx_hal_msp.o
 .debug_aranges
                0x00000288       0x70 ./Core/Src/stm32f1xx_it.o
 .debug_aranges
                0x000002f8       0x20 ./Core/Src/sysmem.o
 .debug_aranges
                0x00000318       0x28 ./Core/Src/system_stm32f1xx.o
 .debug_aranges
                0x00000340       0x20 ./Core/Src/uart_imp.o
 .debug_aranges
                0x00000360       0x40 ./Core/Src/uart_print.o
 .debug_aranges
                0x000003a0       0x28 ./Core/Startup/startup_stm32f103rctx.o
 .debug_aranges
                0x000003c8       0xe0 ./Drivers/STM32F1xx_HAL_Driver/Src/stm32f1xx_hal.o
 .debug_aranges
                0x000004a8      0x100 ./Drivers/STM32F1xx_HAL_Driver/Src/stm32f1xx_hal_cortex.o
 .debug_aranges
                0x000005a8       0x80 ./Drivers/STM32F1xx_HAL_Driver/Src/stm32f1xx_hal_dma.o
 .debug_aranges
                0x00000628       0x58 ./Drivers/STM32F1xx_HAL_Driver/Src/stm32f1xx_hal_gpio.o
 .debug_aranges
                0x00000680      0x2a8 ./Drivers/STM32F1xx_HAL_Driver/Src/stm32f1xx_hal_i2c.o
 .debug_aranges
                0x00000928       0x90 ./Drivers/STM32F1xx_HAL_Driver/Src/stm32f1xx_hal_rcc.o
 .debug_aranges
                0x000009b8      0x208 ./Drivers/STM32F1xx_HAL_Driver/Src/stm32f1xx_hal_uart.o

.debug_rnglists
                0x00000000      0x922
 .debug_rnglists
                0x00000000       0x19 ./Core/Src/CRC16.o
 .debug_rnglists
                0x00000019       0x2c ./Core/Src/FRAME_PARSE.o
 .debug_rnglists
                0x00000045       0x1b ./Core/Src/dev_act_hdl.o
 .debug_rnglists
                0x00000060       0x46 ./Core/Src/main.o
 .debug_rnglists
                0x000000a6       0xe1 ./Core/Src/max30102.o
 .debug_rnglists
                0x00000187       0x36 ./Core/Src/spo2_algorithm.o
 .debug_rnglists
                0x000001bd       0x2d ./Core/Src/stm32f1xx_hal_msp.o
 .debug_rnglists
                0x000001ea       0x4f ./Core/Src/stm32f1xx_it.o
 .debug_rnglists
                0x00000239       0x13 ./Core/Src/sysmem.o
 .debug_rnglists
                0x0000024c       0x1a ./Core/Src/system_stm32f1xx.o
 .debug_rnglists
                0x00000266       0x13 ./Core/Src/uart_imp.o
 .debug_rnglists
                0x00000279       0x2b ./Core/Src/uart_print.o
 .debug_rnglists
                0x000002a4       0x19 ./Core/Startup/startup_stm32f103rctx.o
 .debug_rnglists
                0x000002bd       0xa3 ./Drivers/STM32F1xx_HAL_Driver/Src/stm32f1xx_hal.o
 .debug_rnglists
                0x00000360       0xbb ./Drivers/STM32F1xx_HAL_Driver/Src/stm32f1xx_hal_cortex.o
 .debug_rnglists
                0x0000041b       0x64 ./Drivers/STM32F1xx_HAL_Driver/Src/stm32f1xx_hal_dma.o
 .debug_rnglists
                0x0000047f       0x3f ./Drivers/STM32F1xx_HAL_Driver/Src/stm32f1xx_hal_gpio.o
 .debug_rnglists
                0x000004be      0x23c ./Drivers/STM32F1xx_HAL_Driver/Src/stm32f1xx_hal_i2c.o
 .debug_rnglists
                0x000006fa       0x6c ./Drivers/STM32F1xx_HAL_Driver/Src/stm32f1xx_hal_rcc.o
 .debug_rnglists
                0x00000766      0x1bc ./Drivers/STM32F1xx_HAL_Driver/Src/stm32f1xx_hal_uart.o

.debug_macro    0x00000000    0x19f05
 .debug_macro   0x00000000       0x1a ./Core/Src/CRC16.o
 .debug_macro   0x0000001a      0xaa8 ./Core/Src/CRC16.o
 .debug_macro   0x00000ac2       0x10 ./Core/Src/CRC16.o
 .debug_macro   0x00000ad2       0x7b ./Core/Src/FRAME_PARSE.o
 .debug_macro   0x00000b4d       0x22 ./Core/Src/FRAME_PARSE.o
 .debug_macro   0x00000b6f       0x8e ./Core/Src/FRAME_PARSE.o
 .debug_macro   0x00000bfd       0x51 ./Core/Src/FRAME_PARSE.o
 .debug_macro   0x00000c4e      0x103 ./Core/Src/FRAME_PARSE.o
 .debug_macro   0x00000d51       0x6a ./Core/Src/FRAME_PARSE.o
 .debug_macro   0x00000dbb      0x1df ./Core/Src/FRAME_PARSE.o
 .debug_macro   0x00000f9a       0x6a ./Core/Src/FRAME_PARSE.o
 .debug_macro   0x00001004      0x2d9 ./Core/Src/dev_act_hdl.o
 .debug_macro   0x000012dd      0x21b ./Core/Src/dev_act_hdl.o
 .debug_macro   0x000014f8       0x2e ./Core/Src/dev_act_hdl.o
 .debug_macro   0x00001526       0x22 ./Core/Src/dev_act_hdl.o
 .debug_macro   0x00001548       0x1c ./Core/Src/dev_act_hdl.o
 .debug_macro   0x00001564       0x22 ./Core/Src/dev_act_hdl.o
 .debug_macro   0x00001586       0xbd ./Core/Src/dev_act_hdl.o
 .debug_macro   0x00001643      0xd23 ./Core/Src/dev_act_hdl.o
 .debug_macro   0x00002366     0xfd8c ./Core/Src/dev_act_hdl.o
 .debug_macro   0x000120f2       0x6d ./Core/Src/dev_act_hdl.o
 .debug_macro   0x0001215f     0x34a2 ./Core/Src/dev_act_hdl.o
 .debug_macro   0x00015601      0x189 ./Core/Src/dev_act_hdl.o
 .debug_macro   0x0001578a       0x5c ./Core/Src/dev_act_hdl.o
 .debug_macro   0x000157e6      0x5bc ./Core/Src/dev_act_hdl.o
 .debug_macro   0x00015da2      0x4d5 ./Core/Src/dev_act_hdl.o
 .debug_macro   0x00016277      0x1cb ./Core/Src/dev_act_hdl.o
 .debug_macro   0x00016442      0x114 ./Core/Src/dev_act_hdl.o
 .debug_macro   0x00016556      0x1ea ./Core/Src/dev_act_hdl.o
 .debug_macro   0x00016740       0x27 ./Core/Src/dev_act_hdl.o
 .debug_macro   0x00016767      0x144 ./Core/Src/dev_act_hdl.o
 .debug_macro   0x000168ab      0x1bc ./Core/Src/dev_act_hdl.o
 .debug_macro   0x00016a67       0x30 ./Core/Src/dev_act_hdl.o
 .debug_macro   0x00016a97       0x3c ./Core/Src/dev_act_hdl.o
 .debug_macro   0x00016ad3       0x57 ./Core/Src/dev_act_hdl.o
 .debug_macro   0x00016b2a       0x87 ./Core/Src/dev_act_hdl.o
 .debug_macro   0x00016bb1      0x24f ./Core/Src/dev_act_hdl.o
 .debug_macro   0x00016e00      0x287 ./Core/Src/dev_act_hdl.o
 .debug_macro   0x00017087      0x140 ./Core/Src/dev_act_hdl.o
 .debug_macro   0x000171c7      0x28e ./Core/Src/dev_act_hdl.o
 .debug_macro   0x00017455       0xb5 ./Core/Src/dev_act_hdl.o
 .debug_macro   0x0001750a       0x16 ./Core/Src/dev_act_hdl.o
 .debug_macro   0x00017520       0x70 ./Core/Src/dev_act_hdl.o
 .debug_macro   0x00017590       0x10 ./Core/Src/dev_act_hdl.o
 .debug_macro   0x000175a0       0x1c ./Core/Src/dev_act_hdl.o
 .debug_macro   0x000175bc       0x61 ./Core/Src/dev_act_hdl.o
 .debug_macro   0x0001761d       0x24 ./Core/Src/dev_act_hdl.o
 .debug_macro   0x00017641       0x43 ./Core/Src/dev_act_hdl.o
 .debug_macro   0x00017684       0x34 ./Core/Src/dev_act_hdl.o
 .debug_macro   0x000176b8       0x16 ./Core/Src/dev_act_hdl.o
 .debug_macro   0x000176ce       0x35 ./Core/Src/dev_act_hdl.o
 .debug_macro   0x00017703      0x369 ./Core/Src/dev_act_hdl.o
 .debug_macro   0x00017a6c       0x10 ./Core/Src/dev_act_hdl.o
 .debug_macro   0x00017a7c       0x16 ./Core/Src/dev_act_hdl.o
 .debug_macro   0x00017a92       0x43 ./Core/Src/dev_act_hdl.o
 .debug_macro   0x00017ad5       0x34 ./Core/Src/dev_act_hdl.o
 .debug_macro   0x00017b09       0x10 ./Core/Src/dev_act_hdl.o
 .debug_macro   0x00017b19       0x58 ./Core/Src/dev_act_hdl.o
 .debug_macro   0x00017b71       0x8e ./Core/Src/dev_act_hdl.o
 .debug_macro   0x00017bff       0x1c ./Core/Src/dev_act_hdl.o
 .debug_macro   0x00017c1b      0x177 ./Core/Src/dev_act_hdl.o
 .debug_macro   0x00017d92       0x16 ./Core/Src/dev_act_hdl.o
 .debug_macro   0x00017da8       0x16 ./Core/Src/dev_act_hdl.o
 .debug_macro   0x00017dbe      0x146 ./Core/Src/dev_act_hdl.o
 .debug_macro   0x00017f04       0x22 ./Core/Src/dev_act_hdl.o
 .debug_macro   0x00017f26       0x4c ./Core/Src/dev_act_hdl.o
 .debug_macro   0x00017f72      0x2de ./Core/Src/main.o
 .debug_macro   0x00018250       0x16 ./Core/Src/main.o
 .debug_macro   0x00018266       0x58 ./Core/Src/main.o
 .debug_macro   0x000182be      0x1c4 ./Core/Src/max30102.o
 .debug_macro   0x00018482      0x149 ./Core/Src/spo2_algorithm.o
 .debug_macro   0x000185cb       0x5b ./Core/Src/spo2_algorithm.o
 .debug_macro   0x00018626       0x94 ./Core/Src/spo2_algorithm.o
 .debug_macro   0x000186ba       0x57 ./Core/Src/spo2_algorithm.o
 .debug_macro   0x00018711       0x9e ./Core/Src/spo2_algorithm.o
 .debug_macro   0x000187af      0x10b ./Core/Src/spo2_algorithm.o
 .debug_macro   0x000188ba      0x1b5 ./Core/Src/stm32f1xx_hal_msp.o
 .debug_macro   0x00018a6f      0x1bf ./Core/Src/stm32f1xx_it.o
 .debug_macro   0x00018c2e       0xff ./Core/Src/sysmem.o
 .debug_macro   0x00018d2d      0x23c ./Core/Src/sysmem.o
 .debug_macro   0x00018f69      0x198 ./Core/Src/system_stm32f1xx.o
 .debug_macro   0x00019101       0x24 ./Core/Src/uart_imp.o
 .debug_macro   0x00019125      0x1c8 ./Core/Src/uart_print.o
 .debug_macro   0x000192ed      0x1bc ./Drivers/STM32F1xx_HAL_Driver/Src/stm32f1xx_hal.o
 .debug_macro   0x000194a9      0x198 ./Drivers/STM32F1xx_HAL_Driver/Src/stm32f1xx_hal_cortex.o
 .debug_macro   0x00019641      0x198 ./Drivers/STM32F1xx_HAL_Driver/Src/stm32f1xx_hal_dma.o
 .debug_macro   0x000197d9      0x203 ./Drivers/STM32F1xx_HAL_Driver/Src/stm32f1xx_hal_gpio.o
 .debug_macro   0x000199dc      0x1e6 ./Drivers/STM32F1xx_HAL_Driver/Src/stm32f1xx_hal_i2c.o
 .debug_macro   0x00019bc2      0x1aa ./Drivers/STM32F1xx_HAL_Driver/Src/stm32f1xx_hal_rcc.o
 .debug_macro   0x00019d6c      0x199 ./Drivers/STM32F1xx_HAL_Driver/Src/stm32f1xx_hal_uart.o

.debug_line     0x00000000     0xfe1a
 .debug_line    0x00000000      0x116 ./Core/Src/CRC16.o
 .debug_line    0x00000116      0x591 ./Core/Src/FRAME_PARSE.o
 .debug_line    0x000006a7      0x9b9 ./Core/Src/dev_act_hdl.o
 .debug_line    0x00001060      0xbd7 ./Core/Src/main.o
 .debug_line    0x00001c37      0xcde ./Core/Src/max30102.o
 .debug_line    0x00002915      0xb28 ./Core/Src/spo2_algorithm.o
 .debug_line    0x0000343d      0x7df ./Core/Src/stm32f1xx_hal_msp.o
 .debug_line    0x00003c1c      0x7f9 ./Core/Src/stm32f1xx_it.o
 .debug_line    0x00004415      0x583 ./Core/Src/sysmem.o
 .debug_line    0x00004998      0x769 ./Core/Src/system_stm32f1xx.o
 .debug_line    0x00005101       0x92 ./Core/Src/uart_imp.o
 .debug_line    0x00005193      0x797 ./Core/Src/uart_print.o
 .debug_line    0x0000592a       0x79 ./Core/Startup/startup_stm32f103rctx.o
 .debug_line    0x000059a3      0x996 ./Drivers/STM32F1xx_HAL_Driver/Src/stm32f1xx_hal.o
 .debug_line    0x00006339      0xb82 ./Drivers/STM32F1xx_HAL_Driver/Src/stm32f1xx_hal_cortex.o
 .debug_line    0x00006ebb     0x12c1 ./Drivers/STM32F1xx_HAL_Driver/Src/stm32f1xx_hal_dma.o
 .debug_line    0x0000817c      0xa57 ./Drivers/STM32F1xx_HAL_Driver/Src/stm32f1xx_hal_gpio.o
 .debug_line    0x00008bd3     0x3c33 ./Drivers/STM32F1xx_HAL_Driver/Src/stm32f1xx_hal_i2c.o
 .debug_line    0x0000c806      0xd9f ./Drivers/STM32F1xx_HAL_Driver/Src/stm32f1xx_hal_rcc.o
 .debug_line    0x0000d5a5     0x2875 ./Drivers/STM32F1xx_HAL_Driver/Src/stm32f1xx_hal_uart.o

.debug_str      0x00000000    0x93db8
 .debug_str     0x00000000     0x2e33 ./Core/Src/CRC16.o
                               0x2e61 (size before relaxing)
 .debug_str     0x00002e33     0x1082 ./Core/Src/FRAME_PARSE.o
                               0x3fe7 (size before relaxing)
 .debug_str     0x00003eb5    0x8c40e ./Core/Src/dev_act_hdl.o
                              0x905e0 (size before relaxing)
 .debug_str     0x000902c3      0xa07 ./Core/Src/main.o
                              0x91121 (size before relaxing)
 .debug_str     0x00090cca      0x8a2 ./Core/Src/max30102.o
                              0x8d48a (size before relaxing)
 .debug_str     0x0009156c      0x245 ./Core/Src/spo2_algorithm.o
                               0x7a7e (size before relaxing)
 .debug_str     0x000917b1       0xc4 ./Core/Src/stm32f1xx_hal_msp.o
                              0x8d137 (size before relaxing)
 .debug_str     0x00091875      0x11c ./Core/Src/stm32f1xx_it.o
                              0x8ca98 (size before relaxing)
 .debug_str     0x00091991      0x4dc ./Core/Src/sysmem.o
                               0x6087 (size before relaxing)
 .debug_str     0x00091e6d       0x7e ./Core/Src/system_stm32f1xx.o
                              0x8c60a (size before relaxing)
 .debug_str     0x00091eeb       0x2b ./Core/Src/uart_imp.o
                               0x2e60 (size before relaxing)
 .debug_str     0x00091f16       0x54 ./Core/Src/uart_print.o
                              0x8cbc6 (size before relaxing)
 .debug_str     0x00091f6a       0x44 ./Core/Startup/startup_stm32f103rctx.o
                                 0x92 (size before relaxing)
 .debug_str     0x00091fae      0x378 ./Drivers/STM32F1xx_HAL_Driver/Src/stm32f1xx_hal.o
                              0x8ce21 (size before relaxing)
 .debug_str     0x00092326      0x28a ./Drivers/STM32F1xx_HAL_Driver/Src/stm32f1xx_hal_cortex.o
                              0x8cd6d (size before relaxing)
 .debug_str     0x000925b0      0x235 ./Drivers/STM32F1xx_HAL_Driver/Src/stm32f1xx_hal_dma.o
                              0x8c9b3 (size before relaxing)
 .debug_str     0x000927e5      0x2c8 ./Drivers/STM32F1xx_HAL_Driver/Src/stm32f1xx_hal_gpio.o
                              0x8c990 (size before relaxing)
 .debug_str     0x00092aad      0xb4b ./Drivers/STM32F1xx_HAL_Driver/Src/stm32f1xx_hal_i2c.o
                              0x8d6d1 (size before relaxing)
 .debug_str     0x000935f8      0x209 ./Drivers/STM32F1xx_HAL_Driver/Src/stm32f1xx_hal_rcc.o
                              0x8ca39 (size before relaxing)
 .debug_str     0x00093801      0x5b7 ./Drivers/STM32F1xx_HAL_Driver/Src/stm32f1xx_hal_uart.o
                              0x8d0aa (size before relaxing)

.comment        0x00000000       0x43
 .comment       0x00000000       0x43 ./Core/Src/CRC16.o
                                 0x44 (size before relaxing)
 .comment       0x00000043       0x44 ./Core/Src/FRAME_PARSE.o
 .comment       0x00000043       0x44 ./Core/Src/dev_act_hdl.o
 .comment       0x00000043       0x44 ./Core/Src/main.o
 .comment       0x00000043       0x44 ./Core/Src/max30102.o
 .comment       0x00000043       0x44 ./Core/Src/spo2_algorithm.o
 .comment       0x00000043       0x44 ./Core/Src/stm32f1xx_hal_msp.o
 .comment       0x00000043       0x44 ./Core/Src/stm32f1xx_it.o
 .comment       0x00000043       0x44 ./Core/Src/sysmem.o
 .comment       0x00000043       0x44 ./Core/Src/system_stm32f1xx.o
 .comment       0x00000043       0x44 ./Core/Src/uart_imp.o
 .comment       0x00000043       0x44 ./Core/Src/uart_print.o
 .comment       0x00000043       0x44 ./Drivers/STM32F1xx_HAL_Driver/Src/stm32f1xx_hal.o
 .comment       0x00000043       0x44 ./Drivers/STM32F1xx_HAL_Driver/Src/stm32f1xx_hal_cortex.o
 .comment       0x00000043       0x44 ./Drivers/STM32F1xx_HAL_Driver/Src/stm32f1xx_hal_dma.o
 .comment       0x00000043       0x44 ./Drivers/STM32F1xx_HAL_Driver/Src/stm32f1xx_hal_gpio.o
 .comment       0x00000043       0x44 ./Drivers/STM32F1xx_HAL_Driver/Src/stm32f1xx_hal_i2c.o
 .comment       0x00000043       0x44 ./Drivers/STM32F1xx_HAL_Driver/Src/stm32f1xx_hal_rcc.o
 .comment       0x00000043       0x44 ./Drivers/STM32F1xx_HAL_Driver/Src/stm32f1xx_hal_uart.o

.debug_frame    0x00000000     0x33f4
 .debug_frame   0x00000000       0x60 ./Core/Src/CRC16.o
 .debug_frame   0x00000060       0xcc ./Core/Src/FRAME_PARSE.o
 .debug_frame   0x0000012c       0x68 ./Core/Src/dev_act_hdl.o
 .debug_frame   0x00000194      0x12c ./Core/Src/main.o
 .debug_frame   0x000002c0      0x47c ./Core/Src/max30102.o
 .debug_frame   0x0000073c       0xf8 ./Core/Src/spo2_algorithm.o
 .debug_frame   0x00000834       0xc8 ./Core/Src/stm32f1xx_hal_msp.o
 .debug_frame   0x000008fc      0x13c ./Core/Src/stm32f1xx_it.o
 .debug_frame   0x00000a38       0x34 ./Core/Src/sysmem.o
 .debug_frame   0x00000a6c       0x58 ./Core/Src/system_stm32f1xx.o
 .debug_frame   0x00000ac4       0x34 ./Core/Src/uart_imp.o
 .debug_frame   0x00000af8       0xdc ./Core/Src/uart_print.o
 .debug_frame   0x00000bd4      0x334 ./Drivers/STM32F1xx_HAL_Driver/Src/stm32f1xx_hal.o
 .debug_frame   0x00000f08      0x428 ./Drivers/STM32F1xx_HAL_Driver/Src/stm32f1xx_hal_cortex.o
 .debug_frame   0x00001330      0x20c ./Drivers/STM32F1xx_HAL_Driver/Src/stm32f1xx_hal_dma.o
 .debug_frame   0x0000153c      0x14c ./Drivers/STM32F1xx_HAL_Driver/Src/stm32f1xx_hal_gpio.o
 .debug_frame   0x00001688      0xc84 ./Drivers/STM32F1xx_HAL_Driver/Src/stm32f1xx_hal_i2c.o
 .debug_frame   0x0000230c      0x218 ./Drivers/STM32F1xx_HAL_Driver/Src/stm32f1xx_hal_rcc.o
 .debug_frame   0x00002524      0x944 ./Drivers/STM32F1xx_HAL_Driver/Src/stm32f1xx_hal_uart.o
 .debug_frame   0x00002e68      0x144 C:/ST/STM32CubeIDE_1.14.1/STM32CubeIDE/plugins/com.st.stm32cube.ide.mcu.externaltools.gnu-tools-for-stm32.12.3.rel1.win32_1.0.200.202406191623/tools/bin/../lib/gcc/arm-none-eabi/12.3.1/../../../../arm-none-eabi/lib/thumb/v7-m/nofp\libc_nano.a(libc_a-findfp.o)
 .debug_frame   0x00002fac       0x4c C:/ST/STM32CubeIDE_1.14.1/STM32CubeIDE/plugins/com.st.stm32cube.ide.mcu.externaltools.gnu-tools-for-stm32.12.3.rel1.win32_1.0.200.202406191623/tools/bin/../lib/gcc/arm-none-eabi/12.3.1/../../../../arm-none-eabi/lib/thumb/v7-m/nofp\libc_nano.a(libc_a-vsnprintf.o)
 .debug_frame   0x00002ff8       0x20 C:/ST/STM32CubeIDE_1.14.1/STM32CubeIDE/plugins/com.st.stm32cube.ide.mcu.externaltools.gnu-tools-for-stm32.12.3.rel1.win32_1.0.200.202406191623/tools/bin/../lib/gcc/arm-none-eabi/12.3.1/../../../../arm-none-eabi/lib/thumb/v7-m/nofp\libc_nano.a(libc_a-memset.o)
 .debug_frame   0x00003018       0x38 C:/ST/STM32CubeIDE_1.14.1/STM32CubeIDE/plugins/com.st.stm32cube.ide.mcu.externaltools.gnu-tools-for-stm32.12.3.rel1.win32_1.0.200.202406191623/tools/bin/../lib/gcc/arm-none-eabi/12.3.1/../../../../arm-none-eabi/lib/thumb/v7-m/nofp\libc_nano.a(libc_a-reent.o)
 .debug_frame   0x00003050       0x20 C:/ST/STM32CubeIDE_1.14.1/STM32CubeIDE/plugins/com.st.stm32cube.ide.mcu.externaltools.gnu-tools-for-stm32.12.3.rel1.win32_1.0.200.202406191623/tools/bin/../lib/gcc/arm-none-eabi/12.3.1/../../../../arm-none-eabi/lib/thumb/v7-m/nofp\libc_nano.a(libc_a-errno.o)
 .debug_frame   0x00003070       0x2c C:/ST/STM32CubeIDE_1.14.1/STM32CubeIDE/plugins/com.st.stm32cube.ide.mcu.externaltools.gnu-tools-for-stm32.12.3.rel1.win32_1.0.200.202406191623/tools/bin/../lib/gcc/arm-none-eabi/12.3.1/../../../../arm-none-eabi/lib/thumb/v7-m/nofp\libc_nano.a(libc_a-init.o)
 .debug_frame   0x0000309c       0xb0 C:/ST/STM32CubeIDE_1.14.1/STM32CubeIDE/plugins/com.st.stm32cube.ide.mcu.externaltools.gnu-tools-for-stm32.12.3.rel1.win32_1.0.200.202406191623/tools/bin/../lib/gcc/arm-none-eabi/12.3.1/../../../../arm-none-eabi/lib/thumb/v7-m/nofp\libc_nano.a(libc_a-lock.o)
 .debug_frame   0x0000314c       0x38 C:/ST/STM32CubeIDE_1.14.1/STM32CubeIDE/plugins/com.st.stm32cube.ide.mcu.externaltools.gnu-tools-for-stm32.12.3.rel1.win32_1.0.200.202406191623/tools/bin/../lib/gcc/arm-none-eabi/12.3.1/../../../../arm-none-eabi/lib/thumb/v7-m/nofp\libc_nano.a(libc_a-freer.o)
 .debug_frame   0x00003184       0x50 C:/ST/STM32CubeIDE_1.14.1/STM32CubeIDE/plugins/com.st.stm32cube.ide.mcu.externaltools.gnu-tools-for-stm32.12.3.rel1.win32_1.0.200.202406191623/tools/bin/../lib/gcc/arm-none-eabi/12.3.1/../../../../arm-none-eabi/lib/thumb/v7-m/nofp\libc_nano.a(libc_a-mallocr.o)
 .debug_frame   0x000031d4       0x30 C:/ST/STM32CubeIDE_1.14.1/STM32CubeIDE/plugins/com.st.stm32cube.ide.mcu.externaltools.gnu-tools-for-stm32.12.3.rel1.win32_1.0.200.202406191623/tools/bin/../lib/gcc/arm-none-eabi/12.3.1/../../../../arm-none-eabi/lib/thumb/v7-m/nofp\libc_nano.a(libc_a-mlock.o)
 .debug_frame   0x00003204       0x90 C:/ST/STM32CubeIDE_1.14.1/STM32CubeIDE/plugins/com.st.stm32cube.ide.mcu.externaltools.gnu-tools-for-stm32.12.3.rel1.win32_1.0.200.202406191623/tools/bin/../lib/gcc/arm-none-eabi/12.3.1/../../../../arm-none-eabi/lib/thumb/v7-m/nofp\libc_nano.a(libc_a-nano-svfprintf.o)
 .debug_frame   0x00003294       0x60 C:/ST/STM32CubeIDE_1.14.1/STM32CubeIDE/plugins/com.st.stm32cube.ide.mcu.externaltools.gnu-tools-for-stm32.12.3.rel1.win32_1.0.200.202406191623/tools/bin/../lib/gcc/arm-none-eabi/12.3.1/../../../../arm-none-eabi/lib/thumb/v7-m/nofp\libc_nano.a(libc_a-nano-vfprintf_i.o)
 .debug_frame   0x000032f4       0x28 C:/ST/STM32CubeIDE_1.14.1/STM32CubeIDE/plugins/com.st.stm32cube.ide.mcu.externaltools.gnu-tools-for-stm32.12.3.rel1.win32_1.0.200.202406191623/tools/bin/../lib/gcc/arm-none-eabi/12.3.1/../../../../arm-none-eabi/lib/thumb/v7-m/nofp\libc_nano.a(libc_a-memmove.o)
 .debug_frame   0x0000331c       0x2c C:/ST/STM32CubeIDE_1.14.1/STM32CubeIDE/plugins/com.st.stm32cube.ide.mcu.externaltools.gnu-tools-for-stm32.12.3.rel1.win32_1.0.200.202406191623/tools/bin/../lib/gcc/arm-none-eabi/12.3.1/../../../../arm-none-eabi/lib/thumb/v7-m/nofp\libc_nano.a(libc_a-sbrkr.o)
 .debug_frame   0x00003348       0x28 C:/ST/STM32CubeIDE_1.14.1/STM32CubeIDE/plugins/com.st.stm32cube.ide.mcu.externaltools.gnu-tools-for-stm32.12.3.rel1.win32_1.0.200.202406191623/tools/bin/../lib/gcc/arm-none-eabi/12.3.1/../../../../arm-none-eabi/lib/thumb/v7-m/nofp\libc_nano.a(libc_a-memchr-stub.o)
 .debug_frame   0x00003370       0x28 C:/ST/STM32CubeIDE_1.14.1/STM32CubeIDE/plugins/com.st.stm32cube.ide.mcu.externaltools.gnu-tools-for-stm32.12.3.rel1.win32_1.0.200.202406191623/tools/bin/../lib/gcc/arm-none-eabi/12.3.1/../../../../arm-none-eabi/lib/thumb/v7-m/nofp\libc_nano.a(libc_a-memcpy-stub.o)
 .debug_frame   0x00003398       0x3c C:/ST/STM32CubeIDE_1.14.1/STM32CubeIDE/plugins/com.st.stm32cube.ide.mcu.externaltools.gnu-tools-for-stm32.12.3.rel1.win32_1.0.200.202406191623/tools/bin/../lib/gcc/arm-none-eabi/12.3.1/../../../../arm-none-eabi/lib/thumb/v7-m/nofp\libc_nano.a(libc_a-reallocr.o)
 .debug_frame   0x000033d4       0x20 C:/ST/STM32CubeIDE_1.14.1/STM32CubeIDE/plugins/com.st.stm32cube.ide.mcu.externaltools.gnu-tools-for-stm32.12.3.rel1.win32_1.0.200.202406191623/tools/bin/../lib/gcc/arm-none-eabi/12.3.1/../../../../arm-none-eabi/lib/thumb/v7-m/nofp\libc_nano.a(libc_a-msizer.o)

.debug_line_str
                0x00000000       0x76
 .debug_line_str
                0x00000000       0x76 ./Core/Startup/startup_stm32f103rctx.o
